Archive member included to satisfy reference by file (symbol)

/usr/lib/gcc/arm-none-eabi/14.2.0/../../../../arm-none-eabi/lib/thumb/v7e-m+dp/hard/libc_nano.a(libc_a-atexit.o)
                              /usr/lib/gcc/arm-none-eabi/14.2.0/../../../../arm-none-eabi/lib/thumb/v7e-m+dp/hard/crt0.o (atexit)
/usr/lib/gcc/arm-none-eabi/14.2.0/../../../../arm-none-eabi/lib/thumb/v7e-m+dp/hard/libc_nano.a(libc_a-exit.o)
                              /usr/lib/gcc/arm-none-eabi/14.2.0/../../../../arm-none-eabi/lib/thumb/v7e-m+dp/hard/crt0.o (exit)
/usr/lib/gcc/arm-none-eabi/14.2.0/../../../../arm-none-eabi/lib/thumb/v7e-m+dp/hard/libc_nano.a(libc_a-findfp.o)
                              /usr/lib/gcc/arm-none-eabi/14.2.0/../../../../arm-none-eabi/lib/thumb/v7e-m+dp/hard/libc_nano.a(libc_a-exit.o) (__stdio_exit_handler)
/usr/lib/gcc/arm-none-eabi/14.2.0/../../../../arm-none-eabi/lib/thumb/v7e-m+dp/hard/libc_nano.a(libc_a-fwalk.o)
                              /usr/lib/gcc/arm-none-eabi/14.2.0/../../../../arm-none-eabi/lib/thumb/v7e-m+dp/hard/libc_nano.a(libc_a-findfp.o) (_fwalk_sglue)
/usr/lib/gcc/arm-none-eabi/14.2.0/../../../../arm-none-eabi/lib/thumb/v7e-m+dp/hard/libc_nano.a(libc_a-stdio.o)
                              /usr/lib/gcc/arm-none-eabi/14.2.0/../../../../arm-none-eabi/lib/thumb/v7e-m+dp/hard/libc_nano.a(libc_a-findfp.o) (__sread)
/usr/lib/gcc/arm-none-eabi/14.2.0/../../../../arm-none-eabi/lib/thumb/v7e-m+dp/hard/libc_nano.a(libc_a-memset.o)
                              /usr/lib/gcc/arm-none-eabi/14.2.0/../../../../arm-none-eabi/lib/thumb/v7e-m+dp/hard/crt0.o (memset)
/usr/lib/gcc/arm-none-eabi/14.2.0/../../../../arm-none-eabi/lib/thumb/v7e-m+dp/hard/libc_nano.a(libc_a-closer.o)
                              /usr/lib/gcc/arm-none-eabi/14.2.0/../../../../arm-none-eabi/lib/thumb/v7e-m+dp/hard/libc_nano.a(libc_a-stdio.o) (_close_r)
/usr/lib/gcc/arm-none-eabi/14.2.0/../../../../arm-none-eabi/lib/thumb/v7e-m+dp/hard/libc_nano.a(libc_a-reent.o)
                              /usr/lib/gcc/arm-none-eabi/14.2.0/../../../../arm-none-eabi/lib/thumb/v7e-m+dp/hard/libc_nano.a(libc_a-closer.o) (errno)
/usr/lib/gcc/arm-none-eabi/14.2.0/../../../../arm-none-eabi/lib/thumb/v7e-m+dp/hard/libc_nano.a(libc_a-impure.o)
                              /usr/lib/gcc/arm-none-eabi/14.2.0/../../../../arm-none-eabi/lib/thumb/v7e-m+dp/hard/libc_nano.a(libc_a-reent.o) (_impure_ptr)
/usr/lib/gcc/arm-none-eabi/14.2.0/../../../../arm-none-eabi/lib/thumb/v7e-m+dp/hard/libc_nano.a(libc_a-lseekr.o)
                              /usr/lib/gcc/arm-none-eabi/14.2.0/../../../../arm-none-eabi/lib/thumb/v7e-m+dp/hard/libc_nano.a(libc_a-stdio.o) (_lseek_r)
/usr/lib/gcc/arm-none-eabi/14.2.0/../../../../arm-none-eabi/lib/thumb/v7e-m+dp/hard/libc_nano.a(libc_a-readr.o)
                              /usr/lib/gcc/arm-none-eabi/14.2.0/../../../../arm-none-eabi/lib/thumb/v7e-m+dp/hard/libc_nano.a(libc_a-stdio.o) (_read_r)
/usr/lib/gcc/arm-none-eabi/14.2.0/../../../../arm-none-eabi/lib/thumb/v7e-m+dp/hard/libc_nano.a(libc_a-writer.o)
                              /usr/lib/gcc/arm-none-eabi/14.2.0/../../../../arm-none-eabi/lib/thumb/v7e-m+dp/hard/libc_nano.a(libc_a-stdio.o) (_write_r)
/usr/lib/gcc/arm-none-eabi/14.2.0/../../../../arm-none-eabi/lib/thumb/v7e-m+dp/hard/libc_nano.a(libc_a-errno.o)
                              ./Core/Src/syscalls.o (__errno)
/usr/lib/gcc/arm-none-eabi/14.2.0/../../../../arm-none-eabi/lib/thumb/v7e-m+dp/hard/libc_nano.a(libc_a-init.o)
                              /usr/lib/gcc/arm-none-eabi/14.2.0/../../../../arm-none-eabi/lib/thumb/v7e-m+dp/hard/crt0.o (__libc_init_array)
/usr/lib/gcc/arm-none-eabi/14.2.0/../../../../arm-none-eabi/lib/thumb/v7e-m+dp/hard/libc_nano.a(libc_a-fini.o)
                              /usr/lib/gcc/arm-none-eabi/14.2.0/../../../../arm-none-eabi/lib/thumb/v7e-m+dp/hard/crt0.o (__libc_fini_array)
/usr/lib/gcc/arm-none-eabi/14.2.0/../../../../arm-none-eabi/lib/thumb/v7e-m+dp/hard/libc_nano.a(libc_a-lock.o)
                              /usr/lib/gcc/arm-none-eabi/14.2.0/../../../../arm-none-eabi/lib/thumb/v7e-m+dp/hard/libc_nano.a(libc_a-findfp.o) (__retarget_lock_init_recursive)
/usr/lib/gcc/arm-none-eabi/14.2.0/../../../../arm-none-eabi/lib/thumb/v7e-m+dp/hard/libc_nano.a(libc_a-__atexit.o)
                              /usr/lib/gcc/arm-none-eabi/14.2.0/../../../../arm-none-eabi/lib/thumb/v7e-m+dp/hard/libc_nano.a(libc_a-atexit.o) (__register_exitproc)
/usr/lib/gcc/arm-none-eabi/14.2.0/../../../../arm-none-eabi/lib/thumb/v7e-m+dp/hard/libc_nano.a(libc_a-__call_atexit.o)
                              /usr/lib/gcc/arm-none-eabi/14.2.0/../../../../arm-none-eabi/lib/thumb/v7e-m+dp/hard/libc_nano.a(libc_a-__atexit.o) (__call_exitprocs)
/usr/lib/gcc/arm-none-eabi/14.2.0/../../../../arm-none-eabi/lib/thumb/v7e-m+dp/hard/libc_nano.a(libc_a-freer.o)
                              /usr/lib/gcc/arm-none-eabi/14.2.0/../../../../arm-none-eabi/lib/thumb/v7e-m+dp/hard/libc_nano.a(libc_a-reent.o) (_free_r)
[...]
Memory Configuration

Name             Origin             Length             Attributes
RAM              0x20000000         0x00080000         xrw
FLASH            0x08000000         0x00200000         xr
*default*        0x00000000         0xffffffff

Linker script and memory map

LOAD /usr/lib/gcc/arm-none-eabi/14.2.0/thumb/v7e-m+dp/hard/crti.o
LOAD /usr/lib/gcc/arm-none-eabi/14.2.0/thumb/v7e-m+dp/hard/crtbegin.o
LOAD /usr/lib/gcc/arm-none-eabi/14.2.0/../../../../arm-none-eabi/lib/thumb/v7e-m+dp/hard/crt0.o
LOAD ./Core/Src/dma.o
LOAD ./Core/Src/eth.o
LOAD ./Core/Src/gpio.o
LOAD ./Core/Src/main.o
LOAD ./Core/Src/quadspi.o
LOAD ./Core/Src/sdmmc.o
LOAD ./Core/Src/spi.o
LOAD ./Core/Src/stm32f7xx_hal_msp.o
LOAD ./Core/Src/stm32f7xx_it.o
LOAD ./Core/Src/syscalls.o
LOAD ./Core/Src/sysmem.o
LOAD ./Core/Src/system_stm32f7xx.o
LOAD ./Core/Src/usart.o
LOAD ./Core/Src/usb_otg.o
LOAD ./Core/Startup/startup_stm32f767zitx.o
LOAD ./Drivers/STM32F7xx_HAL_Driver/Src/stm32f7xx_hal.o
LOAD ./Drivers/STM32F7xx_HAL_Driver/Src/stm32f7xx_hal_cortex.o
LOAD ./Drivers/STM32F7xx_HAL_Driver/Src/stm32f7xx_hal_dma.o
LOAD ./Drivers/STM32F7xx_HAL_Driver/Src/stm32f7xx_hal_dma_ex.o
LOAD ./Drivers/STM32F7xx_HAL_Driver/Src/stm32f7xx_hal_eth.o
LOAD ./Drivers/STM32F7xx_HAL_Driver/Src/stm32f7xx_hal_exti.o
LOAD ./Drivers/STM32F7xx_HAL_Driver/Src/stm32f7xx_hal_flash.o
LOAD ./Drivers/STM32F7xx_HAL_Driver/Src/stm32f7xx_hal_flash_ex.o
LOAD ./Drivers/STM32F7xx_HAL_Driver/Src/stm32f7xx_hal_gpio.o
LOAD ./Drivers/STM32F7xx_HAL_Driver/Src/stm32f7xx_hal_i2c.o
LOAD ./Drivers/STM32F7xx_HAL_Driver/Src/stm32f7xx_hal_i2c_ex.o
LOAD ./Drivers/STM32F7xx_HAL_Driver/Src/stm32f7xx_hal_mmc.o
LOAD ./Drivers/STM32F7xx_HAL_Driver/Src/stm32f7xx_hal_pcd.o
LOAD ./Drivers/STM32F7xx_HAL_Driver/Src/stm32f7xx_hal_pcd_ex.o
LOAD ./Drivers/STM32F7xx_HAL_Driver/Src/stm32f7xx_hal_pwr.o
LOAD ./Drivers/STM32F7xx_HAL_Driver/Src/stm32f7xx_hal_pwr_ex.o
LOAD ./Drivers/STM32F7xx_HAL_Driver/Src/stm32f7xx_hal_qspi.o
LOAD ./Drivers/STM32F7xx_HAL_Driver/Src/stm32f7xx_hal_rcc.o
LOAD ./Drivers/STM32F7xx_HAL_Driver/Src/stm32f7xx_hal_rcc_ex.o
LOAD ./Drivers/STM32F7xx_HAL_Driver/Src/stm32f7xx_hal_sd.o
LOAD ./Drivers/STM32F7xx_HAL_Driver/Src/stm32f7xx_hal_spi.o
LOAD ./Drivers/STM32F7xx_HAL_Driver/Src/stm32f7xx_hal_spi_ex.o
LOAD ./Drivers/STM32F7xx_HAL_Driver/Src/stm32f7xx_hal_uart.o
LOAD ./Drivers/STM32F7xx_HAL_Driver/Src/stm32f7xx_hal_uart_ex.o
LOAD ./Drivers/STM32F7xx_HAL_Driver/Src/stm32f7xx_ll_sdmmc.o
LOAD ./Drivers/STM32F7xx_HAL_Driver/Src/stm32f7xx_ll_usb.o
LOAD ./FATFS/App/fatfs.o
LOAD ./FATFS/Target/bsp_driver_sd.o
LOAD ./FATFS/Target/fatfs_platform.o
LOAD ./FATFS/Target/sd_diskio.o
LOAD ./Middlewares/Third_Party/FatFs/src/diskio.o
LOAD ./Middlewares/Third_Party/FatFs/src/ff.o
LOAD ./Middlewares/Third_Party/FatFs/src/ff_gen_drv.o
LOAD ./Middlewares/Third_Party/FatFs/src/option/syscall.o
START GROUP
LOAD /usr/lib/gcc/arm-none-eabi/14.2.0/../../../../arm-none-eabi/lib/thumb/v7e-m+dp/hard/libc_nano.a
LOAD /usr/lib/gcc/arm-none-eabi/14.2.0/../../../../arm-none-eabi/lib/thumb/v7e-m+dp/hard/libm.a
END GROUP
START GROUP
LOAD /usr/lib/gcc/arm-none-eabi/14.2.0/thumb/v7e-m+dp/hard/libgcc.a
LOAD /usr/lib/gcc/arm-none-eabi/14.2.0/../../../../arm-none-eabi/lib/thumb/v7e-m+dp/hard/libc_nano.a
END GROUP
START GROUP
LOAD /usr/lib/gcc/arm-none-eabi/14.2.0/thumb/v7e-m+dp/hard/libgcc.a
LOAD /usr/lib/gcc/arm-none-eabi/14.2.0/../../../../arm-none-eabi/lib/thumb/v7e-m+dp/hard/libc_nano.a
LOAD /usr/lib/gcc/arm-none-eabi/14.2.0/../../../../arm-none-eabi/lib/thumb/v7e-m+dp/hard/libnosys.a
END GROUP
START GROUP
LOAD /usr/lib/gcc/arm-none-eabi/14.2.0/thumb/v7e-m+dp/hard/libgcc.a
LOAD /usr/lib/gcc/arm-none-eabi/14.2.0/../../../../arm-none-eabi/lib/thumb/v7e-m+dp/hard/libc_nano.a
LOAD /usr/lib/gcc/arm-none-eabi/14.2.0/../../../../arm-none-eabi/lib/thumb/v7e-m+dp/hard/libnosys.a
END GROUP
LOAD /usr/lib/gcc/arm-none-eabi/14.2.0/thumb/v7e-m+dp/hard/crtend.o
LOAD /usr/lib/gcc/arm-none-eabi/14.2.0/thumb/v7e-m+dp/hard/crtn.o
                0x20080000                        _estack = (ORIGIN (RAM) + LENGTH (RAM))
                0x00000400                        _Min_Heap_Size = 0x400
                0x00000800                        _Min_Stack_Size = 0x800

.isr_vector     0x08000000      0x1f8
                0x08000000                        . = ALIGN (0x4)
 *(.isr_vector)
 .isr_vector    0x08000000      0x1f8 ./Core/Startup/startup_stm32f767zitx.o
                0x08000000                g_pfnVectors
                0x080001f8                        . = ALIGN (0x4)

.text           0x080001f8     0x8140
                0x080001f8                        . = ALIGN (0x4)
 *(.text)
 .text          0x080001f8       0x30 /usr/lib/gcc/arm-none-eabi/14.2.0/thumb/v7e-m+dp/hard/libgcc.a(_aeabi_uldivmod.o)
                0x080001f8                __aeabi_uldivmod
 .text          0x08000228        0x4 /usr/lib/gcc/arm-none-eabi/14.2.0/thumb/v7e-m+dp/hard/libgcc.a(_dvmd_tls.o)
                0x08000228                __aeabi_ldiv0
                0x08000228                __aeabi_idiv0
 *(.text*)
 .text.__do_global_dtors_aux
                0x0800022c       0x24 /usr/lib/gcc/arm-none-eabi/14.2.0/thumb/v7e-m+dp/hard/crtbegin.o
 .text.frame_dummy
                0x08000250       0x1c /usr/lib/gcc/arm-none-eabi/14.2.0/thumb/v7e-m+dp/hard/crtbegin.o
 .text.MX_DMA_Init
                0x0800026c       0x4c ./Core/Src/dma.o
                0x0800026c                MX_DMA_Init
 .text.MX_ETH_Init
                0x080002b8       0x9c ./Core/Src/eth.o
                0x080002b8                MX_ETH_Init
 .text.HAL_ETH_MspInit
                0x08000354      0x170 ./Core/Src/eth.o
                0x08000354                HAL_ETH_MspInit
 .text.MX_GPIO_Init
                0x080004c4      0x184 ./Core/Src/gpio.o
                0x080004c4                MX_GPIO_Init
 .text.main     0x08000648       0xe0 ./Core/Src/main.o
                0x08000648                main
 .text.SystemClock_Config
                0x08000728       0xe0 ./Core/Src/main.o
                0x08000728                SystemClock_Config
 .text.Error_Handler
                0x08000808        0xc ./Core/Src/main.o
                0x08000808                Error_Handler
 .text.MX_QUADSPI_Init
                0x08000814       0x5c ./Core/Src/quadspi.o
                0x08000814                MX_QUADSPI_Init
 .text.HAL_QSPI_MspInit
                0x08000870      0x130 ./Core/Src/quadspi.o
                0x08000870                HAL_QSPI_MspInit
 .text.QSPI_ConfigureMemoryMapped
                0x080009a0       0x5c ./Core/Src/quadspi.o
                0x080009a0                QSPI_ConfigureMemoryMapped
 .text.MX_SDMMC1_SD_Init
                0x080009fc       0x40 ./Core/Src/sdmmc.o
                0x080009fc                MX_SDMMC1_SD_Init
 .text.HAL_SD_MspInit
                0x08000a3c      0x248 ./Core/Src/sdmmc.o
                0x08000a3c                HAL_SD_MspInit
 .text.WriteBitStream
                0x08000c84       0x78 ./Core/Src/spi.o
                0x08000c84                WriteBitStream
 .text.MX_SPI3_Init
                0x08000cfc       0x7c ./Core/Src/spi.o
                0x08000cfc                MX_SPI3_Init
 .text.HAL_SPI_MspInit
                0x08000d78       0x88 ./Core/Src/spi.o
                0x08000d78                HAL_SPI_MspInit
 .text.SSHigh   0x08000e00       0x18 ./Core/Src/spi.o
                0x08000e00                SSHigh
 .text.SSLow    0x08000e18       0x18 ./Core/Src/spi.o
                0x08000e18                SSLow
 .text.FPGARstHigh
                0x08000e30       0x18 ./Core/Src/spi.o
                0x08000e30                FPGARstHigh
 .text.FPGARstLow
                0x08000e48       0x18 ./Core/Src/spi.o
                0x08000e48                FPGARstLow
 .text.HAL_MspInit
                0x08000e60       0x48 ./Core/Src/stm32f7xx_hal_msp.o
                0x08000e60                HAL_MspInit
 .text.NMI_Handler
                0x08000ea8        0x8 ./Core/Src/stm32f7xx_it.o
                0x08000ea8                NMI_Handler
 .text.HardFault_Handler
                0x08000eb0        0x8 ./Core/Src/stm32f7xx_it.o
                0x08000eb0                HardFault_Handler
 .text.MemManage_Handler
                0x08000eb8        0x8 ./Core/Src/stm32f7xx_it.o
                0x08000eb8                MemManage_Handler
 .text.BusFault_Handler
                0x08000ec0        0x8 ./Core/Src/stm32f7xx_it.o
                0x08000ec0                BusFault_Handler
 .text.UsageFault_Handler
                0x08000ec8        0x8 ./Core/Src/stm32f7xx_it.o
                0x08000ec8                UsageFault_Handler
 .text.SVC_Handler
                0x08000ed0        0xe ./Core/Src/stm32f7xx_it.o
                0x08000ed0                SVC_Handler
 .text.DebugMon_Handler
                0x08000ede        0xe ./Core/Src/stm32f7xx_it.o
                0x08000ede                DebugMon_Handler
 .text.PendSV_Handler
                0x08000eec        0xe ./Core/Src/stm32f7xx_it.o
                0x08000eec                PendSV_Handler
 .text.SysTick_Handler
                0x08000efa        0xc ./Core/Src/stm32f7xx_it.o
                0x08000efa                SysTick_Handler
 *fill*         0x08000f06        0x2 
 .text.SDMMC1_IRQHandler
                0x08000f08       0x14 ./Core/Src/stm32f7xx_it.o
                0x08000f08                SDMMC1_IRQHandler
 .text.DMA2_Stream3_IRQHandler
                0x08000f1c       0x14 ./Core/Src/stm32f7xx_it.o
                0x08000f1c                DMA2_Stream3_IRQHandler
 .text.DMA2_Stream6_IRQHandler
                0x08000f30       0x14 ./Core/Src/stm32f7xx_it.o
                0x08000f30                DMA2_Stream6_IRQHandler
 .text.QUADSPI_IRQHandler
                0x08000f44       0x14 ./Core/Src/stm32f7xx_it.o
                0x08000f44                QUADSPI_IRQHandler
 .text.SystemInit
                0x08000f58       0x24 ./Core/Src/system_stm32f7xx.o
                0x08000f58                SystemInit
 .text.MX_USART3_UART_Init
                0x08000f7c       0x60 ./Core/Src/usart.o
                0x08000f7c                MX_USART3_UART_Init
 .text.HAL_UART_MspInit
                0x08000fdc       0xc0 ./Core/Src/usart.o
                0x08000fdc                HAL_UART_MspInit
 .text.MX_USB_OTG_FS_PCD_Init
                0x0800109c       0x5c ./Core/Src/usb_otg.o
                0x0800109c                MX_USB_OTG_FS_PCD_Init
 .text.HAL_PCD_MspInit
                0x080010f8       0xf4 ./Core/Src/usb_otg.o
                0x080010f8                HAL_PCD_MspInit
 .text.Reset_Handler
                0x080011ec       0x50 ./Core/Startup/startup_stm32f767zitx.o
                0x080011ec                Reset_Handler
 .text.Default_Handler
                0x0800123c        0x2 ./Core/Startup/startup_stm32f767zitx.o
                0x0800123c                RTC_Alarm_IRQHandler
                0x0800123c                EXTI2_IRQHandler
                0x0800123c                TIM8_CC_IRQHandler
                0x0800123c                UART8_IRQHandler
                0x0800123c                SPI4_IRQHandler
                0x0800123c                TIM1_CC_IRQHandler
                0x0800123c                DMA2_Stream5_IRQHandler
                0x0800123c                JPEG_IRQHandler
                0x0800123c                DMA1_Stream5_IRQHandler
                0x0800123c                CAN3_RX1_IRQHandler
                0x0800123c                PVD_IRQHandler
                0x0800123c                TAMP_STAMP_IRQHandler
                0x0800123c                CAN2_RX1_IRQHandler
                0x0800123c                EXTI3_IRQHandler
                0x0800123c                TIM8_TRG_COM_TIM14_IRQHandler
                0x0800123c                DFSDM1_FLT1_IRQHandler
                0x0800123c                TIM1_UP_TIM10_IRQHandler
                0x0800123c                TIM8_UP_TIM13_IRQHandler
                0x0800123c                I2C3_ER_IRQHandler
                0x0800123c                DFSDM1_FLT2_IRQHandler
                0x0800123c                EXTI0_IRQHandler
                0x0800123c                I2C2_EV_IRQHandler
                0x0800123c                DMA1_Stream2_IRQHandler
                0x0800123c                CAN1_RX0_IRQHandler
                0x0800123c                FPU_IRQHandler
                0x0800123c                OTG_HS_WKUP_IRQHandler
                0x0800123c                CAN3_SCE_IRQHandler
                0x0800123c                LTDC_ER_IRQHandler
                0x0800123c                CAN2_SCE_IRQHandler
                0x0800123c                DMA2_Stream2_IRQHandler
                0x0800123c                SPI1_IRQHandler
                0x0800123c                TIM6_DAC_IRQHandler
                0x0800123c                TIM1_BRK_TIM9_IRQHandler
                0x0800123c                DCMI_IRQHandler
                0x0800123c                CAN2_RX0_IRQHandler
                0x0800123c                SAI2_IRQHandler
                0x0800123c                DFSDM1_FLT3_IRQHandler
                0x0800123c                USART6_IRQHandler
                0x0800123c                CAN3_RX0_IRQHandler
                0x0800123c                USART3_IRQHandler
                0x0800123c                CAN1_RX1_IRQHandler
                0x0800123c                UART5_IRQHandler
                0x0800123c                DMA2_Stream0_IRQHandler
                0x0800123c                TIM4_IRQHandler
                0x0800123c                I2C1_EV_IRQHandler
                0x0800123c                DMA1_Stream6_IRQHandler
                0x0800123c                DMA1_Stream1_IRQHandler
                0x0800123c                UART4_IRQHandler
                0x0800123c                TIM3_IRQHandler
                0x0800123c                RCC_IRQHandler
                0x0800123c                TIM8_BRK_TIM12_IRQHandler
                0x0800123c                Default_Handler
                0x0800123c                CEC_IRQHandler
                0x0800123c                EXTI15_10_IRQHandler
                0x0800123c                ADC_IRQHandler
                0x0800123c                DMA1_Stream7_IRQHandler
                0x0800123c                SPI5_IRQHandler
                0x0800123c                TIM7_IRQHandler
                0x0800123c                CAN2_TX_IRQHandler
                0x0800123c                TIM5_IRQHandler
                0x0800123c                DMA2_Stream7_IRQHandler
                0x0800123c                I2C3_EV_IRQHandler
                0x0800123c                EXTI9_5_IRQHandler
                0x0800123c                RTC_WKUP_IRQHandler
                0x0800123c                LTDC_IRQHandler
                0x0800123c                ETH_WKUP_IRQHandler
                0x0800123c                SPDIF_RX_IRQHandler
                0x0800123c                SPI2_IRQHandler
                0x0800123c                OTG_HS_EP1_IN_IRQHandler
                0x0800123c                DMA1_Stream0_IRQHandler
                0x0800123c                CAN1_TX_IRQHandler
                0x0800123c                EXTI4_IRQHandler
                0x0800123c                RNG_IRQHandler
                0x0800123c                ETH_IRQHandler
                0x0800123c                OTG_HS_EP1_OUT_IRQHandler
                0x0800123c                WWDG_IRQHandler
                0x0800123c                SPI6_IRQHandler
                0x0800123c                MDIOS_IRQHandler
                0x0800123c                I2C4_EV_IRQHandler
                0x0800123c                CAN3_TX_IRQHandler
                0x0800123c                TIM2_IRQHandler
                0x0800123c                OTG_FS_WKUP_IRQHandler
                0x0800123c                TIM1_TRG_COM_TIM11_IRQHandler
                0x0800123c                OTG_HS_IRQHandler
                0x0800123c                DMA2D_IRQHandler
                0x0800123c                EXTI1_IRQHandler
                0x0800123c                SDMMC2_IRQHandler
                0x0800123c                UART7_IRQHandler
                0x0800123c                USART2_IRQHandler
                0x0800123c                DFSDM1_FLT0_IRQHandler
                0x0800123c                I2C2_ER_IRQHandler
                0x0800123c                DMA2_Stream1_IRQHandler
                0x0800123c                CAN1_SCE_IRQHandler
                0x0800123c                FLASH_IRQHandler
                0x0800123c                DMA2_Stream4_IRQHandler
                0x0800123c                USART1_IRQHandler
                0x0800123c                OTG_FS_IRQHandler
                0x0800123c                SPI3_IRQHandler
                0x0800123c                DMA1_Stream4_IRQHandler
                0x0800123c                I2C1_ER_IRQHandler
                0x0800123c                FMC_IRQHandler
                0x0800123c                LPTIM1_IRQHandler
                0x0800123c                I2C4_ER_IRQHandler
                0x0800123c                SAI1_IRQHandler
                0x0800123c                DMA1_Stream3_IRQHandler
 .text.HAL_Init
                0x0800123e       0x1a ./Drivers/STM32F7xx_HAL_Driver/Src/stm32f7xx_hal.o
                0x0800123e                HAL_Init
 .text.HAL_InitTick
                0x08001258       0x60 ./Drivers/STM32F7xx_HAL_Driver/Src/stm32f7xx_hal.o
                0x08001258                HAL_InitTick
 .text.HAL_IncTick
                0x080012b8       0x28 ./Drivers/STM32F7xx_HAL_Driver/Src/stm32f7xx_hal.o
                0x080012b8                HAL_IncTick
 .text.HAL_GetTick
                0x080012e0       0x18 ./Drivers/STM32F7xx_HAL_Driver/Src/stm32f7xx_hal.o
                0x080012e0                HAL_GetTick
 .text.HAL_Delay
                0x080012f8       0x48 ./Drivers/STM32F7xx_HAL_Driver/Src/stm32f7xx_hal.o
                0x080012f8                HAL_Delay
 .text.__NVIC_SetPriorityGrouping
                0x08001340       0x48 ./Drivers/STM32F7xx_HAL_Driver/Src/stm32f7xx_hal_cortex.o
 .text.__NVIC_GetPriorityGrouping
                0x08001388       0x1c ./Drivers/STM32F7xx_HAL_Driver/Src/stm32f7xx_hal_cortex.o
 .text.__NVIC_EnableIRQ
                0x080013a4       0x3c ./Drivers/STM32F7xx_HAL_Driver/Src/stm32f7xx_hal_cortex.o
 .text.__NVIC_SetPriority
                0x080013e0       0x54 ./Drivers/STM32F7xx_HAL_Driver/Src/stm32f7xx_hal_cortex.o
 .text.NVIC_EncodePriority
                0x08001434       0x66 ./Drivers/STM32F7xx_HAL_Driver/Src/stm32f7xx_hal_cortex.o
 *fill*         0x0800149a        0x2 
 .text.SysTick_Config
                0x0800149c       0x44 ./Drivers/STM32F7xx_HAL_Driver/Src/stm32f7xx_hal_cortex.o
 .text.HAL_NVIC_SetPriorityGrouping
                0x080014e0       0x16 ./Drivers/STM32F7xx_HAL_Driver/Src/stm32f7xx_hal_cortex.o
                0x080014e0                HAL_NVIC_SetPriorityGrouping
 .text.HAL_NVIC_SetPriority
                0x080014f6       0x38 ./Drivers/STM32F7xx_HAL_Driver/Src/stm32f7xx_hal_cortex.o
                0x080014f6                HAL_NVIC_SetPriority
 .text.HAL_NVIC_EnableIRQ
                0x0800152e       0x1c ./Drivers/STM32F7xx_HAL_Driver/Src/stm32f7xx_hal_cortex.o
                0x0800152e                HAL_NVIC_EnableIRQ
 .text.HAL_SYSTICK_Config
                0x0800154a       0x18 ./Drivers/STM32F7xx_HAL_Driver/Src/stm32f7xx_hal_cortex.o
                0x0800154a                HAL_SYSTICK_Config
 *fill*         0x08001562        0x2 
 .text.HAL_DMA_Init
                0x08001564      0x15c ./Drivers/STM32F7xx_HAL_Driver/Src/stm32f7xx_hal_dma.o
                0x08001564                HAL_DMA_Init
 .text.HAL_DMA_Start_IT
                0x080016c0       0xc0 ./Drivers/STM32F7xx_HAL_Driver/Src/stm32f7xx_hal_dma.o
                0x080016c0                HAL_DMA_Start_IT
 .text.HAL_DMA_Abort_IT
                0x08001780       0x44 ./Drivers/STM32F7xx_HAL_Driver/Src/stm32f7xx_hal_dma.o
                0x08001780                HAL_DMA_Abort_IT
 .text.HAL_DMA_IRQHandler
                0x080017c4      0x314 ./Drivers/STM32F7xx_HAL_Driver/Src/stm32f7xx_hal_dma.o
                0x080017c4                HAL_DMA_IRQHandler
 .text.HAL_DMA_GetError
                0x08001ad8       0x18 ./Drivers/STM32F7xx_HAL_Driver/Src/stm32f7xx_hal_dma.o
                0x08001ad8                HAL_DMA_GetError
 .text.DMA_SetConfig
                0x08001af0       0x5c ./Drivers/STM32F7xx_HAL_Driver/Src/stm32f7xx_hal_dma.o
 .text.DMA_CalcBaseAndBitshift
                0x08001b4c       0x6c ./Drivers/STM32F7xx_HAL_Driver/Src/stm32f7xx_hal_dma.o
 .text.DMA_CheckFifoParam
                0x08001bb8       0xf8 ./Drivers/STM32F7xx_HAL_Driver/Src/stm32f7xx_hal_dma.o
 .text.HAL_ETH_Init
                0x08001cb0      0x134 ./Drivers/STM32F7xx_HAL_Driver/Src/stm32f7xx_hal_eth.o
                0x08001cb0                HAL_ETH_Init
 .text.ETH_SetMACConfig
                0x08001de4      0x168 ./Drivers/STM32F7xx_HAL_Driver/Src/stm32f7xx_hal_eth.o
 .text.ETH_SetDMAConfig
                0x08001f4c      0x114 ./Drivers/STM32F7xx_HAL_Driver/Src/stm32f7xx_hal_eth.o
 .text.ETH_MACDMAConfig
                0x08002060       0xea ./Drivers/STM32F7xx_HAL_Driver/Src/stm32f7xx_hal_eth.o
 *fill*         0x0800214a        0x2 
 .text.ETH_MACAddressConfig
                0x0800214c       0x70 ./Drivers/STM32F7xx_HAL_Driver/Src/stm32f7xx_hal_eth.o
 .text.ETH_DMATxDescListInit
                0x080021bc       0xb2 ./Drivers/STM32F7xx_HAL_Driver/Src/stm32f7xx_hal_eth.o
 .text.ETH_DMARxDescListInit
                0x0800226e       0xde ./Drivers/STM32F7xx_HAL_Driver/Src/stm32f7xx_hal_eth.o
 .text.HAL_GPIO_Init
                0x0800234c      0x358 ./Drivers/STM32F7xx_HAL_Driver/Src/stm32f7xx_hal_gpio.o
                0x0800234c                HAL_GPIO_Init
 .text.HAL_GPIO_ReadPin
                0x080026a4       0x30 ./Drivers/STM32F7xx_HAL_Driver/Src/stm32f7xx_hal_gpio.o
                0x080026a4                HAL_GPIO_ReadPin
 .text.HAL_GPIO_WritePin
                0x080026d4       0x32 ./Drivers/STM32F7xx_HAL_Driver/Src/stm32f7xx_hal_gpio.o
                0x080026d4                HAL_GPIO_WritePin
 .text.HAL_PCD_Init
                0x08002706      0x22c ./Drivers/STM32F7xx_HAL_Driver/Src/stm32f7xx_hal_pcd.o
                0x08002706                HAL_PCD_Init
 *fill*         0x08002932        0x2 
 .text.HAL_PCDEx_ActivateLPM
                0x08002934       0x48 ./Drivers/STM32F7xx_HAL_Driver/Src/stm32f7xx_hal_pcd_ex.o
                0x08002934                HAL_PCDEx_ActivateLPM
 .text.HAL_PWR_EnableBkUpAccess
                0x0800297c       0x20 ./Drivers/STM32F7xx_HAL_Driver/Src/stm32f7xx_hal_pwr.o
                0x0800297c                HAL_PWR_EnableBkUpAccess
 .text.HAL_PWREx_EnableOverDrive
                0x0800299c       0xa0 ./Drivers/STM32F7xx_HAL_Driver/Src/stm32f7xx_hal_pwr_ex.o
                0x0800299c                HAL_PWREx_EnableOverDrive
 .text.HAL_QSPI_Init
                0x08002a3c       0xf8 ./Drivers/STM32F7xx_HAL_Driver/Src/stm32f7xx_hal_qspi.o
                0x08002a3c                HAL_QSPI_Init
 .text.HAL_QSPI_IRQHandler
                0x08002b34      0x374 ./Drivers/STM32F7xx_HAL_Driver/Src/stm32f7xx_hal_qspi.o
                0x08002b34                HAL_QSPI_IRQHandler
 .text.HAL_QSPI_MemoryMapped
                0x08002ea8       0xc4 ./Drivers/STM32F7xx_HAL_Driver/Src/stm32f7xx_hal_qspi.o
                0x08002ea8                HAL_QSPI_MemoryMapped
 .text.HAL_QSPI_ErrorCallback
                0x08002f6c       0x14 ./Drivers/STM32F7xx_HAL_Driver/Src/stm32f7xx_hal_qspi.o
                0x08002f6c                HAL_QSPI_ErrorCallback
 .text.HAL_QSPI_AbortCpltCallback
                0x08002f80       0x14 ./Drivers/STM32F7xx_HAL_Driver/Src/stm32f7xx_hal_qspi.o
                0x08002f80                HAL_QSPI_AbortCpltCallback
 .text.HAL_QSPI_CmdCpltCallback
                0x08002f94       0x14 ./Drivers/STM32F7xx_HAL_Driver/Src/stm32f7xx_hal_qspi.o
                0x08002f94                HAL_QSPI_CmdCpltCallback
 .text.HAL_QSPI_RxCpltCallback
                0x08002fa8       0x14 ./Drivers/STM32F7xx_HAL_Driver/Src/stm32f7xx_hal_qspi.o
                0x08002fa8                HAL_QSPI_RxCpltCallback
 .text.HAL_QSPI_TxCpltCallback
                0x08002fbc       0x14 ./Drivers/STM32F7xx_HAL_Driver/Src/stm32f7xx_hal_qspi.o
                0x08002fbc                HAL_QSPI_TxCpltCallback
 .text.HAL_QSPI_FifoThresholdCallback
                0x08002fd0       0x14 ./Drivers/STM32F7xx_HAL_Driver/Src/stm32f7xx_hal_qspi.o
                0x08002fd0                HAL_QSPI_FifoThresholdCallback
 .text.HAL_QSPI_StatusMatchCallback
                0x08002fe4       0x14 ./Drivers/STM32F7xx_HAL_Driver/Src/stm32f7xx_hal_qspi.o
                0x08002fe4                HAL_QSPI_StatusMatchCallback
 .text.HAL_QSPI_TimeOutCallback
                0x08002ff8       0x14 ./Drivers/STM32F7xx_HAL_Driver/Src/stm32f7xx_hal_qspi.o
                0x08002ff8                HAL_QSPI_TimeOutCallback
 .text.HAL_QSPI_SetTimeout
                0x0800300c       0x1c ./Drivers/STM32F7xx_HAL_Driver/Src/stm32f7xx_hal_qspi.o
                0x0800300c                HAL_QSPI_SetTimeout
 .text.QSPI_DMAAbortCplt
                0x08003028       0x66 ./Drivers/STM32F7xx_HAL_Driver/Src/stm32f7xx_hal_qspi.o
 .text.QSPI_WaitFlagStateUntilTimeout
                0x0800308e       0x6e ./Drivers/STM32F7xx_HAL_Driver/Src/stm32f7xx_hal_qspi.o
 .text.QSPI_Config
                0x080030fc      0x32e ./Drivers/STM32F7xx_HAL_Driver/Src/stm32f7xx_hal_qspi.o
 *fill*         0x0800342a        0x2 
 .text.HAL_RCC_OscConfig
                0x0800342c      0x55c ./Drivers/STM32F7xx_HAL_Driver/Src/stm32f7xx_hal_rcc.o
                0x0800342c                HAL_RCC_OscConfig
 .text.HAL_RCC_ClockConfig
                0x08003988      0x1d8 ./Drivers/STM32F7xx_HAL_Driver/Src/stm32f7xx_hal_rcc.o
                0x08003988                HAL_RCC_ClockConfig
 .text.HAL_RCC_GetSysClockFreq
                0x08003b60      0x20c ./Drivers/STM32F7xx_HAL_Driver/Src/stm32f7xx_hal_rcc.o
                0x08003b60                HAL_RCC_GetSysClockFreq
 .text.HAL_RCC_GetHCLKFreq
                0x08003d6c       0x18 ./Drivers/STM32F7xx_HAL_Driver/Src/stm32f7xx_hal_rcc.o
                0x08003d6c                HAL_RCC_GetHCLKFreq
 .text.HAL_RCC_GetPCLK1Freq
                0x08003d84       0x28 ./Drivers/STM32F7xx_HAL_Driver/Src/stm32f7xx_hal_rcc.o
                0x08003d84                HAL_RCC_GetPCLK1Freq
 .text.HAL_RCC_GetPCLK2Freq
                0x08003dac       0x28 ./Drivers/STM32F7xx_HAL_Driver/Src/stm32f7xx_hal_rcc.o
                0x08003dac                HAL_RCC_GetPCLK2Freq
 .text.HAL_RCCEx_PeriphCLKConfig
                0x08003dd4      0x850 ./Drivers/STM32F7xx_HAL_Driver/Src/stm32f7xx_hal_rcc_ex.o
                0x08003dd4                HAL_RCCEx_PeriphCLKConfig
 .text.HAL_SD_Init
                0x08004624       0x60 ./Drivers/STM32F7xx_HAL_Driver/Src/stm32f7xx_hal_sd.o
                0x08004624                HAL_SD_Init
 .text.HAL_SD_InitCard
                0x08004684      0x100 ./Drivers/STM32F7xx_HAL_Driver/Src/stm32f7xx_hal_sd.o
                0x08004684                HAL_SD_InitCard
 .text.HAL_SD_ReadBlocks_DMA
                0x08004784      0x1c4 ./Drivers/STM32F7xx_HAL_Driver/Src/stm32f7xx_hal_sd.o
                0x08004784                HAL_SD_ReadBlocks_DMA
 .text.HAL_SD_WriteBlocks_DMA
                0x08004948      0x1cc ./Drivers/STM32F7xx_HAL_Driver/Src/stm32f7xx_hal_sd.o
                0x08004948                HAL_SD_WriteBlocks_DMA
 .text.HAL_SD_IRQHandler
                0x08004b14      0x2ec ./Drivers/STM32F7xx_HAL_Driver/Src/stm32f7xx_hal_sd.o
                0x08004b14                HAL_SD_IRQHandler
 .text.HAL_SD_ErrorCallback
                0x08004e00       0x14 ./Drivers/STM32F7xx_HAL_Driver/Src/stm32f7xx_hal_sd.o
                0x08004e00                HAL_SD_ErrorCallback
 .text.HAL_SD_GetCardCSD
                0x08004e14      0x348 ./Drivers/STM32F7xx_HAL_Driver/Src/stm32f7xx_hal_sd.o
                0x08004e14                HAL_SD_GetCardCSD
 .text.HAL_SD_GetCardInfo
                0x0800515c       0x58 ./Drivers/STM32F7xx_HAL_Driver/Src/stm32f7xx_hal_sd.o
                0x0800515c                HAL_SD_GetCardInfo
 .text.HAL_SD_GetCardState
                0x080051b4       0x40 ./Drivers/STM32F7xx_HAL_Driver/Src/stm32f7xx_hal_sd.o
                0x080051b4                HAL_SD_GetCardState
 .text.SD_DMATransmitCplt
                0x080051f4       0x2a ./Drivers/STM32F7xx_HAL_Driver/Src/stm32f7xx_hal_sd.o
 .text.SD_DMAReceiveCplt
                0x0800521e       0x70 ./Drivers/STM32F7xx_HAL_Driver/Src/stm32f7xx_hal_sd.o
 *fill*         0x0800528e        0x2 
 .text.SD_DMAError
                0x08005290       0xa4 ./Drivers/STM32F7xx_HAL_Driver/Src/stm32f7xx_hal_sd.o
 .text.SD_DMATxAbort
                0x08005334       0x6e ./Drivers/STM32F7xx_HAL_Driver/Src/stm32f7xx_hal_sd.o
 .text.SD_DMARxAbort
                0x080053a2       0x6e ./Drivers/STM32F7xx_HAL_Driver/Src/stm32f7xx_hal_sd.o
 .text.SD_InitCard
                0x08005410      0x19c ./Drivers/STM32F7xx_HAL_Driver/Src/stm32f7xx_hal_sd.o
 .text.SD_PowerON
                0x080055ac      0x11c ./Drivers/STM32F7xx_HAL_Driver/Src/stm32f7xx_hal_sd.o
 .text.SD_SendStatus
                0x080056c8       0x50 ./Drivers/STM32F7xx_HAL_Driver/Src/stm32f7xx_hal_sd.o
 .text.SD_Read_IT
                0x08005718       0xa2 ./Drivers/STM32F7xx_HAL_Driver/Src/stm32f7xx_hal_sd.o
 .text.SD_Write_IT
                0x080057ba       0xaa ./Drivers/STM32F7xx_HAL_Driver/Src/stm32f7xx_hal_sd.o
 .text.HAL_SPI_Init
                0x08005864      0x156 ./Drivers/STM32F7xx_HAL_Driver/Src/stm32f7xx_hal_spi.o
                0x08005864                HAL_SPI_Init
 .text.HAL_SPI_Transmit
                0x080059ba      0x2ec ./Drivers/STM32F7xx_HAL_Driver/Src/stm32f7xx_hal_spi.o
                0x080059ba                HAL_SPI_Transmit
 *fill*         0x08005ca6        0x2 
 .text.SPI_WaitFlagStateUntilTimeout
                0x08005ca8      0x110 ./Drivers/STM32F7xx_HAL_Driver/Src/stm32f7xx_hal_spi.o
 .text.SPI_WaitFifoStateUntilTimeout
                0x08005db8      0x12c ./Drivers/STM32F7xx_HAL_Driver/Src/stm32f7xx_hal_spi.o
 .text.SPI_EndRxTxTransaction
                0x08005ee4       0xd4 ./Drivers/STM32F7xx_HAL_Driver/Src/stm32f7xx_hal_spi.o
 .text.HAL_UART_Init
                0x08005fb8       0x9c ./Drivers/STM32F7xx_HAL_Driver/Src/stm32f7xx_hal_uart.o
                0x08005fb8                HAL_UART_Init
 .text.HAL_UART_Transmit
                0x08006054      0x112 ./Drivers/STM32F7xx_HAL_Driver/Src/stm32f7xx_hal_uart.o
                0x08006054                HAL_UART_Transmit
 *fill*         0x08006166        0x2 
 .text.UART_SetConfig
                0x08006168      0x4c8 ./Drivers/STM32F7xx_HAL_Driver/Src/stm32f7xx_hal_uart.o
                0x08006168                UART_SetConfig
 .text.UART_AdvFeatureConfig
                0x08006630      0x144 ./Drivers/STM32F7xx_HAL_Driver/Src/stm32f7xx_hal_uart.o
                0x08006630                UART_AdvFeatureConfig
 .text.UART_CheckIdleState
                0x08006774      0x150 ./Drivers/STM32F7xx_HAL_Driver/Src/stm32f7xx_hal_uart.o
                0x08006774                UART_CheckIdleState
 .text.UART_WaitOnFlagUntilTimeout
                0x080068c4       0xda ./Drivers/STM32F7xx_HAL_Driver/Src/stm32f7xx_hal_uart.o
                0x080068c4                UART_WaitOnFlagUntilTimeout
 .text.UART_EndRxTransfer
                0x0800699e       0xc8 ./Drivers/STM32F7xx_HAL_Driver/Src/stm32f7xx_hal_uart.o
 *fill*         0x08006a66        0x2 
 .text.SDMMC_Init
                0x08006a68       0x58 ./Drivers/STM32F7xx_HAL_Driver/Src/stm32f7xx_ll_sdmmc.o
                0x08006a68                SDMMC_Init
 .text.SDMMC_ReadFIFO
                0x08006ac0       0x1a ./Drivers/STM32F7xx_HAL_Driver/Src/stm32f7xx_ll_sdmmc.o
                0x08006ac0                SDMMC_ReadFIFO
 .text.SDMMC_WriteFIFO
                0x08006ada       0x22 ./Drivers/STM32F7xx_HAL_Driver/Src/stm32f7xx_ll_sdmmc.o
                0x08006ada                SDMMC_WriteFIFO
 .text.SDMMC_PowerState_ON
                0x08006afc       0x1c ./Drivers/STM32F7xx_HAL_Driver/Src/stm32f7xx_ll_sdmmc.o
                0x08006afc                SDMMC_PowerState_ON
 .text.SDMMC_GetPowerState
                0x08006b18       0x1c ./Drivers/STM32F7xx_HAL_Driver/Src/stm32f7xx_ll_sdmmc.o
                0x08006b18                SDMMC_GetPowerState
 .text.SDMMC_SendCommand
                0x08006b34       0x54 ./Drivers/STM32F7xx_HAL_Driver/Src/stm32f7xx_ll_sdmmc.o
                0x08006b34                SDMMC_SendCommand
 .text.SDMMC_GetCommandResponse
                0x08006b88       0x1a ./Drivers/STM32F7xx_HAL_Driver/Src/stm32f7xx_ll_sdmmc.o
                0x08006b88                SDMMC_GetCommandResponse
 .text.SDMMC_GetResponse
                0x08006ba2       0x26 ./Drivers/STM32F7xx_HAL_Driver/Src/stm32f7xx_ll_sdmmc.o
                0x08006ba2                SDMMC_GetResponse
 .text.SDMMC_ConfigData
                0x08006bc8       0x58 ./Drivers/STM32F7xx_HAL_Driver/Src/stm32f7xx_ll_sdmmc.o
                0x08006bc8                SDMMC_ConfigData
 .text.SDMMC_CmdBlockLength
                0x08006c20       0x44 ./Drivers/STM32F7xx_HAL_Driver/Src/stm32f7xx_ll_sdmmc.o
                0x08006c20                SDMMC_CmdBlockLength
 .text.SDMMC_CmdReadSingleBlock
                0x08006c64       0x44 ./Drivers/STM32F7xx_HAL_Driver/Src/stm32f7xx_ll_sdmmc.o
                0x08006c64                SDMMC_CmdReadSingleBlock
 .text.SDMMC_CmdReadMultiBlock
                0x08006ca8       0x44 ./Drivers/STM32F7xx_HAL_Driver/Src/stm32f7xx_ll_sdmmc.o
                0x08006ca8                SDMMC_CmdReadMultiBlock
 .text.SDMMC_CmdWriteSingleBlock
                0x08006cec       0x44 ./Drivers/STM32F7xx_HAL_Driver/Src/stm32f7xx_ll_sdmmc.o
                0x08006cec                SDMMC_CmdWriteSingleBlock
 .text.SDMMC_CmdWriteMultiBlock
                0x08006d30       0x44 ./Drivers/STM32F7xx_HAL_Driver/Src/stm32f7xx_ll_sdmmc.o
                0x08006d30                SDMMC_CmdWriteMultiBlock
 .text.SDMMC_CmdStopTransfer
                0x08006d74       0x44 ./Drivers/STM32F7xx_HAL_Driver/Src/stm32f7xx_ll_sdmmc.o
                0x08006d74                SDMMC_CmdStopTransfer
 .text.SDMMC_CmdSelDesel
                0x08006db8       0x46 ./Drivers/STM32F7xx_HAL_Driver/Src/stm32f7xx_ll_sdmmc.o
                0x08006db8                SDMMC_CmdSelDesel
 .text.SDMMC_CmdGoIdleState
                0x08006dfe       0x3c ./Drivers/STM32F7xx_HAL_Driver/Src/stm32f7xx_ll_sdmmc.o
                0x08006dfe                SDMMC_CmdGoIdleState
 .text.SDMMC_CmdOperCond
                0x08006e3a       0x3e ./Drivers/STM32F7xx_HAL_Driver/Src/stm32f7xx_ll_sdmmc.o
                0x08006e3a                SDMMC_CmdOperCond
 .text.SDMMC_CmdAppCommand
                0x08006e78       0x44 ./Drivers/STM32F7xx_HAL_Driver/Src/stm32f7xx_ll_sdmmc.o
                0x08006e78                SDMMC_CmdAppCommand
 .text.SDMMC_CmdAppOperCommand
                0x08006ebc       0x48 ./Drivers/STM32F7xx_HAL_Driver/Src/stm32f7xx_ll_sdmmc.o
                0x08006ebc                SDMMC_CmdAppOperCommand
 .text.SDMMC_CmdSendCID
                0x08006f04       0x3c ./Drivers/STM32F7xx_HAL_Driver/Src/stm32f7xx_ll_sdmmc.o
                0x08006f04                SDMMC_CmdSendCID
 .text.SDMMC_CmdSendCSD
                0x08006f40       0x3e ./Drivers/STM32F7xx_HAL_Driver/Src/stm32f7xx_ll_sdmmc.o
                0x08006f40                SDMMC_CmdSendCSD
 .text.SDMMC_CmdSetRelAdd
                0x08006f7e       0x42 ./Drivers/STM32F7xx_HAL_Driver/Src/stm32f7xx_ll_sdmmc.o
                0x08006f7e                SDMMC_CmdSetRelAdd
 .text.SDMMC_CmdSendStatus
                0x08006fc0       0x44 ./Drivers/STM32F7xx_HAL_Driver/Src/stm32f7xx_ll_sdmmc.o
                0x08006fc0                SDMMC_CmdSendStatus
 .text.SDMMC_GetCmdResp1
                0x08007004      0x1dc ./Drivers/STM32F7xx_HAL_Driver/Src/stm32f7xx_ll_sdmmc.o
                0x08007004                SDMMC_GetCmdResp1
 .text.SDMMC_GetCmdResp2
                0x080071e0       0x90 ./Drivers/STM32F7xx_HAL_Driver/Src/stm32f7xx_ll_sdmmc.o
                0x080071e0                SDMMC_GetCmdResp2
 .text.SDMMC_GetCmdResp3
                0x08007270       0x7c ./Drivers/STM32F7xx_HAL_Driver/Src/stm32f7xx_ll_sdmmc.o
                0x08007270                SDMMC_GetCmdResp3
 .text.SDMMC_GetCmdResp6
                0x080072ec       0xec ./Drivers/STM32F7xx_HAL_Driver/Src/stm32f7xx_ll_sdmmc.o
                0x080072ec                SDMMC_GetCmdResp6
 .text.SDMMC_GetCmdResp7
                0x080073d8       0x9c ./Drivers/STM32F7xx_HAL_Driver/Src/stm32f7xx_ll_sdmmc.o
                0x080073d8                SDMMC_GetCmdResp7
 .text.SDMMC_GetCmdError
                0x08007474       0x58 ./Drivers/STM32F7xx_HAL_Driver/Src/stm32f7xx_ll_sdmmc.o
 .text.USB_CoreInit
                0x080074cc       0xb4 ./Drivers/STM32F7xx_HAL_Driver/Src/stm32f7xx_ll_usb.o
                0x080074cc                USB_CoreInit
 .text.USB_DisableGlobalInt
                0x08007580       0x22 ./Drivers/STM32F7xx_HAL_Driver/Src/stm32f7xx_ll_usb.o
                0x08007580                USB_DisableGlobalInt
 .text.USB_SetCurrentMode
                0x080075a2       0x98 ./Drivers/STM32F7xx_HAL_Driver/Src/stm32f7xx_ll_usb.o
                0x080075a2                USB_SetCurrentMode
 *fill*         0x0800763a        0x2 
 .text.USB_DevInit
                0x0800763c      0x2bc ./Drivers/STM32F7xx_HAL_Driver/Src/stm32f7xx_ll_usb.o
                0x0800763c                USB_DevInit
 .text.USB_FlushTxFifo
                0x080078f8       0x64 ./Drivers/STM32F7xx_HAL_Driver/Src/stm32f7xx_ll_usb.o
                0x080078f8                USB_FlushTxFifo
 .text.USB_FlushRxFifo
                0x0800795c       0x5c ./Drivers/STM32F7xx_HAL_Driver/Src/stm32f7xx_ll_usb.o
                0x0800795c                USB_FlushRxFifo
 .text.USB_SetDevSpeed
                0x080079b8       0x32 ./Drivers/STM32F7xx_HAL_Driver/Src/stm32f7xx_ll_usb.o
                0x080079b8                USB_SetDevSpeed
 .text.USB_DevDisconnect
                0x080079ea       0x42 ./Drivers/STM32F7xx_HAL_Driver/Src/stm32f7xx_ll_usb.o
                0x080079ea                USB_DevDisconnect
 .text.USB_GetMode
                0x08007a2c       0x1c ./Drivers/STM32F7xx_HAL_Driver/Src/stm32f7xx_ll_usb.o
                0x08007a2c                USB_GetMode
 .text.USB_CoreReset
                0x08007a48       0x70 ./Drivers/STM32F7xx_HAL_Driver/Src/stm32f7xx_ll_usb.o
 .text.MX_FATFS_Init
                0x08007ab8       0x24 ./FATFS/App/fatfs.o
                0x08007ab8                MX_FATFS_Init
 .text.BSP_SD_Init
                0x08007adc       0x30 ./FATFS/Target/bsp_driver_sd.o
                0x08007adc                BSP_SD_Init
 .text.BSP_SD_ReadBlocks_DMA
                0x08007b0c       0x34 ./FATFS/Target/bsp_driver_sd.o
                0x08007b0c                BSP_SD_ReadBlocks_DMA
 .text.BSP_SD_WriteBlocks_DMA
                0x08007b40       0x34 ./FATFS/Target/bsp_driver_sd.o
                0x08007b40                BSP_SD_WriteBlocks_DMA
 .text.BSP_SD_GetCardState
                0x08007b74       0x20 ./FATFS/Target/bsp_driver_sd.o
                0x08007b74                BSP_SD_GetCardState
 .text.BSP_SD_GetCardInfo
                0x08007b94       0x1c ./FATFS/Target/bsp_driver_sd.o
                0x08007b94                BSP_SD_GetCardInfo
 .text.HAL_SD_AbortCallback
                0x08007bb0       0x14 ./FATFS/Target/bsp_driver_sd.o
                0x08007bb0                HAL_SD_AbortCallback
 .text.HAL_SD_TxCpltCallback
                0x08007bc4       0x14 ./FATFS/Target/bsp_driver_sd.o
                0x08007bc4                HAL_SD_TxCpltCallback
 .text.HAL_SD_RxCpltCallback
                0x08007bd8       0x14 ./FATFS/Target/bsp_driver_sd.o
                0x08007bd8                HAL_SD_RxCpltCallback
 .text.BSP_SD_AbortCallback
                0x08007bec        0xe ./FATFS/Target/bsp_driver_sd.o
                0x08007bec                BSP_SD_AbortCallback
 .text.BSP_SD_IsDetected
                0x08007bfa       0x24 ./FATFS/Target/bsp_driver_sd.o
                0x08007bfa                BSP_SD_IsDetected
 *fill*         0x08007c1e        0x2 
 .text.BSP_PlatformIsDetected
                0x08007c20       0x30 ./FATFS/Target/fatfs_platform.o
                0x08007c20                BSP_PlatformIsDetected
 .text.SD_CheckStatusWithTimeout
                0x08007c50       0x3a ./FATFS/Target/sd_diskio.o
 *fill*         0x08007c8a        0x2 
 .text.SD_CheckStatus
                0x08007c8c       0x3c ./FATFS/Target/sd_diskio.o
 .text.SD_initialize
                0x08007cc8       0x38 ./FATFS/Target/sd_diskio.o
                0x08007cc8                SD_initialize
 .text.SD_status
                0x08007d00       0x1c ./FATFS/Target/sd_diskio.o
                0x08007d00                SD_status
 .text.SD_read  0x08007d1c       0xac ./FATFS/Target/sd_diskio.o
                0x08007d1c                SD_read
 .text.SD_write
                0x08007dc8       0xac ./FATFS/Target/sd_diskio.o
                0x08007dc8                SD_write
 .text.SD_ioctl
                0x08007e74       0xb0 ./FATFS/Target/sd_diskio.o
                0x08007e74                SD_ioctl
 .text.BSP_SD_WriteCpltCallback
                0x08007f24       0x18 ./FATFS/Target/sd_diskio.o
                0x08007f24                BSP_SD_WriteCpltCallback
 .text.BSP_SD_ReadCpltCallback
                0x08007f3c       0x18 ./FATFS/Target/sd_diskio.o
                0x08007f3c                BSP_SD_ReadCpltCallback
 .text.FATFS_LinkDriverEx
                0x08007f54       0x98 ./Middlewares/Third_Party/FatFs/src/ff_gen_drv.o
                0x08007f54                FATFS_LinkDriverEx
 .text.FATFS_LinkDriver
                0x08007fec       0x1e ./Middlewares/Third_Party/FatFs/src/ff_gen_drv.o
                0x08007fec                FATFS_LinkDriver
 .text.memset   0x0800800a       0x10 /usr/lib/gcc/arm-none-eabi/14.2.0/../../../../arm-none-eabi/lib/thumb/v7e-m+dp/hard/libc_nano.a(libc_a-memset.o)
                0x0800800a                memset
 *fill*         0x0800801a        0x2 
 .text.__libc_init_array
                0x0800801c       0x48 /usr/lib/gcc/arm-none-eabi/14.2.0/../../../../arm-none-eabi/lib/thumb/v7e-m+dp/hard/libc_nano.a(libc_a-init.o)
                0x0800801c                __libc_init_array
 .text.__udivmoddi4
                0x08008064      0x2bc /usr/lib/gcc/arm-none-eabi/14.2.0/thumb/v7e-m+dp/hard/libgcc.a(_udivmoddi4.o)
                0x08008064                __udivmoddi4
 *(.glue_7)
 .glue_7        0x08008320        0x0 linker stubs
 *(.glue_7t)
 .glue_7t       0x08008320        0x0 linker stubs
 *(.eh_frame)
 .eh_frame      0x08008320        0x0 /usr/lib/gcc/arm-none-eabi/14.2.0/thumb/v7e-m+dp/hard/crtbegin.o
 *(.init)
 .init          0x08008320        0x4 /usr/lib/gcc/arm-none-eabi/14.2.0/thumb/v7e-m+dp/hard/crti.o
                0x08008320                _init
 .init          0x08008324        0x8 /usr/lib/gcc/arm-none-eabi/14.2.0/thumb/v7e-m+dp/hard/crtn.o
 *(.fini)
 .fini          0x0800832c        0x4 /usr/lib/gcc/arm-none-eabi/14.2.0/thumb/v7e-m+dp/hard/crti.o
                0x0800832c                _fini
 .fini          0x08008330        0x8 /usr/lib/gcc/arm-none-eabi/14.2.0/thumb/v7e-m+dp/hard/crtn.o
                0x08008338                        . = ALIGN (0x4)
                0x08008338                        _etext = .

.vfp11_veneer   0x08008338        0x0
 .vfp11_veneer  0x08008338        0x0 linker stubs

.v4_bx          0x08008338        0x0
 .v4_bx         0x08008338        0x0 linker stubs

.iplt           0x08008338        0x0
 .iplt          0x08008338        0x0 /usr/lib/gcc/arm-none-eabi/14.2.0/thumb/v7e-m+dp/hard/crtbegin.o

.rodata         0x08008338    0x11690
                0x08008338                        . = ALIGN (0x4)
 *(.rodata)
 *(.rodata*)
 .rodata.bitstream
                0x08008338    0x1165c ./Core/Src/spi.o
                0x08008338                bitstream
 .rodata.AHBPrescTable
                0x08019994       0x10 ./Core/Src/system_stm32f7xx.o
                0x08019994                AHBPrescTable
 .rodata.APBPrescTable
                0x080199a4        0x8 ./Core/Src/system_stm32f7xx.o
                0x080199a4                APBPrescTable
 .rodata.flagBitshiftOffset.0
                0x080199ac        0x8 ./Drivers/STM32F7xx_HAL_Driver/Src/stm32f7xx_hal_dma.o
 .rodata.SD_Driver
                0x080199b4       0x14 ./FATFS/Target/sd_diskio.o
                0x080199b4                SD_Driver
                0x080199c8                        . = ALIGN (0x4)

.ARM.extab      0x080199c8        0x0
                0x080199c8                        . = ALIGN (0x4)
 *(.ARM.extab* .gnu.linkonce.armextab.*)
                0x080199c8                        . = ALIGN (0x4)

.ARM            0x080199c8        0x8
                0x080199c8                        . = ALIGN (0x4)
                0x080199c8                        __exidx_start = .
 *(.ARM.exidx*)
 .ARM.exidx.text.__udivmoddi4
                0x080199c8        0x8 /usr/lib/gcc/arm-none-eabi/14.2.0/thumb/v7e-m+dp/hard/libgcc.a(_udivmoddi4.o)
                0x080199d0                        __exidx_end = .
                0x080199d0                        . = ALIGN (0x4)

.preinit_array  0x080199d0        0x0
                0x080199d0                        . = ALIGN (0x4)
                0x080199d0                        PROVIDE (__preinit_array_start = .)
 *(.preinit_array*)
                0x080199d0                        PROVIDE (__preinit_array_end = .)
                0x080199d0                        . = ALIGN (0x4)

.init_array     0x080199d0        0x4
                0x080199d0                        . = ALIGN (0x4)
                0x080199d0                        PROVIDE (__init_array_start = .)
 *(SORT_BY_NAME(.init_array.*))
 *(.init_array*)
 .init_array    0x080199d0        0x4 /usr/lib/gcc/arm-none-eabi/14.2.0/thumb/v7e-m+dp/hard/crtbegin.o
                0x080199d4                        PROVIDE (__init_array_end = .)
                0x080199d4                        . = ALIGN (0x4)

.fini_array     0x080199d4        0x4
                0x080199d4                        . = ALIGN (0x4)
                0x080199d4                        PROVIDE (__fini_array_start = .)
 *(SORT_BY_NAME(.fini_array.*))
 *(.fini_array*)
 .fini_array    0x080199d4        0x4 /usr/lib/gcc/arm-none-eabi/14.2.0/thumb/v7e-m+dp/hard/crtbegin.o
                0x080199d8                        PROVIDE (__fini_array_end = .)
                0x080199d8                        . = ALIGN (0x4)
                0x080199d8                        _sidata = LOADADDR (.data)

.rel.dyn        0x080199d8        0x0
 .rel.iplt      0x080199d8        0x0 /usr/lib/gcc/arm-none-eabi/14.2.0/thumb/v7e-m+dp/hard/crtbegin.o

.data           0x20000000        0xc load address 0x080199d8
                0x20000000                        . = ALIGN (0x4)
                0x20000000                        _sdata = .
 *(.data)
 *(.data*)
 .data.SystemCoreClock
                0x20000000        0x4 ./Core/Src/system_stm32f7xx.o
                0x20000000                SystemCoreClock
 .data.uwTickPrio
                0x20000004        0x4 ./Drivers/STM32F7xx_HAL_Driver/Src/stm32f7xx_hal.o
                0x20000004                uwTickPrio
 .data.uwTickFreq
                0x20000008        0x1 ./Drivers/STM32F7xx_HAL_Driver/Src/stm32f7xx_hal.o
                0x20000008                uwTickFreq
 .data.Stat     0x20000009        0x1 ./FATFS/Target/sd_diskio.o
 *(.RamFunc)
 *(.RamFunc*)
                0x2000000c                        . = ALIGN (0x4)
 *fill*         0x2000000a        0x2 
                0x2000000c                        _edata = .

.igot.plt       0x2000000c        0x0 load address 0x080199e4
 .igot.plt      0x2000000c        0x0 /usr/lib/gcc/arm-none-eabi/14.2.0/thumb/v7e-m+dp/hard/crtbegin.o

.RxDecripSection
                0x2000000c       0xa0 load address 0x080199e4
 .RxDecripSection
                0x2000000c       0xa0 ./Core/Src/eth.o
                0x2000000c                DMARxDscrTab

.TxDecripSection
                0x200000ac       0xa0 load address 0x08019a84
 .TxDecripSection
                0x200000ac       0xa0 ./Core/Src/eth.o
                0x200000ac                DMATxDscrTab
                0x2000014c                        . = ALIGN (0x4)

.bss            0x2000014c      0x888 load address 0x08019b24
                0x2000014c                        _sbss = .
                0x2000014c                        __bss_start__ = _sbss
 *(.bss)
 *(.bss*)
 .bss.completed.1
                0x2000014c        0x1 /usr/lib/gcc/arm-none-eabi/14.2.0/thumb/v7e-m+dp/hard/crtbegin.o
 *fill*         0x2000014d        0x3 
 .bss.object.0  0x20000150       0x18 /usr/lib/gcc/arm-none-eabi/14.2.0/thumb/v7e-m+dp/hard/crtbegin.o
 .bss.TxConfig  0x20000168       0x38 ./Core/Src/eth.o
                0x20000168                TxConfig
 .bss.heth      0x200001a0       0xb0 ./Core/Src/eth.o
                0x200001a0                heth
 .bss.MACAddr.0
                0x20000250        0x6 ./Core/Src/eth.o
 *fill*         0x20000256        0x2 
 .bss.hqspi     0x20000258       0x4c ./Core/Src/quadspi.o
                0x20000258                hqspi
 .bss.hsd1      0x200002a4       0x84 ./Core/Src/sdmmc.o
                0x200002a4                hsd1
 .bss.hdma_sdmmc1_rx
                0x20000328       0x60 ./Core/Src/sdmmc.o
                0x20000328                hdma_sdmmc1_rx
 .bss.hdma_sdmmc1_tx
                0x20000388       0x60 ./Core/Src/sdmmc.o
                0x20000388                hdma_sdmmc1_tx
 .bss.hspi3     0x200003e8       0x64 ./Core/Src/spi.o
                0x200003e8                hspi3
 .bss.huart3    0x2000044c       0x88 ./Core/Src/usart.o
                0x2000044c                huart3
 .bss.hpcd_USB_OTG_FS
                0x200004d4      0x4e0 ./Core/Src/usb_otg.o
                0x200004d4                hpcd_USB_OTG_FS
 .bss.uwTick    0x200009b4        0x4 ./Drivers/STM32F7xx_HAL_Driver/Src/stm32f7xx_hal.o
                0x200009b4                uwTick
 .bss.retSD     0x200009b8        0x1 ./FATFS/App/fatfs.o
                0x200009b8                retSD
 *fill*         0x200009b9        0x3 
 .bss.SDPath    0x200009bc        0x4 ./FATFS/App/fatfs.o
                0x200009bc                SDPath
 .bss.WriteStatus
                0x200009c0        0x4 ./FATFS/Target/sd_diskio.o
 .bss.ReadStatus
                0x200009c4        0x4 ./FATFS/Target/sd_diskio.o
 .bss.disk      0x200009c8        0xc ./Middlewares/Third_Party/FatFs/src/ff_gen_drv.o
                0x200009c8                disk
 *(COMMON)
                0x200009d4                        . = ALIGN (0x4)
                0x200009d4                        _ebss = .
                0x200009d4                        __bss_end__ = _ebss

._user_heap_stack
                0x200009d4      0xc04 load address 0x08019b24
                0x200009d8                        . = ALIGN (0x8)
 *fill*         0x200009d4        0x4 
                [!provide]                        PROVIDE (end = .)
                0x200009d8                        PROVIDE (_end = .)
                0x20000dd8                        . = (. + _Min_Heap_Size)
 *fill*         0x200009d8      0x400 
                0x200015d8                        . = (. + _Min_Stack_Size)
 *fill*         0x20000dd8      0x800 
                0x200015d8                        . = ALIGN (0x8)

/DISCARD/
 libc.a(*)
 libm.a(*)
 libgcc.a(*)

.ARM.attributes
                0x00000000       0x2e
 *(.ARM.attributes)
 .ARM.attributes
                0x00000000       0x20 /usr/lib/gcc/arm-none-eabi/14.2.0/thumb/v7e-m+dp/hard/crti.o
 .ARM.attributes
                0x00000020       0x32 /usr/lib/gcc/arm-none-eabi/14.2.0/thumb/v7e-m+dp/hard/crtbegin.o
 .ARM.attributes
                0x00000052       0x32 ./Core/Src/dma.o
 .ARM.attributes
                0x00000084       0x32 ./Core/Src/eth.o
 .ARM.attributes
                0x000000b6       0x32 ./Core/Src/gpio.o
 .ARM.attributes
                0x000000e8       0x32 ./Core/Src/main.o
 .ARM.attributes
                0x0000011a       0x32 ./Core/Src/quadspi.o
 .ARM.attributes
                0x0000014c       0x32 ./Core/Src/sdmmc.o
 .ARM.attributes
                0x0000017e       0x32 ./Core/Src/spi.o
 .ARM.attributes
                0x000001b0       0x32 ./Core/Src/stm32f7xx_hal_msp.o
 .ARM.attributes
                0x000001e2       0x32 ./Core/Src/stm32f7xx_it.o
 .ARM.attributes
                0x00000214       0x32 ./Core/Src/system_stm32f7xx.o
 .ARM.attributes
                0x00000246       0x32 ./Core/Src/usart.o
 .ARM.attributes
                0x00000278       0x32 ./Core/Src/usb_otg.o
 .ARM.attributes
                0x000002aa       0x21 ./Core/Startup/startup_stm32f767zitx.o
 .ARM.attributes
                0x000002cb       0x32 ./Drivers/STM32F7xx_HAL_Driver/Src/stm32f7xx_hal.o
 .ARM.attributes
                0x000002fd       0x32 ./Drivers/STM32F7xx_HAL_Driver/Src/stm32f7xx_hal_cortex.o
 .ARM.attributes
                0x0000032f       0x32 ./Drivers/STM32F7xx_HAL_Driver/Src/stm32f7xx_hal_dma.o
 .ARM.attributes
                0x00000361       0x32 ./Drivers/STM32F7xx_HAL_Driver/Src/stm32f7xx_hal_eth.o
 .ARM.attributes
                0x00000393       0x32 ./Drivers/STM32F7xx_HAL_Driver/Src/stm32f7xx_hal_gpio.o
 .ARM.attributes
                0x000003c5       0x32 ./Drivers/STM32F7xx_HAL_Driver/Src/stm32f7xx_hal_pcd.o
 .ARM.attributes
                0x000003f7       0x32 ./Drivers/STM32F7xx_HAL_Driver/Src/stm32f7xx_hal_pcd_ex.o
 .ARM.attributes
                0x00000429       0x32 ./Drivers/STM32F7xx_HAL_Driver/Src/stm32f7xx_hal_pwr.o
 .ARM.attributes
                0x0000045b       0x32 ./Drivers/STM32F7xx_HAL_Driver/Src/stm32f7xx_hal_pwr_ex.o
 .ARM.attributes
                0x0000048d       0x32 ./Drivers/STM32F7xx_HAL_Driver/Src/stm32f7xx_hal_qspi.o
 .ARM.attributes
                0x000004bf       0x32 ./Drivers/STM32F7xx_HAL_Driver/Src/stm32f7xx_hal_rcc.o
 .ARM.attributes
                0x000004f1       0x32 ./Drivers/STM32F7xx_HAL_Driver/Src/stm32f7xx_hal_rcc_ex.o
 .ARM.attributes
                0x00000523       0x32 ./Drivers/STM32F7xx_HAL_Driver/Src/stm32f7xx_hal_sd.o
 .ARM.attributes
                0x00000555       0x32 ./Drivers/STM32F7xx_HAL_Driver/Src/stm32f7xx_hal_spi.o
 .ARM.attributes
                0x00000587       0x32 ./Drivers/STM32F7xx_HAL_Driver/Src/stm32f7xx_hal_uart.o
 .ARM.attributes
                0x000005b9       0x32 ./Drivers/STM32F7xx_HAL_Driver/Src/stm32f7xx_ll_sdmmc.o
 .ARM.attributes
                0x000005eb       0x32 ./Drivers/STM32F7xx_HAL_Driver/Src/stm32f7xx_ll_usb.o
 .ARM.attributes
                0x0000061d       0x32 ./FATFS/App/fatfs.o
 .ARM.attributes
                0x0000064f       0x32 ./FATFS/Target/bsp_driver_sd.o
 .ARM.attributes
                0x00000681       0x32 ./FATFS/Target/fatfs_platform.o
 .ARM.attributes
                0x000006b3       0x32 ./FATFS/Target/sd_diskio.o
 .ARM.attributes
                0x000006e5       0x32 ./Middlewares/Third_Party/FatFs/src/ff_gen_drv.o
 .ARM.attributes
                0x00000717       0x32 /usr/lib/gcc/arm-none-eabi/14.2.0/../../../../arm-none-eabi/lib/thumb/v7e-m+dp/hard/libc_nano.a(libc_a-memset.o)
 .ARM.attributes
                0x00000749       0x32 /usr/lib/gcc/arm-none-eabi/14.2.0/../../../../arm-none-eabi/lib/thumb/v7e-m+dp/hard/libc_nano.a(libc_a-init.o)
 .ARM.attributes
                0x0000077b       0x20 /usr/lib/gcc/arm-none-eabi/14.2.0/thumb/v7e-m+dp/hard/libgcc.a(_aeabi_uldivmod.o)
 .ARM.attributes
                0x0000079b       0x32 /usr/lib/gcc/arm-none-eabi/14.2.0/thumb/v7e-m+dp/hard/libgcc.a(_udivmoddi4.o)
 .ARM.attributes
                0x000007cd       0x20 /usr/lib/gcc/arm-none-eabi/14.2.0/thumb/v7e-m+dp/hard/libgcc.a(_dvmd_tls.o)
 .ARM.attributes
                0x000007ed       0x20 /usr/lib/gcc/arm-none-eabi/14.2.0/thumb/v7e-m+dp/hard/crtn.o
OUTPUT(IEEE1394_Interface.elf elf32-littlearm)
LOAD linker stubs
LOAD /usr/lib/gcc/arm-none-eabi/14.2.0/../../../../arm-none-eabi/lib/thumb/v7e-m+dp/hard/libc.a
LOAD /usr/lib/gcc/arm-none-eabi/14.2.0/../../../../arm-none-eabi/lib/thumb/v7e-m+dp/hard/libm.a
LOAD /usr/lib/gcc/arm-none-eabi/14.2.0/thumb/v7e-m+dp/hard/libgcc.a

.debug_info     0x00000000    0x1d1b1
 .debug_info    0x00000000      0x573 ./Core/Src/dma.o
 .debug_info    0x00000573      0xf6c ./Core/Src/eth.o
 .debug_info    0x000014df      0x481 ./Core/Src/gpio.o
 .debug_info    0x00001960      0xbaf ./Core/Src/main.o
 .debug_info    0x0000250f      0xde3 ./Core/Src/quadspi.o
 .debug_info    0x000032f2      0xff3 ./Core/Src/sdmmc.o
 .debug_info    0x000042e5      0xa9b ./Core/Src/spi.o
 .debug_info    0x00004d80      0x28d ./Core/Src/stm32f7xx_hal_msp.o
 .debug_info    0x0000500d      0x9de ./Core/Src/stm32f7xx_it.o
 .debug_info    0x000059eb      0x6ed ./Core/Src/system_stm32f7xx.o
 .debug_info    0x000060d8      0xc81 ./Core/Src/usart.o
 .debug_info    0x00006d59      0xc1d ./Core/Src/usb_otg.o
 .debug_info    0x00007976       0x30 ./Core/Startup/startup_stm32f767zitx.o
 .debug_info    0x000079a6      0xa4c ./Drivers/STM32F7xx_HAL_Driver/Src/stm32f7xx_hal.o
 .debug_info    0x000083f2      0xfc0 ./Drivers/STM32F7xx_HAL_Driver/Src/stm32f7xx_hal_cortex.o
 .debug_info    0x000093b2      0x8e7 ./Drivers/STM32F7xx_HAL_Driver/Src/stm32f7xx_hal_dma.o
 .debug_info    0x00009c99     0x21b6 ./Drivers/STM32F7xx_HAL_Driver/Src/stm32f7xx_hal_eth.o
 .debug_info    0x0000be4f      0x6f3 ./Drivers/STM32F7xx_HAL_Driver/Src/stm32f7xx_hal_gpio.o
 .debug_info    0x0000c542     0x1599 ./Drivers/STM32F7xx_HAL_Driver/Src/stm32f7xx_hal_pcd.o
 .debug_info    0x0000dadb      0x7a3 ./Drivers/STM32F7xx_HAL_Driver/Src/stm32f7xx_hal_pcd_ex.o
 .debug_info    0x0000e27e      0x90e ./Drivers/STM32F7xx_HAL_Driver/Src/stm32f7xx_hal_pwr.o
 .debug_info    0x0000eb8c      0x8cd ./Drivers/STM32F7xx_HAL_Driver/Src/stm32f7xx_hal_pwr_ex.o
 .debug_info    0x0000f459     0x126c ./Drivers/STM32F7xx_HAL_Driver/Src/stm32f7xx_hal_qspi.o
 .debug_info    0x000106c5      0x94b ./Drivers/STM32F7xx_HAL_Driver/Src/stm32f7xx_hal_rcc.o
 .debug_info    0x00011010      0x6e1 ./Drivers/STM32F7xx_HAL_Driver/Src/stm32f7xx_hal_rcc_ex.o
 .debug_info    0x000116f1     0x1bc9 ./Drivers/STM32F7xx_HAL_Driver/Src/stm32f7xx_hal_sd.o
 .debug_info    0x000132ba     0x15c0 ./Drivers/STM32F7xx_HAL_Driver/Src/stm32f7xx_hal_spi.o
 .debug_info    0x0001487a     0x3b13 ./Drivers/STM32F7xx_HAL_Driver/Src/stm32f7xx_hal_uart.o
 .debug_info    0x0001838d     0x10b0 ./Drivers/STM32F7xx_HAL_Driver/Src/stm32f7xx_ll_sdmmc.o
 .debug_info    0x0001943d     0x19fc ./Drivers/STM32F7xx_HAL_Driver/Src/stm32f7xx_ll_usb.o
 .debug_info    0x0001ae39      0x4d9 ./FATFS/App/fatfs.o
 .debug_info    0x0001b312      0xa9d ./FATFS/Target/bsp_driver_sd.o
 .debug_info    0x0001bdaf      0x1cc ./FATFS/Target/fatfs_platform.o
 .debug_info    0x0001bf7b      0x569 ./FATFS/Target/sd_diskio.o
 .debug_info    0x0001c4e4      0x37f ./Middlewares/Third_Party/FatFs/src/ff_gen_drv.o
 .debug_info    0x0001c863       0xe0 /usr/lib/gcc/arm-none-eabi/14.2.0/../../../../arm-none-eabi/lib/thumb/v7e-m+dp/hard/libc_nano.a(libc_a-memset.o)
 .debug_info    0x0001c943      0x10b /usr/lib/gcc/arm-none-eabi/14.2.0/../../../../arm-none-eabi/lib/thumb/v7e-m+dp/hard/libc_nano.a(libc_a-init.o)
 .debug_info    0x0001ca4e       0x24 /usr/lib/gcc/arm-none-eabi/14.2.0/thumb/v7e-m+dp/hard/libgcc.a(_aeabi_uldivmod.o)
 .debug_info    0x0001ca72      0x703 /usr/lib/gcc/arm-none-eabi/14.2.0/thumb/v7e-m+dp/hard/libgcc.a(_udivmoddi4.o)
 .debug_info    0x0001d175       0x3c /usr/lib/gcc/arm-none-eabi/14.2.0/thumb/v7e-m+dp/hard/libgcc.a(_dvmd_tls.o)

.debug_abbrev   0x00000000     0x49df
 .debug_abbrev  0x00000000      0x10e ./Core/Src/dma.o
 .debug_abbrev  0x0000010e      0x249 ./Core/Src/eth.o
 .debug_abbrev  0x00000357      0x152 ./Core/Src/gpio.o
 .debug_abbrev  0x000004a9      0x26d ./Core/Src/main.o
 .debug_abbrev  0x00000716      0x22b ./Core/Src/quadspi.o
 .debug_abbrev  0x00000941      0x22c ./Core/Src/sdmmc.o
 .debug_abbrev  0x00000b6d      0x246 ./Core/Src/spi.o
 .debug_abbrev  0x00000db3       0xd8 ./Core/Src/stm32f7xx_hal_msp.o
 .debug_abbrev  0x00000e8b      0x19a ./Core/Src/stm32f7xx_it.o
 .debug_abbrev  0x00001025      0x13b ./Core/Src/system_stm32f7xx.o
 .debug_abbrev  0x00001160      0x1f9 ./Core/Src/usart.o
 .debug_abbrev  0x00001359      0x230 ./Core/Src/usb_otg.o
 .debug_abbrev  0x00001589       0x24 ./Core/Startup/startup_stm32f767zitx.o
 .debug_abbrev  0x000015ad      0x213 ./Drivers/STM32F7xx_HAL_Driver/Src/stm32f7xx_hal.o
 .debug_abbrev  0x000017c0      0x31e ./Drivers/STM32F7xx_HAL_Driver/Src/stm32f7xx_hal_cortex.o
 .debug_abbrev  0x00001ade      0x264 ./Drivers/STM32F7xx_HAL_Driver/Src/stm32f7xx_hal_dma.o
 .debug_abbrev  0x00001d42      0x35a ./Drivers/STM32F7xx_HAL_Driver/Src/stm32f7xx_hal_eth.o
 .debug_abbrev  0x0000209c      0x1d4 ./Drivers/STM32F7xx_HAL_Driver/Src/stm32f7xx_hal_gpio.o
 .debug_abbrev  0x00002270      0x2ee ./Drivers/STM32F7xx_HAL_Driver/Src/stm32f7xx_hal_pcd.o
 .debug_abbrev  0x0000255e      0x1ca ./Drivers/STM32F7xx_HAL_Driver/Src/stm32f7xx_hal_pcd_ex.o
 .debug_abbrev  0x00002728      0x1c5 ./Drivers/STM32F7xx_HAL_Driver/Src/stm32f7xx_hal_pwr.o
 .debug_abbrev  0x000028ed      0x1d5 ./Drivers/STM32F7xx_HAL_Driver/Src/stm32f7xx_hal_pwr_ex.o
 .debug_abbrev  0x00002ac2      0x27d ./Drivers/STM32F7xx_HAL_Driver/Src/stm32f7xx_hal_qspi.o
 .debug_abbrev  0x00002d3f      0x2de ./Drivers/STM32F7xx_HAL_Driver/Src/stm32f7xx_hal_rcc.o
 .debug_abbrev  0x0000301d      0x1c9 ./Drivers/STM32F7xx_HAL_Driver/Src/stm32f7xx_hal_rcc_ex.o
 .debug_abbrev  0x000031e6      0x299 ./Drivers/STM32F7xx_HAL_Driver/Src/stm32f7xx_hal_sd.o
 .debug_abbrev  0x0000347f      0x25f ./Drivers/STM32F7xx_HAL_Driver/Src/stm32f7xx_hal_spi.o
 .debug_abbrev  0x000036de      0x2e6 ./Drivers/STM32F7xx_HAL_Driver/Src/stm32f7xx_hal_uart.o
 .debug_abbrev  0x000039c4      0x1d8 ./Drivers/STM32F7xx_HAL_Driver/Src/stm32f7xx_ll_sdmmc.o
 .debug_abbrev  0x00003b9c      0x293 ./Drivers/STM32F7xx_HAL_Driver/Src/stm32f7xx_ll_usb.o
 .debug_abbrev  0x00003e2f      0x160 ./FATFS/App/fatfs.o
 .debug_abbrev  0x00003f8f      0x274 ./FATFS/Target/bsp_driver_sd.o
 .debug_abbrev  0x00004203      0x107 ./FATFS/Target/fatfs_platform.o
 .debug_abbrev  0x0000430a      0x22b ./FATFS/Target/sd_diskio.o
 .debug_abbrev  0x00004535      0x19f ./Middlewares/Third_Party/FatFs/src/ff_gen_drv.o
 .debug_abbrev  0x000046d4       0x9e /usr/lib/gcc/arm-none-eabi/14.2.0/../../../../arm-none-eabi/lib/thumb/v7e-m+dp/hard/libc_nano.a(libc_a-memset.o)
 .debug_abbrev  0x00004772       0xc9 /usr/lib/gcc/arm-none-eabi/14.2.0/../../../../arm-none-eabi/lib/thumb/v7e-m+dp/hard/libc_nano.a(libc_a-init.o)
 .debug_abbrev  0x0000483b       0x14 /usr/lib/gcc/arm-none-eabi/14.2.0/thumb/v7e-m+dp/hard/libgcc.a(_aeabi_uldivmod.o)
 .debug_abbrev  0x0000484f      0x16a /usr/lib/gcc/arm-none-eabi/14.2.0/thumb/v7e-m+dp/hard/libgcc.a(_udivmoddi4.o)
 .debug_abbrev  0x000049b9       0x26 /usr/lib/gcc/arm-none-eabi/14.2.0/thumb/v7e-m+dp/hard/libgcc.a(_dvmd_tls.o)

.debug_aranges  0x00000000     0x1768
 .debug_aranges
                0x00000000       0x20 ./Core/Src/dma.o
 .debug_aranges
                0x00000020       0x30 ./Core/Src/eth.o
 .debug_aranges
                0x00000050       0x20 ./Core/Src/gpio.o
 .debug_aranges
                0x00000070       0x30 ./Core/Src/main.o
 .debug_aranges
                0x000000a0       0x38 ./Core/Src/quadspi.o
 .debug_aranges
                0x000000d8       0x30 ./Core/Src/sdmmc.o
 .debug_aranges
                0x00000108       0x58 ./Core/Src/spi.o
 .debug_aranges
                0x00000160       0x20 ./Core/Src/stm32f7xx_hal_msp.o
 .debug_aranges
                0x00000180       0x80 ./Core/Src/stm32f7xx_it.o
 .debug_aranges
                0x00000200       0x28 ./Core/Src/system_stm32f7xx.o
 .debug_aranges
                0x00000228       0x30 ./Core/Src/usart.o
 .debug_aranges
                0x00000258       0x30 ./Core/Src/usb_otg.o
 .debug_aranges
                0x00000288       0x28 ./Core/Startup/startup_stm32f767zitx.o
 .debug_aranges
                0x000002b0      0x110 ./Drivers/STM32F7xx_HAL_Driver/Src/stm32f7xx_hal.o
 .debug_aranges
                0x000003c0      0x128 ./Drivers/STM32F7xx_HAL_Driver/Src/stm32f7xx_hal_cortex.o
 .debug_aranges
                0x000004e8       0x90 ./Drivers/STM32F7xx_HAL_Driver/Src/stm32f7xx_hal_dma.o
 .debug_aranges
                0x00000578      0x1e8 ./Drivers/STM32F7xx_HAL_Driver/Src/stm32f7xx_hal_eth.o
 .debug_aranges
                0x00000760       0x58 ./Drivers/STM32F7xx_HAL_Driver/Src/stm32f7xx_hal_gpio.o
 .debug_aranges
                0x000007b8      0x148 ./Drivers/STM32F7xx_HAL_Driver/Src/stm32f7xx_hal_pcd.o
 .debug_aranges
                0x00000900       0x48 ./Drivers/STM32F7xx_HAL_Driver/Src/stm32f7xx_hal_pcd_ex.o
 .debug_aranges
                0x00000948       0xa0 ./Drivers/STM32F7xx_HAL_Driver/Src/stm32f7xx_hal_pwr.o
 .debug_aranges
                0x000009e8       0x80 ./Drivers/STM32F7xx_HAL_Driver/Src/stm32f7xx_hal_pwr_ex.o
 .debug_aranges
                0x00000a68      0x170 ./Drivers/STM32F7xx_HAL_Driver/Src/stm32f7xx_hal_qspi.o
 .debug_aranges
                0x00000bd8       0x88 ./Drivers/STM32F7xx_HAL_Driver/Src/stm32f7xx_hal_rcc.o
 .debug_aranges
                0x00000c60       0x50 ./Drivers/STM32F7xx_HAL_Driver/Src/stm32f7xx_hal_rcc_ex.o
 .debug_aranges
                0x00000cb0      0x168 ./Drivers/STM32F7xx_HAL_Driver/Src/stm32f7xx_hal_sd.o
 .debug_aranges
                0x00000e18      0x1d8 ./Drivers/STM32F7xx_HAL_Driver/Src/stm32f7xx_hal_spi.o
 .debug_aranges
                0x00000ff0      0x230 ./Drivers/STM32F7xx_HAL_Driver/Src/stm32f7xx_hal_uart.o
 .debug_aranges
                0x00001220      0x188 ./Drivers/STM32F7xx_HAL_Driver/Src/stm32f7xx_ll_sdmmc.o
 .debug_aranges
                0x000013a8      0x1a0 ./Drivers/STM32F7xx_HAL_Driver/Src/stm32f7xx_ll_usb.o
 .debug_aranges
                0x00001548       0x28 ./FATFS/App/fatfs.o
 .debug_aranges
                0x00001570       0x98 ./FATFS/Target/bsp_driver_sd.o
 .debug_aranges
                0x00001608       0x20 ./FATFS/Target/fatfs_platform.o
 .debug_aranges
                0x00001628       0x60 ./FATFS/Target/sd_diskio.o
 .debug_aranges
                0x00001688       0x40 ./Middlewares/Third_Party/FatFs/src/ff_gen_drv.o
 .debug_aranges
                0x000016c8       0x20 /usr/lib/gcc/arm-none-eabi/14.2.0/../../../../arm-none-eabi/lib/thumb/v7e-m+dp/hard/libc_nano.a(libc_a-memset.o)
 .debug_aranges
                0x000016e8       0x20 /usr/lib/gcc/arm-none-eabi/14.2.0/../../../../arm-none-eabi/lib/thumb/v7e-m+dp/hard/libc_nano.a(libc_a-init.o)
 .debug_aranges
                0x00001708       0x20 /usr/lib/gcc/arm-none-eabi/14.2.0/thumb/v7e-m+dp/hard/libgcc.a(_aeabi_uldivmod.o)
 .debug_aranges
                0x00001728       0x20 /usr/lib/gcc/arm-none-eabi/14.2.0/thumb/v7e-m+dp/hard/libgcc.a(_udivmoddi4.o)
 .debug_aranges
                0x00001748       0x20 /usr/lib/gcc/arm-none-eabi/14.2.0/thumb/v7e-m+dp/hard/libgcc.a(_dvmd_tls.o)

.debug_rnglists
                0x00000000     0x11eb
 .debug_rnglists
                0x00000000       0x13 ./Core/Src/dma.o
 .debug_rnglists
                0x00000013       0x21 ./Core/Src/eth.o
 .debug_rnglists
                0x00000034       0x14 ./Core/Src/gpio.o
 .debug_rnglists
                0x00000048       0x21 ./Core/Src/main.o
 .debug_rnglists
                0x00000069       0x26 ./Core/Src/quadspi.o
 .debug_rnglists
                0x0000008f       0x20 ./Core/Src/sdmmc.o
 .debug_rnglists
                0x000000af       0x3e ./Core/Src/spi.o
 .debug_rnglists
                0x000000ed       0x13 ./Core/Src/stm32f7xx_hal_msp.o
 .debug_rnglists
                0x00000100       0x5b ./Core/Src/stm32f7xx_it.o
 .debug_rnglists
                0x0000015b       0x1a ./Core/Src/system_stm32f7xx.o
 .debug_rnglists
                0x00000175       0x20 ./Core/Src/usart.o
 .debug_rnglists
                0x00000195       0x20 ./Core/Src/usb_otg.o
 .debug_rnglists
                0x000001b5       0x19 ./Core/Startup/startup_stm32f767zitx.o
 .debug_rnglists
                0x000001ce       0xc7 ./Drivers/STM32F7xx_HAL_Driver/Src/stm32f7xx_hal.o
 .debug_rnglists
                0x00000295       0xda ./Drivers/STM32F7xx_HAL_Driver/Src/stm32f7xx_hal_cortex.o
 .debug_rnglists
                0x0000036f       0x70 ./Drivers/STM32F7xx_HAL_Driver/Src/stm32f7xx_hal_dma.o
 .debug_rnglists
                0x000003df      0x183 ./Drivers/STM32F7xx_HAL_Driver/Src/stm32f7xx_hal_eth.o
 .debug_rnglists
                0x00000562       0x3f ./Drivers/STM32F7xx_HAL_Driver/Src/stm32f7xx_hal_gpio.o
 .debug_rnglists
                0x000005a1       0xfa ./Drivers/STM32F7xx_HAL_Driver/Src/stm32f7xx_hal_pcd.o
 .debug_rnglists
                0x0000069b       0x32 ./Drivers/STM32F7xx_HAL_Driver/Src/stm32f7xx_hal_pcd_ex.o
 .debug_rnglists
                0x000006cd       0x74 ./Drivers/STM32F7xx_HAL_Driver/Src/stm32f7xx_hal_pwr.o
 .debug_rnglists
                0x00000741       0x5f ./Drivers/STM32F7xx_HAL_Driver/Src/stm32f7xx_hal_pwr_ex.o
 .debug_rnglists
                0x000007a0      0x11f ./Drivers/STM32F7xx_HAL_Driver/Src/stm32f7xx_hal_qspi.o
 .debug_rnglists
                0x000008bf       0x67 ./Drivers/STM32F7xx_HAL_Driver/Src/stm32f7xx_hal_rcc.o
 .debug_rnglists
                0x00000926       0x3c ./Drivers/STM32F7xx_HAL_Driver/Src/stm32f7xx_hal_rcc_ex.o
 .debug_rnglists
                0x00000962      0x121 ./Drivers/STM32F7xx_HAL_Driver/Src/stm32f7xx_hal_sd.o
 .debug_rnglists
                0x00000a83      0x178 ./Drivers/STM32F7xx_HAL_Driver/Src/stm32f7xx_hal_spi.o
 .debug_rnglists
                0x00000bfb      0x1e0 ./Drivers/STM32F7xx_HAL_Driver/Src/stm32f7xx_hal_uart.o
 .debug_rnglists
                0x00000ddb      0x125 ./Drivers/STM32F7xx_HAL_Driver/Src/stm32f7xx_ll_sdmmc.o
 .debug_rnglists
                0x00000f00      0x147 ./Drivers/STM32F7xx_HAL_Driver/Src/stm32f7xx_ll_usb.o
 .debug_rnglists
                0x00001047       0x19 ./FATFS/App/fatfs.o
 .debug_rnglists
                0x00001060       0x6d ./FATFS/Target/bsp_driver_sd.o
 .debug_rnglists
                0x000010cd       0x13 ./FATFS/Target/fatfs_platform.o
 .debug_rnglists
                0x000010e0       0x46 ./FATFS/Target/sd_diskio.o
 .debug_rnglists
                0x00001126       0x2c ./Middlewares/Third_Party/FatFs/src/ff_gen_drv.o
 .debug_rnglists
                0x00001152       0x13 /usr/lib/gcc/arm-none-eabi/14.2.0/../../../../arm-none-eabi/lib/thumb/v7e-m+dp/hard/libc_nano.a(libc_a-memset.o)
 .debug_rnglists
                0x00001165       0x13 /usr/lib/gcc/arm-none-eabi/14.2.0/../../../../arm-none-eabi/lib/thumb/v7e-m+dp/hard/libc_nano.a(libc_a-init.o)
 .debug_rnglists
                0x00001178       0x73 /usr/lib/gcc/arm-none-eabi/14.2.0/thumb/v7e-m+dp/hard/libgcc.a(_udivmoddi4.o)

.debug_macro    0x00000000    0x2cbb4
 .debug_macro   0x00000000      0x24e ./Core/Src/dma.o
 .debug_macro   0x0000024e      0xaf0 ./Core/Src/dma.o
 .debug_macro   0x00000d3e      0x2ab ./Core/Src/dma.o
 .debug_macro   0x00000fe9       0x2e ./Core/Src/dma.o
 .debug_macro   0x00001017       0x3b ./Core/Src/dma.o
 .debug_macro   0x00001052       0x22 ./Core/Src/dma.o
 .debug_macro   0x00001074       0x8e ./Core/Src/dma.o
 .debug_macro   0x00001102       0x51 ./Core/Src/dma.o
 .debug_macro   0x00001153      0x103 ./Core/Src/dma.o
 .debug_macro   0x00001256       0x6a ./Core/Src/dma.o
 .debug_macro   0x000012c0      0x1df ./Core/Src/dma.o
 .debug_macro   0x0000149f       0x1c ./Core/Src/dma.o
 .debug_macro   0x000014bb       0x22 ./Core/Src/dma.o
 .debug_macro   0x000014dd       0xd9 ./Core/Src/dma.o
 .debug_macro   0x000015b6     0x12cd ./Core/Src/dma.o
 .debug_macro   0x00002883      0x11f ./Core/Src/dma.o
 .debug_macro   0x000029a2       0x19 ./Core/Src/dma.o
 .debug_macro   0x000029bb    0x1aa23 ./Core/Src/dma.o
 .debug_macro   0x0001d3de       0x6d ./Core/Src/dma.o
 .debug_macro   0x0001d44b     0x375e ./Core/Src/dma.o
 .debug_macro   0x00020ba9      0x190 ./Core/Src/dma.o
 .debug_macro   0x00020d39       0x63 ./Core/Src/dma.o
 .debug_macro   0x00020d9c     0x1add ./Core/Src/dma.o
 .debug_macro   0x00022879      0x6c4 ./Core/Src/dma.o
 .debug_macro   0x00022f3d      0x18b ./Core/Src/dma.o
 .debug_macro   0x000230c8      0x115 ./Core/Src/dma.o
 .debug_macro   0x000231dd      0x26e ./Core/Src/dma.o
 .debug_macro   0x0002344b       0xa5 ./Core/Src/dma.o
 .debug_macro   0x000234f0      0x24f ./Core/Src/dma.o
 .debug_macro   0x0002373f       0x71 ./Core/Src/dma.o
 .debug_macro   0x000237b0       0x58 ./Core/Src/dma.o
 .debug_macro   0x00023808      0x236 ./Core/Src/dma.o
 .debug_macro   0x00023a3e      0xb99 ./Core/Src/dma.o
 .debug_macro   0x000245d7      0x14e ./Core/Src/dma.o
 .debug_macro   0x00024725      0x3db ./Core/Src/dma.o
 .debug_macro   0x00024b00       0x12 ./Core/Src/dma.o
 .debug_macro   0x00024b12      0x22c ./Core/Src/dma.o
 .debug_macro   0x00024d3e       0x61 ./Core/Src/dma.o
 .debug_macro   0x00024d9f       0xa5 ./Core/Src/dma.o
 .debug_macro   0x00024e44      0x12e ./Core/Src/dma.o
 .debug_macro   0x00024f72      0x108 ./Core/Src/dma.o
 .debug_macro   0x0002507a       0x35 ./Core/Src/dma.o
 .debug_macro   0x000250af      0x2d4 ./Core/Src/dma.o
 .debug_macro   0x00025383      0x77a ./Core/Src/dma.o
 .debug_macro   0x00025afd      0x1d5 ./Core/Src/dma.o
 .debug_macro   0x00025cd2      0x2fe ./Core/Src/dma.o
 .debug_macro   0x00025fd0      0x5ba ./Core/Src/dma.o
 .debug_macro   0x0002658a       0x44 ./Core/Src/dma.o
 .debug_macro   0x000265ce      0x2cb ./Core/Src/dma.o
 .debug_macro   0x00026899       0xba ./Core/Src/dma.o
 .debug_macro   0x00026953      0x15b ./Core/Src/dma.o
 .debug_macro   0x00026aae      0x148 ./Core/Src/dma.o
 .debug_macro   0x00026bf6      0x317 ./Core/Src/eth.o
 .debug_macro   0x00026f0d       0x61 ./Core/Src/eth.o
 .debug_macro   0x00026f6e       0x29 ./Core/Src/eth.o
 .debug_macro   0x00026f97       0x43 ./Core/Src/eth.o
 .debug_macro   0x00026fda       0x34 ./Core/Src/eth.o
 .debug_macro   0x0002700e      0x364 ./Core/Src/eth.o
 .debug_macro   0x00027372       0x16 ./Core/Src/eth.o
 .debug_macro   0x00027388       0x4a ./Core/Src/eth.o
 .debug_macro   0x000273d2       0x34 ./Core/Src/eth.o
 .debug_macro   0x00027406       0x10 ./Core/Src/eth.o
 .debug_macro   0x00027416       0x58 ./Core/Src/eth.o
 .debug_macro   0x0002746e       0x8e ./Core/Src/eth.o
 .debug_macro   0x000274fc       0x1c ./Core/Src/eth.o
 .debug_macro   0x00027518      0x185 ./Core/Src/eth.o
 .debug_macro   0x0002769d       0x10 ./Core/Src/eth.o
 .debug_macro   0x000276ad       0x3c ./Core/Src/eth.o
 .debug_macro   0x000276e9      0x24e ./Core/Src/gpio.o
 .debug_macro   0x00027937      0x433 ./Core/Src/main.o
 .debug_macro   0x00027d6a       0x1c ./Core/Src/main.o
 .debug_macro   0x00027d86       0x3a ./Core/Src/main.o
 .debug_macro   0x00027dc0       0xe5 ./Core/Src/main.o
 .debug_macro   0x00027ea5       0x16 ./Core/Src/main.o
 .debug_macro   0x00027ebb       0x16 ./Core/Src/main.o
 .debug_macro   0x00027ed1       0x29 ./Core/Src/main.o
 .debug_macro   0x00027efa       0x12 ./Core/Src/main.o
 .debug_macro   0x00027f0c       0xe2 ./Core/Src/main.o
 .debug_macro   0x00027fee       0x8e ./Core/Src/main.o
 .debug_macro   0x0002807c       0x10 ./Core/Src/main.o
 .debug_macro   0x0002808c       0x16 ./Core/Src/main.o
 .debug_macro   0x000280a2       0x1c ./Core/Src/main.o
 .debug_macro   0x000280be       0x10 ./Core/Src/main.o
 .debug_macro   0x000280ce       0x1c ./Core/Src/main.o
 .debug_macro   0x000280ea       0x16 ./Core/Src/main.o
 .debug_macro   0x00028100      0x146 ./Core/Src/main.o
 .debug_macro   0x00028246      0x254 ./Core/Src/quadspi.o
 .debug_macro   0x0002849a      0x24e ./Core/Src/sdmmc.o
 .debug_macro   0x000286e8      0x257 ./Core/Src/spi.o
 .debug_macro   0x0002893f       0x10 ./Core/Src/spi.o
 .debug_macro   0x0002894f      0x244 ./Core/Src/stm32f7xx_hal_msp.o
 .debug_macro   0x00028b93      0x24e ./Core/Src/stm32f7xx_it.o
 .debug_macro   0x00028de1      0x235 ./Core/Src/system_stm32f7xx.o
 .debug_macro   0x00029016      0x24e ./Core/Src/usart.o
 .debug_macro   0x00029264      0x24e ./Core/Src/usb_otg.o
 .debug_macro   0x000294b2      0x259 ./Drivers/STM32F7xx_HAL_Driver/Src/stm32f7xx_hal.o
 .debug_macro   0x0002970b      0x235 ./Drivers/STM32F7xx_HAL_Driver/Src/stm32f7xx_hal_cortex.o
 .debug_macro   0x00029940      0x23b ./Drivers/STM32F7xx_HAL_Driver/Src/stm32f7xx_hal_dma.o
 .debug_macro   0x00029b7b      0x30f ./Drivers/STM32F7xx_HAL_Driver/Src/stm32f7xx_hal_eth.o
 .debug_macro   0x00029e8a      0x23b ./Drivers/STM32F7xx_HAL_Driver/Src/stm32f7xx_hal_gpio.o
 .debug_macro   0x0002a0c5      0x241 ./Drivers/STM32F7xx_HAL_Driver/Src/stm32f7xx_hal_pcd.o
 .debug_macro   0x0002a306      0x235 ./Drivers/STM32F7xx_HAL_Driver/Src/stm32f7xx_hal_pcd_ex.o
 .debug_macro   0x0002a53b      0x253 ./Drivers/STM32F7xx_HAL_Driver/Src/stm32f7xx_hal_pwr.o
 .debug_macro   0x0002a78e      0x24d ./Drivers/STM32F7xx_HAL_Driver/Src/stm32f7xx_hal_pwr_ex.o
 .debug_macro   0x0002a9db      0x259 ./Drivers/STM32F7xx_HAL_Driver/Src/stm32f7xx_hal_qspi.o
 .debug_macro   0x0002ac34      0x259 ./Drivers/STM32F7xx_HAL_Driver/Src/stm32f7xx_hal_rcc.o
 .debug_macro   0x0002ae8d      0x235 ./Drivers/STM32F7xx_HAL_Driver/Src/stm32f7xx_hal_rcc_ex.o
 .debug_macro   0x0002b0c2      0x236 ./Drivers/STM32F7xx_HAL_Driver/Src/stm32f7xx_hal_sd.o
 .debug_macro   0x0002b2f8      0x244 ./Drivers/STM32F7xx_HAL_Driver/Src/stm32f7xx_hal_spi.o
 .debug_macro   0x0002b53c      0x252 ./Drivers/STM32F7xx_HAL_Driver/Src/stm32f7xx_hal_uart.o
 .debug_macro   0x0002b78e      0x236 ./Drivers/STM32F7xx_HAL_Driver/Src/stm32f7xx_ll_sdmmc.o
 .debug_macro   0x0002b9c4      0x235 ./Drivers/STM32F7xx_HAL_Driver/Src/stm32f7xx_ll_usb.o
 .debug_macro   0x0002bbf9      0x381 ./FATFS/App/fatfs.o
 .debug_macro   0x0002bf7a      0x24d ./FATFS/Target/bsp_driver_sd.o
 .debug_macro   0x0002c1c7      0x23e ./FATFS/Target/fatfs_platform.o
 .debug_macro   0x0002c405      0x3af ./FATFS/Target/sd_diskio.o
 .debug_macro   0x0002c7b4       0x16 ./FATFS/Target/sd_diskio.o
 .debug_macro   0x0002c7ca       0x7c ./FATFS/Target/sd_diskio.o
 .debug_macro   0x0002c846      0x36e ./Middlewares/Third_Party/FatFs/src/ff_gen_drv.o

.debug_line     0x00000000    0x19e18
 .debug_line    0x00000000      0x544 ./Core/Src/dma.o
 .debug_line    0x00000544      0x6c5 ./Core/Src/eth.o
 .debug_line    0x00000c09      0x589 ./Core/Src/gpio.o
 .debug_line    0x00001192      0x827 ./Core/Src/main.o
 .debug_line    0x000019b9      0x633 ./Core/Src/quadspi.o
 .debug_line    0x00001fec      0x650 ./Core/Src/sdmmc.o
 .debug_line    0x0000263c      0x659 ./Core/Src/spi.o
 .debug_line    0x00002c95      0x546 ./Core/Src/stm32f7xx_hal_msp.o
 .debug_line    0x000031db      0x655 ./Core/Src/stm32f7xx_it.o
 .debug_line    0x00003830      0x5ba ./Core/Src/system_stm32f7xx.o
 .debug_line    0x00003dea      0x5d0 ./Core/Src/usart.o
 .debug_line    0x000043ba      0x5df ./Core/Src/usb_otg.o
 .debug_line    0x00004999       0x7a ./Core/Startup/startup_stm32f767zitx.o
 .debug_line    0x00004a13      0x89d ./Drivers/STM32F7xx_HAL_Driver/Src/stm32f7xx_hal.o
 .debug_line    0x000052b0      0xaed ./Drivers/STM32F7xx_HAL_Driver/Src/stm32f7xx_hal_cortex.o
 .debug_line    0x00005d9d      0xdba ./Drivers/STM32F7xx_HAL_Driver/Src/stm32f7xx_hal_dma.o
 .debug_line    0x00006b57     0x184d ./Drivers/STM32F7xx_HAL_Driver/Src/stm32f7xx_hal_eth.o
 .debug_line    0x000083a4      0x9c7 ./Drivers/STM32F7xx_HAL_Driver/Src/stm32f7xx_hal_gpio.o
 .debug_line    0x00008d6b     0x1241 ./Drivers/STM32F7xx_HAL_Driver/Src/stm32f7xx_hal_pcd.o
 .debug_line    0x00009fac      0x658 ./Drivers/STM32F7xx_HAL_Driver/Src/stm32f7xx_hal_pcd_ex.o
 .debug_line    0x0000a604      0x76d ./Drivers/STM32F7xx_HAL_Driver/Src/stm32f7xx_hal_pwr.o
 .debug_line    0x0000ad71      0x83d ./Drivers/STM32F7xx_HAL_Driver/Src/stm32f7xx_hal_pwr_ex.o
 .debug_line    0x0000b5ae     0x12c2 ./Drivers/STM32F7xx_HAL_Driver/Src/stm32f7xx_hal_qspi.o
 .debug_line    0x0000c870      0xda4 ./Drivers/STM32F7xx_HAL_Driver/Src/stm32f7xx_hal_rcc.o
 .debug_line    0x0000d614      0xcf0 ./Drivers/STM32F7xx_HAL_Driver/Src/stm32f7xx_hal_rcc_ex.o
 .debug_line    0x0000e304     0x1c64 ./Drivers/STM32F7xx_HAL_Driver/Src/stm32f7xx_hal_sd.o
 .debug_line    0x0000ff68     0x1e73 ./Drivers/STM32F7xx_HAL_Driver/Src/stm32f7xx_hal_spi.o
 .debug_line    0x00011ddb     0x2b59 ./Drivers/STM32F7xx_HAL_Driver/Src/stm32f7xx_hal_uart.o
 .debug_line    0x00014934      0xdb7 ./Drivers/STM32F7xx_HAL_Driver/Src/stm32f7xx_ll_sdmmc.o
 .debug_line    0x000156eb     0x1b4e ./Drivers/STM32F7xx_HAL_Driver/Src/stm32f7xx_ll_usb.o
 .debug_line    0x00017239      0x6c9 ./FATFS/App/fatfs.o
 .debug_line    0x00017902      0x735 ./FATFS/Target/bsp_driver_sd.o
 .debug_line    0x00018037      0x561 ./FATFS/Target/fatfs_platform.o
 .debug_line    0x00018598      0x915 ./FATFS/Target/sd_diskio.o
 .debug_line    0x00018ead      0x754 ./Middlewares/Third_Party/FatFs/src/ff_gen_drv.o
 .debug_line    0x00019601      0x123 /usr/lib/gcc/arm-none-eabi/14.2.0/../../../../arm-none-eabi/lib/thumb/v7e-m+dp/hard/libc_nano.a(libc_a-memset.o)
 .debug_line    0x00019724      0x115 /usr/lib/gcc/arm-none-eabi/14.2.0/../../../../arm-none-eabi/lib/thumb/v7e-m+dp/hard/libc_nano.a(libc_a-init.o)
 .debug_line    0x00019839       0x4e /usr/lib/gcc/arm-none-eabi/14.2.0/thumb/v7e-m+dp/hard/libgcc.a(_aeabi_uldivmod.o)
 .debug_line    0x00019887      0x547 /usr/lib/gcc/arm-none-eabi/14.2.0/thumb/v7e-m+dp/hard/libgcc.a(_udivmoddi4.o)
 .debug_line    0x00019dce       0x4a /usr/lib/gcc/arm-none-eabi/14.2.0/thumb/v7e-m+dp/hard/libgcc.a(_dvmd_tls.o)

.debug_str      0x00000000   0x104628
 .debug_str     0x00000000   0x104628 ./Core/Src/dma.o
                              0xf8e26 (size before relaxing)
 .debug_str     0x00104628    0xfc0c1 ./Core/Src/eth.o
 .debug_str     0x00104628    0xf8883 ./Core/Src/gpio.o
 .debug_str     0x00104628    0xfcf81 ./Core/Src/main.o
 .debug_str     0x00104628    0xf952b ./Core/Src/quadspi.o
 .debug_str     0x00104628    0xf96fe ./Core/Src/sdmmc.o
 .debug_str     0x00104628    0xf8ded ./Core/Src/spi.o
 .debug_str     0x00104628    0xf87b8 ./Core/Src/stm32f7xx_hal_msp.o
 .debug_str     0x00104628    0xf8e69 ./Core/Src/stm32f7xx_it.o
 .debug_str     0x00104628    0xf8410 ./Core/Src/system_stm32f7xx.o
 .debug_str     0x00104628    0xf9042 ./Core/Src/usart.o
 .debug_str     0x00104628    0xf8fd1 ./Core/Src/usb_otg.o
 .debug_str     0x00104628       0x7f ./Core/Startup/startup_stm32f767zitx.o
 .debug_str     0x00104628    0xf8e50 ./Drivers/STM32F7xx_HAL_Driver/Src/stm32f7xx_hal.o
 .debug_str     0x00104628    0xf8e32 ./Drivers/STM32F7xx_HAL_Driver/Src/stm32f7xx_hal_cortex.o
 .debug_str     0x00104628    0xf874f ./Drivers/STM32F7xx_HAL_Driver/Src/stm32f7xx_hal_dma.o
 .debug_str     0x00104628    0xf9c4c ./Drivers/STM32F7xx_HAL_Driver/Src/stm32f7xx_hal_eth.o
 .debug_str     0x00104628    0xf84ce ./Drivers/STM32F7xx_HAL_Driver/Src/stm32f7xx_hal_gpio.o
 .debug_str     0x00104628    0xf8e49 ./Drivers/STM32F7xx_HAL_Driver/Src/stm32f7xx_hal_pcd.o
 .debug_str     0x00104628    0xf874b ./Drivers/STM32F7xx_HAL_Driver/Src/stm32f7xx_hal_pcd_ex.o
 .debug_str     0x00104628    0xf86b1 ./Drivers/STM32F7xx_HAL_Driver/Src/stm32f7xx_hal_pwr.o
 .debug_str     0x00104628    0xf867f ./Drivers/STM32F7xx_HAL_Driver/Src/stm32f7xx_hal_pwr_ex.o
 .debug_str     0x00104628    0xf8dab ./Drivers/STM32F7xx_HAL_Driver/Src/stm32f7xx_hal_qspi.o
 .debug_str     0x00104628    0xf878b ./Drivers/STM32F7xx_HAL_Driver/Src/stm32f7xx_hal_rcc.o
 .debug_str     0x00104628    0xf86ee ./Drivers/STM32F7xx_HAL_Driver/Src/stm32f7xx_hal_rcc_ex.o
 .debug_str     0x00104628    0xf909f ./Drivers/STM32F7xx_HAL_Driver/Src/stm32f7xx_hal_sd.o
 .debug_str     0x00104628    0xf8c4a ./Drivers/STM32F7xx_HAL_Driver/Src/stm32f7xx_hal_spi.o
 .debug_str     0x00104628    0xf90d9 ./Drivers/STM32F7xx_HAL_Driver/Src/stm32f7xx_hal_uart.o
 .debug_str     0x00104628    0xf87c4 ./Drivers/STM32F7xx_HAL_Driver/Src/stm32f7xx_ll_sdmmc.o
 .debug_str     0x00104628    0xf8d26 ./Drivers/STM32F7xx_HAL_Driver/Src/stm32f7xx_ll_usb.o
 .debug_str     0x00104628    0xfc1fa ./FATFS/App/fatfs.o
 .debug_str     0x00104628    0xf8a05 ./FATFS/Target/bsp_driver_sd.o
 .debug_str     0x00104628    0xf8280 ./FATFS/Target/fatfs_platform.o
 .debug_str     0x00104628    0xfc2e7 ./FATFS/Target/sd_diskio.o
 .debug_str     0x00104628    0xfc166 ./Middlewares/Third_Party/FatFs/src/ff_gen_drv.o
 .debug_str     0x00104628      0x1c2 /usr/lib/gcc/arm-none-eabi/14.2.0/../../../../arm-none-eabi/lib/thumb/v7e-m+dp/hard/libc_nano.a(libc_a-memset.o)
 .debug_str     0x00104628      0x223 /usr/lib/gcc/arm-none-eabi/14.2.0/../../../../arm-none-eabi/lib/thumb/v7e-m+dp/hard/libc_nano.a(libc_a-init.o)
 .debug_str     0x00104628       0x9e /usr/lib/gcc/arm-none-eabi/14.2.0/thumb/v7e-m+dp/hard/libgcc.a(_aeabi_uldivmod.o)
 .debug_str     0x00104628      0x6b9 /usr/lib/gcc/arm-none-eabi/14.2.0/thumb/v7e-m+dp/hard/libgcc.a(_udivmoddi4.o)
 .debug_str     0x00104628       0xbe /usr/lib/gcc/arm-none-eabi/14.2.0/thumb/v7e-m+dp/hard/libgcc.a(_dvmd_tls.o)

.comment        0x00000000       0x1e
 .comment       0x00000000       0x1e ./Core/Src/dma.o
                                 0x1f (size before relaxing)
 .comment       0x0000001e       0x1f ./Core/Src/eth.o
 .comment       0x0000001e       0x1f ./Core/Src/gpio.o
 .comment       0x0000001e       0x1f ./Core/Src/main.o
 .comment       0x0000001e       0x1f ./Core/Src/quadspi.o
 .comment       0x0000001e       0x1f ./Core/Src/sdmmc.o
 .comment       0x0000001e       0x1f ./Core/Src/spi.o
 .comment       0x0000001e       0x1f ./Core/Src/stm32f7xx_hal_msp.o
 .comment       0x0000001e       0x1f ./Core/Src/stm32f7xx_it.o
 .comment       0x0000001e       0x1f ./Core/Src/system_stm32f7xx.o
 .comment       0x0000001e       0x1f ./Core/Src/usart.o
 .comment       0x0000001e       0x1f ./Core/Src/usb_otg.o
 .comment       0x0000001e       0x1f ./Drivers/STM32F7xx_HAL_Driver/Src/stm32f7xx_hal.o
 .comment       0x0000001e       0x1f ./Drivers/STM32F7xx_HAL_Driver/Src/stm32f7xx_hal_cortex.o
 .comment       0x0000001e       0x1f ./Drivers/STM32F7xx_HAL_Driver/Src/stm32f7xx_hal_dma.o
 .comment       0x0000001e       0x1f ./Drivers/STM32F7xx_HAL_Driver/Src/stm32f7xx_hal_eth.o
 .comment       0x0000001e       0x1f ./Drivers/STM32F7xx_HAL_Driver/Src/stm32f7xx_hal_gpio.o
 .comment       0x0000001e       0x1f ./Drivers/STM32F7xx_HAL_Driver/Src/stm32f7xx_hal_pcd.o
 .comment       0x0000001e       0x1f ./Drivers/STM32F7xx_HAL_Driver/Src/stm32f7xx_hal_pcd_ex.o
 .comment       0x0000001e       0x1f ./Drivers/STM32F7xx_HAL_Driver/Src/stm32f7xx_hal_pwr.o
 .comment       0x0000001e       0x1f ./Drivers/STM32F7xx_HAL_Driver/Src/stm32f7xx_hal_pwr_ex.o
 .comment       0x0000001e       0x1f ./Drivers/STM32F7xx_HAL_Driver/Src/stm32f7xx_hal_qspi.o
 .comment       0x0000001e       0x1f ./Drivers/STM32F7xx_HAL_Driver/Src/stm32f7xx_hal_rcc.o
 .comment       0x0000001e       0x1f ./Drivers/STM32F7xx_HAL_Driver/Src/stm32f7xx_hal_rcc_ex.o
 .comment       0x0000001e       0x1f ./Drivers/STM32F7xx_HAL_Driver/Src/stm32f7xx_hal_sd.o
 .comment       0x0000001e       0x1f ./Drivers/STM32F7xx_HAL_Driver/Src/stm32f7xx_hal_spi.o
 .comment       0x0000001e       0x1f ./Drivers/STM32F7xx_HAL_Driver/Src/stm32f7xx_hal_uart.o
 .comment       0x0000001e       0x1f ./Drivers/STM32F7xx_HAL_Driver/Src/stm32f7xx_ll_sdmmc.o
 .comment       0x0000001e       0x1f ./Drivers/STM32F7xx_HAL_Driver/Src/stm32f7xx_ll_usb.o
 .comment       0x0000001e       0x1f ./FATFS/App/fatfs.o
 .comment       0x0000001e       0x1f ./FATFS/Target/bsp_driver_sd.o
 .comment       0x0000001e       0x1f ./FATFS/Target/fatfs_platform.o
 .comment       0x0000001e       0x1f ./FATFS/Target/sd_diskio.o
 .comment       0x0000001e       0x1f ./Middlewares/Third_Party/FatFs/src/ff_gen_drv.o
 .comment       0x0000001e       0x1f /usr/lib/gcc/arm-none-eabi/14.2.0/../../../../arm-none-eabi/lib/thumb/v7e-m+dp/hard/libc_nano.a(libc_a-memset.o)
 .comment       0x0000001e       0x1f /usr/lib/gcc/arm-none-eabi/14.2.0/../../../../arm-none-eabi/lib/thumb/v7e-m+dp/hard/libc_nano.a(libc_a-init.o)
 .comment       0x0000001e       0x1f /usr/lib/gcc/arm-none-eabi/14.2.0/thumb/v7e-m+dp/hard/libgcc.a(_udivmoddi4.o)

.debug_frame    0x00000000     0x5ce4
 .debug_frame   0x00000000       0x34 ./Core/Src/dma.o
 .debug_frame   0x00000034       0x74 ./Core/Src/eth.o
 .debug_frame   0x000000a8       0x34 ./Core/Src/gpio.o
 .debug_frame   0x000000dc       0x70 ./Core/Src/main.o
 .debug_frame   0x0000014c       0x98 ./Core/Src/quadspi.o
 .debug_frame   0x000001e4       0x7c ./Core/Src/sdmmc.o
 .debug_frame   0x00000260      0x108 ./Core/Src/spi.o
 .debug_frame   0x00000368       0x38 ./Core/Src/stm32f7xx_hal_msp.o
 .debug_frame   0x000003a0      0x174 ./Core/Src/stm32f7xx_it.o
 .debug_frame   0x00000514       0x58 ./Core/Src/system_stm32f7xx.o
 .debug_frame   0x0000056c       0x78 ./Core/Src/usart.o
 .debug_frame   0x000005e4       0x78 ./Core/Src/usb_otg.o
 .debug_frame   0x0000065c      0x3f4 ./Drivers/STM32F7xx_HAL_Driver/Src/stm32f7xx_hal.o
 .debug_frame   0x00000a50      0x4e8 ./Drivers/STM32F7xx_HAL_Driver/Src/stm32f7xx_hal_cortex.o
 .debug_frame   0x00000f38      0x250 ./Drivers/STM32F7xx_HAL_Driver/Src/stm32f7xx_hal_dma.o
 .debug_frame   0x00001188      0x8c0 ./Drivers/STM32F7xx_HAL_Driver/Src/stm32f7xx_hal_eth.o
 .debug_frame   0x00001a48      0x14c ./Drivers/STM32F7xx_HAL_Driver/Src/stm32f7xx_hal_gpio.o
 .debug_frame   0x00001b94      0x5b8 ./Drivers/STM32F7xx_HAL_Driver/Src/stm32f7xx_hal_pcd.o
 .debug_frame   0x0000214c      0x100 ./Drivers/STM32F7xx_HAL_Driver/Src/stm32f7xx_hal_pcd_ex.o
 .debug_frame   0x0000224c      0x254 ./Drivers/STM32F7xx_HAL_Driver/Src/stm32f7xx_hal_pwr.o
 .debug_frame   0x000024a0      0x1c8 ./Drivers/STM32F7xx_HAL_Driver/Src/stm32f7xx_hal_pwr_ex.o
 .debug_frame   0x00002668      0x6a4 ./Drivers/STM32F7xx_HAL_Driver/Src/stm32f7xx_hal_qspi.o
 .debug_frame   0x00002d0c      0x1f8 ./Drivers/STM32F7xx_HAL_Driver/Src/stm32f7xx_hal_rcc.o
 .debug_frame   0x00002f04      0x118 ./Drivers/STM32F7xx_HAL_Driver/Src/stm32f7xx_hal_rcc_ex.o
 .debug_frame   0x0000301c      0x650 ./Drivers/STM32F7xx_HAL_Driver/Src/stm32f7xx_hal_sd.o
 .debug_frame   0x0000366c      0x860 ./Drivers/STM32F7xx_HAL_Driver/Src/stm32f7xx_hal_spi.o
 .debug_frame   0x00003ecc      0xa10 ./Drivers/STM32F7xx_HAL_Driver/Src/stm32f7xx_hal_uart.o
 .debug_frame   0x000048dc      0x6d0 ./Drivers/STM32F7xx_HAL_Driver/Src/stm32f7xx_ll_sdmmc.o
 .debug_frame   0x00004fac      0x7c0 ./Drivers/STM32F7xx_HAL_Driver/Src/stm32f7xx_ll_usb.o
 .debug_frame   0x0000576c       0x4c ./FATFS/App/fatfs.o
 .debug_frame   0x000057b8      0x238 ./FATFS/Target/bsp_driver_sd.o
 .debug_frame   0x000059f0       0x34 ./FATFS/Target/fatfs_platform.o
 .debug_frame   0x00005a24      0x14c ./FATFS/Target/sd_diskio.o
 .debug_frame   0x00005b70       0xc8 ./Middlewares/Third_Party/FatFs/src/ff_gen_drv.o
 .debug_frame   0x00005c38       0x20 /usr/lib/gcc/arm-none-eabi/14.2.0/../../../../arm-none-eabi/lib/thumb/v7e-m+dp/hard/libc_nano.a(libc_a-memset.o)
 .debug_frame   0x00005c58       0x2c /usr/lib/gcc/arm-none-eabi/14.2.0/../../../../arm-none-eabi/lib/thumb/v7e-m+dp/hard/libc_nano.a(libc_a-init.o)
 .debug_frame   0x00005c84       0x2c /usr/lib/gcc/arm-none-eabi/14.2.0/thumb/v7e-m+dp/hard/libgcc.a(_aeabi_uldivmod.o)
 .debug_frame   0x00005cb0       0x34 /usr/lib/gcc/arm-none-eabi/14.2.0/thumb/v7e-m+dp/hard/libgcc.a(_udivmoddi4.o)

.debug_line_str
                0x00000000      0x103
 .debug_line_str
                0x00000000      0x103 ./Core/Startup/startup_stm32f767zitx.o
                                 0x65 (size before relaxing)
 .debug_line_str
                0x00000103       0x92 /usr/lib/gcc/arm-none-eabi/14.2.0/thumb/v7e-m+dp/hard/libgcc.a(_aeabi_uldivmod.o)
 .debug_line_str
                0x00000103       0x96 /usr/lib/gcc/arm-none-eabi/14.2.0/thumb/v7e-m+dp/hard/libgcc.a(_dvmd_tls.o)

.debug_loclists
                0x00000000      0xa25
 .debug_loclists
                0x00000000       0x4d /usr/lib/gcc/arm-none-eabi/14.2.0/../../../../arm-none-eabi/lib/thumb/v7e-m+dp/hard/libc_nano.a(libc_a-memset.o)
 .debug_loclists
                0x0000004d       0x54 /usr/lib/gcc/arm-none-eabi/14.2.0/../../../../arm-none-eabi/lib/thumb/v7e-m+dp/hard/libc_nano.a(libc_a-init.o)
 .debug_loclists
                0x000000a1      0x984 /usr/lib/gcc/arm-none-eabi/14.2.0/thumb/v7e-m+dp/hard/libgcc.a(_udivmoddi4.o)