Archive member included to satisfy reference by file (symbol)

C:/ST/STM32CubeIDE_2.1.0/STM32CubeIDE/plugins/com.st.stm32cube.ide.mcu.externaltools.gnu-tools-for-stm32.14.3.rel1.win32_1.0.100.202602081740/tools/bin/../lib/gcc/arm-none-eabi/14.3.1/../../../../arm-none-eabi/lib/thumb/v7e-m+dp/hard\libc_nano.a(libc_a-exit.o)
                              C:/ST/STM32CubeIDE_2.1.0/STM32CubeIDE/plugins/com.st.stm32cube.ide.mcu.externaltools.gnu-tools-for-stm32.14.3.rel1.win32_1.0.100.202602081740/tools/bin/../lib/gcc/arm-none-eabi/14.3.1/../../../../arm-none-eabi/lib/thumb/v7e-m+dp/hard/crt0.o (exit)
C:/ST/STM32CubeIDE_2.1.0/STM32CubeIDE/plugins/com.st.stm32cube.ide.mcu.externaltools.gnu-tools-for-stm32.14.3.rel1.win32_1.0.100.202602081740/tools/bin/../lib/gcc/arm-none-eabi/14.3.1/../../../../arm-none-eabi/lib/thumb/v7e-m+dp/hard\libc_nano.a(libc_a-malloc.o)
                              ./Middlewares/ST/STM32_USB_Device_Library/Class/CDC/Src/usbd_cdc.o (malloc)
C:/ST/STM32CubeIDE_2.1.0/STM32CubeIDE/plugins/com.st.stm32cube.ide.mcu.externaltools.gnu-tools-for-stm32.14.3.rel1.win32_1.0.100.202602081740/tools/bin/../lib/gcc/arm-none-eabi/14.3.1/../../../../arm-none-eabi/lib/thumb/v7e-m+dp/hard\libc_nano.a(libc_a-mallocr.o)
                              C:/ST/STM32CubeIDE_2.1.0/STM32CubeIDE/plugins/com.st.stm32cube.ide.mcu.externaltools.gnu-tools-for-stm32.14.3.rel1.win32_1.0.100.202602081740/tools/bin/../lib/gcc/arm-none-eabi/14.3.1/../../../../arm-none-eabi/lib/thumb/v7e-m+dp/hard\libc_nano.a(libc_a-malloc.o) (_malloc_r)
C:/ST/STM32CubeIDE_2.1.0/STM32CubeIDE/plugins/com.st.stm32cube.ide.mcu.externaltools.gnu-tools-for-stm32.14.3.rel1.win32_1.0.100.202602081740/tools/bin/../lib/gcc/arm-none-eabi/14.3.1/../../../../arm-none-eabi/lib/thumb/v7e-m+dp/hard\libc_nano.a(libc_a-mlock.o)
                              C:/ST/STM32CubeIDE_2.1.0/STM32CubeIDE/plugins/com.st.stm32cube.ide.mcu.externaltools.gnu-tools-for-stm32.14.3.rel1.win32_1.0.100.202602081740/tools/bin/../lib/gcc/arm-none-eabi/14.3.1/../../../../arm-none-eabi/lib/thumb/v7e-m+dp/hard\libc_nano.a(libc_a-mallocr.o) (__malloc_lock)
C:/ST/STM32CubeIDE_2.1.0/STM32CubeIDE/plugins/com.st.stm32cube.ide.mcu.externaltools.gnu-tools-for-stm32.14.3.rel1.win32_1.0.100.202602081740/tools/bin/../lib/gcc/arm-none-eabi/14.3.1/../../../../arm-none-eabi/lib/thumb/v7e-m+dp/hard\libc_nano.a(libc_a-findfp.o)
                              C:/ST/STM32CubeIDE_2.1.0/STM32CubeIDE/plugins/com.st.stm32cube.ide.mcu.externaltools.gnu-tools-for-stm32.14.3.rel1.win32_1.0.100.202602081740/tools/bin/../lib/gcc/arm-none-eabi/14.3.1/../../../../arm-none-eabi/lib/thumb/v7e-m+dp/hard\libc_nano.a(libc_a-exit.o) (__stdio_exit_handler)
C:/ST/STM32CubeIDE_2.1.0/STM32CubeIDE/plugins/com.st.stm32cube.ide.mcu.externaltools.gnu-tools-for-stm32.14.3.rel1.win32_1.0.100.202602081740/tools/bin/../lib/gcc/arm-none-eabi/14.3.1/../../../../arm-none-eabi/lib/thumb/v7e-m+dp/hard\libc_nano.a(libc_a-fwalk.o)
                              C:/ST/STM32CubeIDE_2.1.0/STM32CubeIDE/plugins/com.st.stm32cube.ide.mcu.externaltools.gnu-tools-for-stm32.14.3.rel1.win32_1.0.100.202602081740/tools/bin/../lib/gcc/arm-none-eabi/14.3.1/../../../../arm-none-eabi/lib/thumb/v7e-m+dp/hard\libc_nano.a(libc_a-findfp.o) (_fwalk_sglue)
C:/ST/STM32CubeIDE_2.1.0/STM32CubeIDE/plugins/com.st.stm32cube.ide.mcu.externaltools.gnu-tools-for-stm32.14.3.rel1.win32_1.0.100.202602081740/tools/bin/../lib/gcc/arm-none-eabi/14.3.1/../../../../arm-none-eabi/lib/thumb/v7e-m+dp/hard\libc_nano.a(libc_a-sprintf.o)
                              ./Core/Src/main.o (sprintf)
C:/ST/STM32CubeIDE_2.1.0/STM32CubeIDE/plugins/com.st.stm32cube.ide.mcu.externaltools.gnu-tools-for-stm32.14.3.rel1.win32_1.0.100.202602081740/tools/bin/../lib/gcc/arm-none-eabi/14.3.1/../../../../arm-none-eabi/lib/thumb/v7e-m+dp/hard\libc_nano.a(libc_a-stdio.o)
                              C:/ST/STM32CubeIDE_2.1.0/STM32CubeIDE/plugins/com.st.stm32cube.ide.mcu.externaltools.gnu-tools-for-stm32.14.3.rel1.win32_1.0.100.202602081740/tools/bin/../lib/gcc/arm-none-eabi/14.3.1/../../../../arm-none-eabi/lib/thumb/v7e-m+dp/hard\libc_nano.a(libc_a-findfp.o) (__sread)
C:/ST/STM32CubeIDE_2.1.0/STM32CubeIDE/plugins/com.st.stm32cube.ide.mcu.externaltools.gnu-tools-for-stm32.14.3.rel1.win32_1.0.100.202602081740/tools/bin/../lib/gcc/arm-none-eabi/14.3.1/../../../../arm-none-eabi/lib/thumb/v7e-m+dp/hard\libc_nano.a(libc_a-memset.o)
                              C:/ST/STM32CubeIDE_2.1.0/STM32CubeIDE/plugins/com.st.stm32cube.ide.mcu.externaltools.gnu-tools-for-stm32.14.3.rel1.win32_1.0.100.202602081740/tools/bin/../lib/gcc/arm-none-eabi/14.3.1/../../../../arm-none-eabi/lib/thumb/v7e-m+dp/hard/crt0.o (memset)
C:/ST/STM32CubeIDE_2.1.0/STM32CubeIDE/plugins/com.st.stm32cube.ide.mcu.externaltools.gnu-tools-for-stm32.14.3.rel1.win32_1.0.100.202602081740/tools/bin/../lib/gcc/arm-none-eabi/14.3.1/../../../../arm-none-eabi/lib/thumb/v7e-m+dp/hard\libc_nano.a(libc_a-closer.o)
[...]
Memory Configuration

Name             Origin             Length             Attributes
RAM              0x20000000         0x00080000         xrw
FLASH            0x08000000         0x001e0000         xr
BITSTREAM_FLASH  0x081e0000         0x00020000         r
*default*        0x00000000         0xffffffff

Linker script and memory map

LOAD C:/ST/STM32CubeIDE_2.1.0/STM32CubeIDE/plugins/com.st.stm32cube.ide.mcu.externaltools.gnu-tools-for-stm32.14.3.rel1.win32_1.0.100.202602081740/tools/bin/../lib/gcc/arm-none-eabi/14.3.1/thumb/v7e-m+dp/hard/crti.o
LOAD C:/ST/STM32CubeIDE_2.1.0/STM32CubeIDE/plugins/com.st.stm32cube.ide.mcu.externaltools.gnu-tools-for-stm32.14.3.rel1.win32_1.0.100.202602081740/tools/bin/../lib/gcc/arm-none-eabi/14.3.1/thumb/v7e-m+dp/hard/crtbegin.o
LOAD C:/ST/STM32CubeIDE_2.1.0/STM32CubeIDE/plugins/com.st.stm32cube.ide.mcu.externaltools.gnu-tools-for-stm32.14.3.rel1.win32_1.0.100.202602081740/tools/bin/../lib/gcc/arm-none-eabi/14.3.1/../../../../arm-none-eabi/lib/thumb/v7e-m+dp/hard/crt0.o
LOAD ./Core/Src/dma.o
LOAD ./Core/Src/eth.o
LOAD ./Core/Src/gpio.o
LOAD ./Core/Src/main.o
LOAD ./Core/Src/quadspi.o
LOAD ./Core/Src/sdmmc.o
LOAD ./Core/Src/spi.o
LOAD ./Core/Src/stm32f7xx_hal_msp.o
LOAD ./Core/Src/stm32f7xx_it.o
LOAD ./Core/Src/syscalls.o
LOAD ./Core/Src/sysmem.o
LOAD ./Core/Src/system_stm32f7xx.o
LOAD ./Core/Src/usart.o
LOAD ./Core/Startup/startup_stm32f767zitx.o
LOAD ./Drivers/STM32F7xx_HAL_Driver/Src/stm32f7xx_hal.o
LOAD ./Drivers/STM32F7xx_HAL_Driver/Src/stm32f7xx_hal_cortex.o
LOAD ./Drivers/STM32F7xx_HAL_Driver/Src/stm32f7xx_hal_dma.o
LOAD ./Drivers/STM32F7xx_HAL_Driver/Src/stm32f7xx_hal_dma_ex.o
LOAD ./Drivers/STM32F7xx_HAL_Driver/Src/stm32f7xx_hal_eth.o
LOAD ./Drivers/STM32F7xx_HAL_Driver/Src/stm32f7xx_hal_exti.o
LOAD ./Drivers/STM32F7xx_HAL_Driver/Src/stm32f7xx_hal_flash.o
LOAD ./Drivers/STM32F7xx_HAL_Driver/Src/stm32f7xx_hal_flash_ex.o
LOAD ./Drivers/STM32F7xx_HAL_Driver/Src/stm32f7xx_hal_gpio.o
LOAD ./Drivers/STM32F7xx_HAL_Driver/Src/stm32f7xx_hal_i2c.o
LOAD ./Drivers/STM32F7xx_HAL_Driver/Src/stm32f7xx_hal_i2c_ex.o
LOAD ./Drivers/STM32F7xx_HAL_Driver/Src/stm32f7xx_hal_mmc.o
LOAD ./Drivers/STM32F7xx_HAL_Driver/Src/stm32f7xx_hal_pcd.o
LOAD ./Drivers/STM32F7xx_HAL_Driver/Src/stm32f7xx_hal_pcd_ex.o
LOAD ./Drivers/STM32F7xx_HAL_Driver/Src/stm32f7xx_hal_pwr.o
LOAD ./Drivers/STM32F7xx_HAL_Driver/Src/stm32f7xx_hal_pwr_ex.o
LOAD ./Drivers/STM32F7xx_HAL_Driver/Src/stm32f7xx_hal_qspi.o
LOAD ./Drivers/STM32F7xx_HAL_Driver/Src/stm32f7xx_hal_rcc.o
LOAD ./Drivers/STM32F7xx_HAL_Driver/Src/stm32f7xx_hal_rcc_ex.o
LOAD ./Drivers/STM32F7xx_HAL_Driver/Src/stm32f7xx_hal_sd.o
LOAD ./Drivers/STM32F7xx_HAL_Driver/Src/stm32f7xx_hal_spi.o
LOAD ./Drivers/STM32F7xx_HAL_Driver/Src/stm32f7xx_hal_spi_ex.o
LOAD ./Drivers/STM32F7xx_HAL_Driver/Src/stm32f7xx_hal_uart.o
LOAD ./Drivers/STM32F7xx_HAL_Driver/Src/stm32f7xx_hal_uart_ex.o
LOAD ./Drivers/STM32F7xx_HAL_Driver/Src/stm32f7xx_ll_sdmmc.o
LOAD ./Drivers/STM32F7xx_HAL_Driver/Src/stm32f7xx_ll_usb.o
LOAD ./FATFS/App/fatfs.o
LOAD ./FATFS/Target/bsp_driver_sd.o
LOAD ./FATFS/Target/fatfs_platform.o
LOAD ./FATFS/Target/sd_diskio.o
LOAD ./Middlewares/ST/STM32_USB_Device_Library/Class/CDC/Src/usbd_cdc.o
LOAD ./Middlewares/ST/STM32_USB_Device_Library/Core/Src/usbd_core.o
LOAD ./Middlewares/ST/STM32_USB_Device_Library/Core/Src/usbd_ctlreq.o
LOAD ./Middlewares/ST/STM32_USB_Device_Library/Core/Src/usbd_ioreq.o
LOAD ./Middlewares/Third_Party/FatFs/src/diskio.o
LOAD ./Middlewares/Third_Party/FatFs/src/ff.o
LOAD ./Middlewares/Third_Party/FatFs/src/ff_gen_drv.o
LOAD ./Middlewares/Third_Party/FatFs/src/option/ccsbcs.o
LOAD ./Middlewares/Third_Party/FatFs/src/option/syscall.o
LOAD ./USB_DEVICE/App/usb_device.o
LOAD ./USB_DEVICE/App/usbd_cdc_if.o
LOAD ./USB_DEVICE/App/usbd_desc.o
LOAD ./USB_DEVICE/Target/usbd_conf.o
LOAD C:/Users/Jem/Documents/IEEE1394_SDCard_Interface/HDL/build/top.o
START GROUP
LOAD C:/ST/STM32CubeIDE_2.1.0/STM32CubeIDE/plugins/com.st.stm32cube.ide.mcu.externaltools.gnu-tools-for-stm32.14.3.rel1.win32_1.0.100.202602081740/tools/bin/../lib/gcc/arm-none-eabi/14.3.1/../../../../arm-none-eabi/lib/thumb/v7e-m+dp/hard\libc_nano.a
LOAD C:/ST/STM32CubeIDE_2.1.0/STM32CubeIDE/plugins/com.st.stm32cube.ide.mcu.externaltools.gnu-tools-for-stm32.14.3.rel1.win32_1.0.100.202602081740/tools/bin/../lib/gcc/arm-none-eabi/14.3.1/../../../../arm-none-eabi/lib/thumb/v7e-m+dp/hard\libm.a
END GROUP
START GROUP
LOAD C:/ST/STM32CubeIDE_2.1.0/STM32CubeIDE/plugins/com.st.stm32cube.ide.mcu.externaltools.gnu-tools-for-stm32.14.3.rel1.win32_1.0.100.202602081740/tools/bin/../lib/gcc/arm-none-eabi/14.3.1/thumb/v7e-m+dp/hard\libgcc.a
LOAD C:/ST/STM32CubeIDE_2.1.0/STM32CubeIDE/plugins/com.st.stm32cube.ide.mcu.externaltools.gnu-tools-for-stm32.14.3.rel1.win32_1.0.100.202602081740/tools/bin/../lib/gcc/arm-none-eabi/14.3.1/../../../../arm-none-eabi/lib/thumb/v7e-m+dp/hard\libc_nano.a
END GROUP
START GROUP
LOAD C:/ST/STM32CubeIDE_2.1.0/STM32CubeIDE/plugins/com.st.stm32cube.ide.mcu.externaltools.gnu-tools-for-stm32.14.3.rel1.win32_1.0.100.202602081740/tools/bin/../lib/gcc/arm-none-eabi/14.3.1/thumb/v7e-m+dp/hard\libgcc.a
LOAD C:/ST/STM32CubeIDE_2.1.0/STM32CubeIDE/plugins/com.st.stm32cube.ide.mcu.externaltools.gnu-tools-for-stm32.14.3.rel1.win32_1.0.100.202602081740/tools/bin/../lib/gcc/arm-none-eabi/14.3.1/../../../../arm-none-eabi/lib/thumb/v7e-m+dp/hard\libc_nano.a
LOAD C:/ST/STM32CubeIDE_2.1.0/STM32CubeIDE/plugins/com.st.stm32cube.ide.mcu.externaltools.gnu-tools-for-stm32.14.3.rel1.win32_1.0.100.202602081740/tools/bin/../lib/gcc/arm-none-eabi/14.3.1/../../../../arm-none-eabi/lib/thumb/v7e-m+dp/hard\libnosys.a
END GROUP
START GROUP
LOAD C:/ST/STM32CubeIDE_2.1.0/STM32CubeIDE/plugins/com.st.stm32cube.ide.mcu.externaltools.gnu-tools-for-stm32.14.3.rel1.win32_1.0.100.202602081740/tools/bin/../lib/gcc/arm-none-eabi/14.3.1/thumb/v7e-m+dp/hard\libgcc.a
LOAD C:/ST/STM32CubeIDE_2.1.0/STM32CubeIDE/plugins/com.st.stm32cube.ide.mcu.externaltools.gnu-tools-for-stm32.14.3.rel1.win32_1.0.100.202602081740/tools/bin/../lib/gcc/arm-none-eabi/14.3.1/../../../../arm-none-eabi/lib/thumb/v7e-m+dp/hard\libc_nano.a
LOAD C:/ST/STM32CubeIDE_2.1.0/STM32CubeIDE/plugins/com.st.stm32cube.ide.mcu.externaltools.gnu-tools-for-stm32.14.3.rel1.win32_1.0.100.202602081740/tools/bin/../lib/gcc/arm-none-eabi/14.3.1/../../../../arm-none-eabi/lib/thumb/v7e-m+dp/hard\libnosys.a
END GROUP
LOAD C:/ST/STM32CubeIDE_2.1.0/STM32CubeIDE/plugins/com.st.stm32cube.ide.mcu.externaltools.gnu-tools-for-stm32.14.3.rel1.win32_1.0.100.202602081740/tools/bin/../lib/gcc/arm-none-eabi/14.3.1/thumb/v7e-m+dp/hard/crtend.o
LOAD C:/ST/STM32CubeIDE_2.1.0/STM32CubeIDE/plugins/com.st.stm32cube.ide.mcu.externaltools.gnu-tools-for-stm32.14.3.rel1.win32_1.0.100.202602081740/tools/bin/../lib/gcc/arm-none-eabi/14.3.1/thumb/v7e-m+dp/hard/crtn.o
                0x20080000                        _estack = (ORIGIN (RAM) + LENGTH (RAM))
                0x00000400                        _Min_Heap_Size = 0x400
                0x00000800                        _Min_Stack_Size = 0x800

.fpgabitstream  0x081e0000    0x1165c
                0x081e0000                        . = ALIGN (0x4)
 *(.fpgabitstream)
 .fpgabitstream
                0x081e0000    0x1165c C:/Users/Jem/Documents/IEEE1394_SDCard_Interface/HDL/build/top.o
                0x081e0000                _binary_build_top_bin_start
                0x081f165c                _binary_build_top_bin_end
                0x081f165c                        . = ALIGN (0x4)

.isr_vector     0x08000000      0x1f8
                0x08000000                        . = ALIGN (0x4)
 *(.isr_vector)
 .isr_vector    0x08000000      0x1f8 ./Core/Startup/startup_stm32f767zitx.o
                0x08000000                g_pfnVectors
                0x080001f8                        . = ALIGN (0x4)

.text           0x08000200    0x10da4
                0x08000200                        . = ALIGN (0x4)
 *(.text)
 .text          0x08000200       0x40 C:/ST/STM32CubeIDE_2.1.0/STM32CubeIDE/plugins/com.st.stm32cube.ide.mcu.externaltools.gnu-tools-for-stm32.14.3.rel1.win32_1.0.100.202602081740/tools/bin/../lib/gcc/arm-none-eabi/14.3.1/thumb/v7e-m+dp/hard/crtbegin.o
 .text          0x08000240       0xa0 C:/ST/STM32CubeIDE_2.1.0/STM32CubeIDE/plugins/com.st.stm32cube.ide.mcu.externaltools.gnu-tools-for-stm32.14.3.rel1.win32_1.0.100.202602081740/tools/bin/../lib/gcc/arm-none-eabi/14.3.1/../../../../arm-none-eabi/lib/thumb/v7e-m+dp/hard\libc_nano.a(libc_a-memchr.o)
                0x08000240                memchr
 .text          0x080002e0       0x30 C:/ST/STM32CubeIDE_2.1.0/STM32CubeIDE/plugins/com.st.stm32cube.ide.mcu.externaltools.gnu-tools-for-stm32.14.3.rel1.win32_1.0.100.202602081740/tools/bin/../lib/gcc/arm-none-eabi/14.3.1/thumb/v7e-m+dp/hard\libgcc.a(_aeabi_uldivmod.o)
                0x080002e0                __aeabi_uldivmod
 .text          0x08000310      0x2f8 C:/ST/STM32CubeIDE_2.1.0/STM32CubeIDE/plugins/com.st.stm32cube.ide.mcu.externaltools.gnu-tools-for-stm32.14.3.rel1.win32_1.0.100.202602081740/tools/bin/../lib/gcc/arm-none-eabi/14.3.1/thumb/v7e-m+dp/hard\libgcc.a(_udivmoddi4.o)
                0x08000310                __udivmoddi4
 .text          0x08000608        0x4 C:/ST/STM32CubeIDE_2.1.0/STM32CubeIDE/plugins/com.st.stm32cube.ide.mcu.externaltools.gnu-tools-for-stm32.14.3.rel1.win32_1.0.100.202602081740/tools/bin/../lib/gcc/arm-none-eabi/14.3.1/thumb/v7e-m+dp/hard\libgcc.a(_dvmd_tls.o)
                0x08000608                __aeabi_idiv0
                0x08000608                __aeabi_ldiv0
 *(.text*)
 .text.MX_DMA_Init
                0x0800060c       0x4c ./Core/Src/dma.o
                0x0800060c                MX_DMA_Init
 .text.MX_ETH_Init
                0x08000658       0x9c ./Core/Src/eth.o
                0x08000658                MX_ETH_Init
 .text.HAL_ETH_MspInit
                0x080006f4      0x170 ./Core/Src/eth.o
                0x080006f4                HAL_ETH_MspInit
 .text.MX_GPIO_Init
                0x08000864      0x1e0 ./Core/Src/gpio.o
                0x08000864                MX_GPIO_Init
 .text.USB_CDC_Print
                0x08000a44       0x14 ./Core/Src/main.o
 .text.main     0x08000a58      0x294 ./Core/Src/main.o
                0x08000a58                main
 .text.SystemClock_Config
                0x08000cec       0xe0 ./Core/Src/main.o
                0x08000cec                SystemClock_Config
 .text.HAL_GPIO_EXTI_Callback
                0x08000dcc       0x28 ./Core/Src/main.o
                0x08000dcc                HAL_GPIO_EXTI_Callback
 .text.Error_Handler
                0x08000df4        0xc ./Core/Src/main.o
                0x08000df4                Error_Handler
 .text.MX_QUADSPI_Init
                0x08000e00       0x5c ./Core/Src/quadspi.o
                0x08000e00                MX_QUADSPI_Init
 .text.HAL_QSPI_MspInit
                0x08000e5c      0x130 ./Core/Src/quadspi.o
                0x08000e5c                HAL_QSPI_MspInit
 .text.QSPI_ConfigureMemoryMapped
                0x08000f8c       0x5c ./Core/Src/quadspi.o
                0x08000f8c                QSPI_ConfigureMemoryMapped
 .text.MX_SDMMC1_SD_Init
                0x08000fe8       0x40 ./Core/Src/sdmmc.o
                0x08000fe8                MX_SDMMC1_SD_Init
 .text.HAL_SD_MspInit
                0x08001028      0x248 ./Core/Src/sdmmc.o
                0x08001028                HAL_SD_MspInit
 .text.WriteBitStream
                0x08001270       0x78 ./Core/Src/spi.o
                0x08001270                WriteBitStream
 .text.MX_SPI3_Init
                0x080012e8       0x7c ./Core/Src/spi.o
                0x080012e8                MX_SPI3_Init
 .text.HAL_SPI_MspInit
                0x08001364       0x88 ./Core/Src/spi.o
                0x08001364                HAL_SPI_MspInit
 .text.SSHigh   0x080013ec       0x18 ./Core/Src/spi.o
                0x080013ec                SSHigh
 .text.SSLow    0x08001404       0x18 ./Core/Src/spi.o
                0x08001404                SSLow
 .text.FPGARstHigh
                0x0800141c       0x18 ./Core/Src/spi.o
                0x0800141c                FPGARstHigh
 .text.FPGARstLow
                0x08001434       0x18 ./Core/Src/spi.o
                0x08001434                FPGARstLow
 .text.HAL_MspInit
                0x0800144c       0x48 ./Core/Src/stm32f7xx_hal_msp.o
                0x0800144c                HAL_MspInit
 .text.NMI_Handler
                0x08001494        0x8 ./Core/Src/stm32f7xx_it.o
                0x08001494                NMI_Handler
 .text.HardFault_Handler
                0x0800149c        0x8 ./Core/Src/stm32f7xx_it.o
                0x0800149c                HardFault_Handler
 .text.MemManage_Handler
                0x080014a4        0x8 ./Core/Src/stm32f7xx_it.o
                0x080014a4                MemManage_Handler
 .text.BusFault_Handler
                0x080014ac        0x8 ./Core/Src/stm32f7xx_it.o
                0x080014ac                BusFault_Handler
 .text.UsageFault_Handler
                0x080014b4        0x8 ./Core/Src/stm32f7xx_it.o
                0x080014b4                UsageFault_Handler
 .text.SVC_Handler
                0x080014bc        0xe ./Core/Src/stm32f7xx_it.o
                0x080014bc                SVC_Handler
 .text.DebugMon_Handler
                0x080014ca        0xe ./Core/Src/stm32f7xx_it.o
                0x080014ca                DebugMon_Handler
 .text.PendSV_Handler
                0x080014d8        0xe ./Core/Src/stm32f7xx_it.o
                0x080014d8                PendSV_Handler
 .text.SysTick_Handler
                0x080014e6        0xc ./Core/Src/stm32f7xx_it.o
                0x080014e6                SysTick_Handler
 .text.EXTI2_IRQHandler
                0x080014f2        0xe ./Core/Src/stm32f7xx_it.o
                0x080014f2                EXTI2_IRQHandler
 .text.SDMMC1_IRQHandler
                0x08001500       0x14 ./Core/Src/stm32f7xx_it.o
                0x08001500                SDMMC1_IRQHandler
 .text.DMA2_Stream3_IRQHandler
                0x08001514       0x14 ./Core/Src/stm32f7xx_it.o
                0x08001514                DMA2_Stream3_IRQHandler
 .text.OTG_FS_IRQHandler
                0x08001528       0x14 ./Core/Src/stm32f7xx_it.o
                0x08001528                OTG_FS_IRQHandler
 .text.DMA2_Stream6_IRQHandler
                0x0800153c       0x14 ./Core/Src/stm32f7xx_it.o
                0x0800153c                DMA2_Stream6_IRQHandler
 .text.QUADSPI_IRQHandler
                0x08001550       0x14 ./Core/Src/stm32f7xx_it.o
                0x08001550                QUADSPI_IRQHandler
 .text._sbrk    0x08001564       0x6c ./Core/Src/sysmem.o
                0x08001564                _sbrk
 .text.SystemInit
                0x080015d0       0x24 ./Core/Src/system_stm32f7xx.o
                0x080015d0                SystemInit
 .text.MX_USART3_UART_Init
                0x080015f4       0x60 ./Core/Src/usart.o
                0x080015f4                MX_USART3_UART_Init
 .text.HAL_UART_MspInit
                0x08001654       0xc0 ./Core/Src/usart.o
                0x08001654                HAL_UART_MspInit
 .text.Reset_Handler
                0x08001714       0x50 ./Core/Startup/startup_stm32f767zitx.o
                0x08001714                Reset_Handler
 .text.Default_Handler
                0x08001764        0x2 ./Core/Startup/startup_stm32f767zitx.o
                0x08001764                RTC_Alarm_IRQHandler
                0x08001764                TIM8_CC_IRQHandler
                0x08001764                UART8_IRQHandler
                0x08001764                SPI4_IRQHandler
                0x08001764                TIM1_CC_IRQHandler
                0x08001764                DMA2_Stream5_IRQHandler
                0x08001764                JPEG_IRQHandler
                0x08001764                DMA1_Stream5_IRQHandler
                0x08001764                CAN3_RX1_IRQHandler
                0x08001764                PVD_IRQHandler
                0x08001764                TAMP_STAMP_IRQHandler
                0x08001764                CAN2_RX1_IRQHandler
                0x08001764                EXTI3_IRQHandler
                0x08001764                TIM8_TRG_COM_TIM14_IRQHandler
                0x08001764                DFSDM1_FLT1_IRQHandler
                0x08001764                TIM1_UP_TIM10_IRQHandler
                0x08001764                TIM8_UP_TIM13_IRQHandler
                0x08001764                I2C3_ER_IRQHandler
                0x08001764                DFSDM1_FLT2_IRQHandler
                0x08001764                EXTI0_IRQHandler
                0x08001764                I2C2_EV_IRQHandler
                0x08001764                DMA1_Stream2_IRQHandler
                0x08001764                CAN1_RX0_IRQHandler
                0x08001764                FPU_IRQHandler
                0x08001764                OTG_HS_WKUP_IRQHandler
                0x08001764                CAN3_SCE_IRQHandler
                0x08001764                LTDC_ER_IRQHandler
                0x08001764                CAN2_SCE_IRQHandler
                0x08001764                DMA2_Stream2_IRQHandler
                0x08001764                SPI1_IRQHandler
                0x08001764                TIM6_DAC_IRQHandler
                0x08001764                TIM1_BRK_TIM9_IRQHandler
                0x08001764                DCMI_IRQHandler
                0x08001764                CAN2_RX0_IRQHandler
                0x08001764                SAI2_IRQHandler
                0x08001764                DFSDM1_FLT3_IRQHandler
                0x08001764                USART6_IRQHandler
                0x08001764                CAN3_RX0_IRQHandler
                0x08001764                USART3_IRQHandler
                0x08001764                CAN1_RX1_IRQHandler
                0x08001764                UART5_IRQHandler
                0x08001764                DMA2_Stream0_IRQHandler
                0x08001764                TIM4_IRQHandler
                0x08001764                I2C1_EV_IRQHandler
                0x08001764                DMA1_Stream6_IRQHandler
                0x08001764                DMA1_Stream1_IRQHandler
                0x08001764                UART4_IRQHandler
                0x08001764                TIM3_IRQHandler
                0x08001764                RCC_IRQHandler
                0x08001764                TIM8_BRK_TIM12_IRQHandler
                0x08001764                Default_Handler
                0x08001764                CEC_IRQHandler
                0x08001764                EXTI15_10_IRQHandler
                0x08001764                ADC_IRQHandler
                0x08001764                DMA1_Stream7_IRQHandler
                0x08001764                SPI5_IRQHandler
                0x08001764                TIM7_IRQHandler
                0x08001764                CAN2_TX_IRQHandler
                0x08001764                TIM5_IRQHandler
                0x08001764                DMA2_Stream7_IRQHandler
                0x08001764                I2C3_EV_IRQHandler
                0x08001764                EXTI9_5_IRQHandler
                0x08001764                RTC_WKUP_IRQHandler
                0x08001764                LTDC_IRQHandler
                0x08001764                ETH_WKUP_IRQHandler
                0x08001764                SPDIF_RX_IRQHandler
                0x08001764                SPI2_IRQHandler
                0x08001764                OTG_HS_EP1_IN_IRQHandler
                0x08001764                DMA1_Stream0_IRQHandler
                0x08001764                CAN1_TX_IRQHandler
                0x08001764                EXTI4_IRQHandler
                0x08001764                RNG_IRQHandler
                0x08001764                ETH_IRQHandler
                0x08001764                OTG_HS_EP1_OUT_IRQHandler
                0x08001764                WWDG_IRQHandler
                0x08001764                SPI6_IRQHandler
                0x08001764                MDIOS_IRQHandler
                0x08001764                I2C4_EV_IRQHandler
                0x08001764                CAN3_TX_IRQHandler
                0x08001764                TIM2_IRQHandler
                0x08001764                OTG_FS_WKUP_IRQHandler
                0x08001764                TIM1_TRG_COM_TIM11_IRQHandler
                0x08001764                OTG_HS_IRQHandler
                0x08001764                DMA2D_IRQHandler
                0x08001764                EXTI1_IRQHandler
                0x08001764                SDMMC2_IRQHandler
                0x08001764                UART7_IRQHandler
                0x08001764                USART2_IRQHandler
                0x08001764                DFSDM1_FLT0_IRQHandler
                0x08001764                I2C2_ER_IRQHandler
                0x08001764                DMA2_Stream1_IRQHandler
                0x08001764                CAN1_SCE_IRQHandler
                0x08001764                FLASH_IRQHandler
                0x08001764                DMA2_Stream4_IRQHandler
                0x08001764                USART1_IRQHandler
                0x08001764                SPI3_IRQHandler
                0x08001764                DMA1_Stream4_IRQHandler
                0x08001764                I2C1_ER_IRQHandler
                0x08001764                FMC_IRQHandler
                0x08001764                LPTIM1_IRQHandler
                0x08001764                I2C4_ER_IRQHandler
                0x08001764                SAI1_IRQHandler
                0x08001764                DMA1_Stream3_IRQHandler
 .text.HAL_Init
                0x08001766       0x1a ./Drivers/STM32F7xx_HAL_Driver/Src/stm32f7xx_hal.o
                0x08001766                HAL_Init
 .text.HAL_InitTick
                0x08001780       0x60 ./Drivers/STM32F7xx_HAL_Driver/Src/stm32f7xx_hal.o
                0x08001780                HAL_InitTick
 .text.HAL_IncTick
                0x080017e0       0x28 ./Drivers/STM32F7xx_HAL_Driver/Src/stm32f7xx_hal.o
                0x080017e0                HAL_IncTick
 .text.HAL_GetTick
                0x08001808       0x18 ./Drivers/STM32F7xx_HAL_Driver/Src/stm32f7xx_hal.o
                0x08001808                HAL_GetTick
 .text.HAL_Delay
                0x08001820       0x48 ./Drivers/STM32F7xx_HAL_Driver/Src/stm32f7xx_hal.o
                0x08001820                HAL_Delay
 .text.__NVIC_SetPriorityGrouping
                0x08001868       0x48 ./Drivers/STM32F7xx_HAL_Driver/Src/stm32f7xx_hal_cortex.o
 .text.__NVIC_GetPriorityGrouping
                0x080018b0       0x1c ./Drivers/STM32F7xx_HAL_Driver/Src/stm32f7xx_hal_cortex.o
 .text.__NVIC_EnableIRQ
                0x080018cc       0x3c ./Drivers/STM32F7xx_HAL_Driver/Src/stm32f7xx_hal_cortex.o
 .text.__NVIC_SetPriority
                0x08001908       0x54 ./Drivers/STM32F7xx_HAL_Driver/Src/stm32f7xx_hal_cortex.o
 .text.NVIC_EncodePriority
                0x0800195c       0x66 ./Drivers/STM32F7xx_HAL_Driver/Src/stm32f7xx_hal_cortex.o
 *fill*         0x080019c2        0x2 
 .text.SysTick_Config
                0x080019c4       0x44 ./Drivers/STM32F7xx_HAL_Driver/Src/stm32f7xx_hal_cortex.o
 .text.HAL_NVIC_SetPriorityGrouping
                0x08001a08       0x16 ./Drivers/STM32F7xx_HAL_Driver/Src/stm32f7xx_hal_cortex.o
                0x08001a08                HAL_NVIC_SetPriorityGrouping
 .text.HAL_NVIC_SetPriority
                0x08001a1e       0x38 ./Drivers/STM32F7xx_HAL_Driver/Src/stm32f7xx_hal_cortex.o
                0x08001a1e                HAL_NVIC_SetPriority
 .text.HAL_NVIC_EnableIRQ
                0x08001a56       0x1c ./Drivers/STM32F7xx_HAL_Driver/Src/stm32f7xx_hal_cortex.o
                0x08001a56                HAL_NVIC_EnableIRQ
 .text.HAL_SYSTICK_Config
                0x08001a72       0x18 ./Drivers/STM32F7xx_HAL_Driver/Src/stm32f7xx_hal_cortex.o
                0x08001a72                HAL_SYSTICK_Config
 *fill*         0x08001a8a        0x2 
 .text.HAL_DMA_Init
                0x08001a8c      0x15c ./Drivers/STM32F7xx_HAL_Driver/Src/stm32f7xx_hal_dma.o
                0x08001a8c                HAL_DMA_Init
 .text.HAL_DMA_Start_IT
                0x08001be8       0xc0 ./Drivers/STM32F7xx_HAL_Driver/Src/stm32f7xx_hal_dma.o
                0x08001be8                HAL_DMA_Start_IT
 .text.HAL_DMA_Abort_IT
                0x08001ca8       0x44 ./Drivers/STM32F7xx_HAL_Driver/Src/stm32f7xx_hal_dma.o
                0x08001ca8                HAL_DMA_Abort_IT
 .text.HAL_DMA_IRQHandler
                0x08001cec      0x314 ./Drivers/STM32F7xx_HAL_Driver/Src/stm32f7xx_hal_dma.o
                0x08001cec                HAL_DMA_IRQHandler
 .text.HAL_DMA_GetError
                0x08002000       0x18 ./Drivers/STM32F7xx_HAL_Driver/Src/stm32f7xx_hal_dma.o
                0x08002000                HAL_DMA_GetError
 .text.DMA_SetConfig
                0x08002018       0x5c ./Drivers/STM32F7xx_HAL_Driver/Src/stm32f7xx_hal_dma.o
 .text.DMA_CalcBaseAndBitshift
                0x08002074       0x6c ./Drivers/STM32F7xx_HAL_Driver/Src/stm32f7xx_hal_dma.o
 .text.DMA_CheckFifoParam
                0x080020e0       0xf8 ./Drivers/STM32F7xx_HAL_Driver/Src/stm32f7xx_hal_dma.o
 .text.HAL_ETH_Init
                0x080021d8      0x134 ./Drivers/STM32F7xx_HAL_Driver/Src/stm32f7xx_hal_eth.o
                0x080021d8                HAL_ETH_Init
 .text.ETH_SetMACConfig
                0x0800230c      0x168 ./Drivers/STM32F7xx_HAL_Driver/Src/stm32f7xx_hal_eth.o
 .text.ETH_SetDMAConfig
                0x08002474      0x114 ./Drivers/STM32F7xx_HAL_Driver/Src/stm32f7xx_hal_eth.o
 .text.ETH_MACDMAConfig
                0x08002588       0xea ./Drivers/STM32F7xx_HAL_Driver/Src/stm32f7xx_hal_eth.o
 *fill*         0x08002672        0x2 
 .text.ETH_MACAddressConfig
                0x08002674       0x70 ./Drivers/STM32F7xx_HAL_Driver/Src/stm32f7xx_hal_eth.o
 .text.ETH_DMATxDescListInit
                0x080026e4       0xb2 ./Drivers/STM32F7xx_HAL_Driver/Src/stm32f7xx_hal_eth.o
 .text.ETH_DMARxDescListInit
                0x08002796       0xde ./Drivers/STM32F7xx_HAL_Driver/Src/stm32f7xx_hal_eth.o
 .text.HAL_GPIO_Init
                0x08002874      0x358 ./Drivers/STM32F7xx_HAL_Driver/Src/stm32f7xx_hal_gpio.o
                0x08002874                HAL_GPIO_Init
 .text.HAL_GPIO_ReadPin
                0x08002bcc       0x30 ./Drivers/STM32F7xx_HAL_Driver/Src/stm32f7xx_hal_gpio.o
                0x08002bcc                HAL_GPIO_ReadPin
 .text.HAL_GPIO_WritePin
                0x08002bfc       0x32 ./Drivers/STM32F7xx_HAL_Driver/Src/stm32f7xx_hal_gpio.o
                0x08002bfc                HAL_GPIO_WritePin
 *fill*         0x08002c2e        0x2 
 .text.HAL_GPIO_EXTI_IRQHandler
                0x08002c30       0x30 ./Drivers/STM32F7xx_HAL_Driver/Src/stm32f7xx_hal_gpio.o
                0x08002c30                HAL_GPIO_EXTI_IRQHandler
 .text.HAL_PCD_Init
                0x08002c60      0x22c ./Drivers/STM32F7xx_HAL_Driver/Src/stm32f7xx_hal_pcd.o
                0x08002c60                HAL_PCD_Init
 .text.HAL_PCD_Start
                0x08002e8c       0x44 ./Drivers/STM32F7xx_HAL_Driver/Src/stm32f7xx_hal_pcd.o
                0x08002e8c                HAL_PCD_Start
 .text.HAL_PCD_IRQHandler
                0x08002ed0      0x99c ./Drivers/STM32F7xx_HAL_Driver/Src/stm32f7xx_hal_pcd.o
                0x08002ed0                HAL_PCD_IRQHandler
 .text.HAL_PCD_SetAddress
                0x0800386c       0x48 ./Drivers/STM32F7xx_HAL_Driver/Src/stm32f7xx_hal_pcd.o
                0x0800386c                HAL_PCD_SetAddress
 .text.HAL_PCD_EP_Open
                0x080038b4       0xd4 ./Drivers/STM32F7xx_HAL_Driver/Src/stm32f7xx_hal_pcd.o
                0x080038b4                HAL_PCD_EP_Open
 .text.HAL_PCD_EP_Close
                0x08003988       0x94 ./Drivers/STM32F7xx_HAL_Driver/Src/stm32f7xx_hal_pcd.o
                0x08003988                HAL_PCD_EP_Close
 .text.HAL_PCD_EP_Receive
                0x08003a1c       0x76 ./Drivers/STM32F7xx_HAL_Driver/Src/stm32f7xx_hal_pcd.o
                0x08003a1c                HAL_PCD_EP_Receive
 .text.HAL_PCD_EP_GetRxCount
                0x08003a92       0x30 ./Drivers/STM32F7xx_HAL_Driver/Src/stm32f7xx_hal_pcd.o
                0x08003a92                HAL_PCD_EP_GetRxCount
 .text.HAL_PCD_EP_Transmit
                0x08003ac2       0x74 ./Drivers/STM32F7xx_HAL_Driver/Src/stm32f7xx_hal_pcd.o
                0x08003ac2                HAL_PCD_EP_Transmit
 .text.HAL_PCD_EP_SetStall
                0x08003b36       0xc6 ./Drivers/STM32F7xx_HAL_Driver/Src/stm32f7xx_hal_pcd.o
                0x08003b36                HAL_PCD_EP_SetStall
 .text.HAL_PCD_EP_ClrStall
                0x08003bfc       0xac ./Drivers/STM32F7xx_HAL_Driver/Src/stm32f7xx_hal_pcd.o
                0x08003bfc                HAL_PCD_EP_ClrStall
 .text.HAL_PCD_EP_Abort
                0x08003ca8       0x62 ./Drivers/STM32F7xx_HAL_Driver/Src/stm32f7xx_hal_pcd.o
                0x08003ca8                HAL_PCD_EP_Abort
 .text.PCD_WriteEmptyTxFifo
                0x08003d0a      0x118 ./Drivers/STM32F7xx_HAL_Driver/Src/stm32f7xx_hal_pcd.o
 *fill*         0x08003e22        0x2 
 .text.PCD_EP_OutXfrComplete_int
                0x08003e24      0x1d0 ./Drivers/STM32F7xx_HAL_Driver/Src/stm32f7xx_hal_pcd.o
 .text.PCD_EP_OutSetupPacket_int
                0x08003ff4       0x8c ./Drivers/STM32F7xx_HAL_Driver/Src/stm32f7xx_hal_pcd.o
 .text.HAL_PCDEx_SetTxFiFo
                0x08004080       0x8e ./Drivers/STM32F7xx_HAL_Driver/Src/stm32f7xx_hal_pcd_ex.o
                0x08004080                HAL_PCDEx_SetTxFiFo
 .text.HAL_PCDEx_SetRxFiFo
                0x0800410e       0x22 ./Drivers/STM32F7xx_HAL_Driver/Src/stm32f7xx_hal_pcd_ex.o
                0x0800410e                HAL_PCDEx_SetRxFiFo
 .text.HAL_PCDEx_ActivateLPM
                0x08004130       0x48 ./Drivers/STM32F7xx_HAL_Driver/Src/stm32f7xx_hal_pcd_ex.o
                0x08004130                HAL_PCDEx_ActivateLPM
 .text.HAL_PWR_EnableBkUpAccess
                0x08004178       0x20 ./Drivers/STM32F7xx_HAL_Driver/Src/stm32f7xx_hal_pwr.o
                0x08004178                HAL_PWR_EnableBkUpAccess
 .text.HAL_PWREx_EnableOverDrive
                0x08004198       0xa0 ./Drivers/STM32F7xx_HAL_Driver/Src/stm32f7xx_hal_pwr_ex.o
                0x08004198                HAL_PWREx_EnableOverDrive
 .text.HAL_QSPI_Init
                0x08004238       0xf8 ./Drivers/STM32F7xx_HAL_Driver/Src/stm32f7xx_hal_qspi.o
                0x08004238                HAL_QSPI_Init
 .text.HAL_QSPI_IRQHandler
                0x08004330      0x374 ./Drivers/STM32F7xx_HAL_Driver/Src/stm32f7xx_hal_qspi.o
                0x08004330                HAL_QSPI_IRQHandler
 .text.HAL_QSPI_MemoryMapped
                0x080046a4       0xc4 ./Drivers/STM32F7xx_HAL_Driver/Src/stm32f7xx_hal_qspi.o
                0x080046a4                HAL_QSPI_MemoryMapped
 .text.HAL_QSPI_ErrorCallback
                0x08004768       0x14 ./Drivers/STM32F7xx_HAL_Driver/Src/stm32f7xx_hal_qspi.o
                0x08004768                HAL_QSPI_ErrorCallback
 .text.HAL_QSPI_AbortCpltCallback
                0x0800477c       0x14 ./Drivers/STM32F7xx_HAL_Driver/Src/stm32f7xx_hal_qspi.o
                0x0800477c                HAL_QSPI_AbortCpltCallback
 .text.HAL_QSPI_CmdCpltCallback
                0x08004790       0x14 ./Drivers/STM32F7xx_HAL_Driver/Src/stm32f7xx_hal_qspi.o
                0x08004790                HAL_QSPI_CmdCpltCallback
 .text.HAL_QSPI_RxCpltCallback
                0x080047a4       0x14 ./Drivers/STM32F7xx_HAL_Driver/Src/stm32f7xx_hal_qspi.o
                0x080047a4                HAL_QSPI_RxCpltCallback
 .text.HAL_QSPI_TxCpltCallback
                0x080047b8       0x14 ./Drivers/STM32F7xx_HAL_Driver/Src/stm32f7xx_hal_qspi.o
                0x080047b8                HAL_QSPI_TxCpltCallback
 .text.HAL_QSPI_FifoThresholdCallback
                0x080047cc       0x14 ./Drivers/STM32F7xx_HAL_Driver/Src/stm32f7xx_hal_qspi.o
                0x080047cc                HAL_QSPI_FifoThresholdCallback
 .text.HAL_QSPI_StatusMatchCallback
                0x080047e0       0x14 ./Drivers/STM32F7xx_HAL_Driver/Src/stm32f7xx_hal_qspi.o
                0x080047e0                HAL_QSPI_StatusMatchCallback
 .text.HAL_QSPI_TimeOutCallback
                0x080047f4       0x14 ./Drivers/STM32F7xx_HAL_Driver/Src/stm32f7xx_hal_qspi.o
                0x080047f4                HAL_QSPI_TimeOutCallback
 .text.HAL_QSPI_SetTimeout
                0x08004808       0x1c ./Drivers/STM32F7xx_HAL_Driver/Src/stm32f7xx_hal_qspi.o
                0x08004808                HAL_QSPI_SetTimeout
 .text.QSPI_DMAAbortCplt
                0x08004824       0x66 ./Drivers/STM32F7xx_HAL_Driver/Src/stm32f7xx_hal_qspi.o
 .text.QSPI_WaitFlagStateUntilTimeout
                0x0800488a       0x6e ./Drivers/STM32F7xx_HAL_Driver/Src/stm32f7xx_hal_qspi.o
 .text.QSPI_Config
                0x080048f8      0x32e ./Drivers/STM32F7xx_HAL_Driver/Src/stm32f7xx_hal_qspi.o
 *fill*         0x08004c26        0x2 
 .text.HAL_RCC_OscConfig
                0x08004c28      0x55c ./Drivers/STM32F7xx_HAL_Driver/Src/stm32f7xx_hal_rcc.o
                0x08004c28                HAL_RCC_OscConfig
 .text.HAL_RCC_ClockConfig
                0x08005184      0x1d8 ./Drivers/STM32F7xx_HAL_Driver/Src/stm32f7xx_hal_rcc.o
                0x08005184                HAL_RCC_ClockConfig
 .text.HAL_RCC_GetSysClockFreq
                0x0800535c      0x20c ./Drivers/STM32F7xx_HAL_Driver/Src/stm32f7xx_hal_rcc.o
                0x0800535c                HAL_RCC_GetSysClockFreq
 .text.HAL_RCC_GetHCLKFreq
                0x08005568       0x18 ./Drivers/STM32F7xx_HAL_Driver/Src/stm32f7xx_hal_rcc.o
                0x08005568                HAL_RCC_GetHCLKFreq
 .text.HAL_RCC_GetPCLK1Freq
                0x08005580       0x28 ./Drivers/STM32F7xx_HAL_Driver/Src/stm32f7xx_hal_rcc.o
                0x08005580                HAL_RCC_GetPCLK1Freq
 .text.HAL_RCC_GetPCLK2Freq
                0x080055a8       0x28 ./Drivers/STM32F7xx_HAL_Driver/Src/stm32f7xx_hal_rcc.o
                0x080055a8                HAL_RCC_GetPCLK2Freq
 .text.HAL_RCCEx_PeriphCLKConfig
                0x080055d0      0x850 ./Drivers/STM32F7xx_HAL_Driver/Src/stm32f7xx_hal_rcc_ex.o
                0x080055d0                HAL_RCCEx_PeriphCLKConfig
 .text.HAL_SD_Init
                0x08005e20       0x60 ./Drivers/STM32F7xx_HAL_Driver/Src/stm32f7xx_hal_sd.o
                0x08005e20                HAL_SD_Init
 .text.HAL_SD_InitCard
                0x08005e80      0x100 ./Drivers/STM32F7xx_HAL_Driver/Src/stm32f7xx_hal_sd.o
                0x08005e80                HAL_SD_InitCard
 .text.HAL_SD_ReadBlocks_DMA
                0x08005f80      0x1c4 ./Drivers/STM32F7xx_HAL_Driver/Src/stm32f7xx_hal_sd.o
                0x08005f80                HAL_SD_ReadBlocks_DMA
 .text.HAL_SD_WriteBlocks_DMA
                0x08006144      0x1cc ./Drivers/STM32F7xx_HAL_Driver/Src/stm32f7xx_hal_sd.o
                0x08006144                HAL_SD_WriteBlocks_DMA
 .text.HAL_SD_IRQHandler
                0x08006310      0x2ec ./Drivers/STM32F7xx_HAL_Driver/Src/stm32f7xx_hal_sd.o
                0x08006310                HAL_SD_IRQHandler
 .text.HAL_SD_ErrorCallback
                0x080065fc       0x14 ./Drivers/STM32F7xx_HAL_Driver/Src/stm32f7xx_hal_sd.o
                0x080065fc                HAL_SD_ErrorCallback
 .text.HAL_SD_GetCardCSD
                0x08006610      0x348 ./Drivers/STM32F7xx_HAL_Driver/Src/stm32f7xx_hal_sd.o
                0x08006610                HAL_SD_GetCardCSD
 .text.HAL_SD_GetCardInfo
                0x08006958       0x58 ./Drivers/STM32F7xx_HAL_Driver/Src/stm32f7xx_hal_sd.o
                0x08006958                HAL_SD_GetCardInfo
 .text.HAL_SD_ConfigWideBusOperation
                0x080069b0      0x134 ./Drivers/STM32F7xx_HAL_Driver/Src/stm32f7xx_hal_sd.o
                0x080069b0                HAL_SD_ConfigWideBusOperation
 .text.HAL_SD_GetCardState
                0x08006ae4       0x40 ./Drivers/STM32F7xx_HAL_Driver/Src/stm32f7xx_hal_sd.o
                0x08006ae4                HAL_SD_GetCardState
 .text.SD_DMATransmitCplt
                0x08006b24       0x2a ./Drivers/STM32F7xx_HAL_Driver/Src/stm32f7xx_hal_sd.o
 .text.SD_DMAReceiveCplt
                0x08006b4e       0x70 ./Drivers/STM32F7xx_HAL_Driver/Src/stm32f7xx_hal_sd.o
 *fill*         0x08006bbe        0x2 
 .text.SD_DMAError
                0x08006bc0       0xa4 ./Drivers/STM32F7xx_HAL_Driver/Src/stm32f7xx_hal_sd.o
 .text.SD_DMATxAbort
                0x08006c64       0x6e ./Drivers/STM32F7xx_HAL_Driver/Src/stm32f7xx_hal_sd.o
 .text.SD_DMARxAbort
                0x08006cd2       0x6e ./Drivers/STM32F7xx_HAL_Driver/Src/stm32f7xx_hal_sd.o
 .text.SD_InitCard
                0x08006d40      0x19c ./Drivers/STM32F7xx_HAL_Driver/Src/stm32f7xx_hal_sd.o
 .text.SD_PowerON
                0x08006edc      0x11c ./Drivers/STM32F7xx_HAL_Driver/Src/stm32f7xx_hal_sd.o
 .text.SD_SendStatus
                0x08006ff8       0x50 ./Drivers/STM32F7xx_HAL_Driver/Src/stm32f7xx_hal_sd.o
 .text.SD_WideBus_Enable
                0x08007048       0x96 ./Drivers/STM32F7xx_HAL_Driver/Src/stm32f7xx_hal_sd.o
 .text.SD_WideBus_Disable
                0x080070de       0x96 ./Drivers/STM32F7xx_HAL_Driver/Src/stm32f7xx_hal_sd.o
 .text.SD_FindSCR
                0x08007174      0x1a6 ./Drivers/STM32F7xx_HAL_Driver/Src/stm32f7xx_hal_sd.o
 .text.SD_Read_IT
                0x0800731a       0xa2 ./Drivers/STM32F7xx_HAL_Driver/Src/stm32f7xx_hal_sd.o
 .text.SD_Write_IT
                0x080073bc       0xaa ./Drivers/STM32F7xx_HAL_Driver/Src/stm32f7xx_hal_sd.o
 .text.HAL_SPI_Init
                0x08007466      0x156 ./Drivers/STM32F7xx_HAL_Driver/Src/stm32f7xx_hal_spi.o
                0x08007466                HAL_SPI_Init
 .text.HAL_SPI_Transmit
                0x080075bc      0x2ec ./Drivers/STM32F7xx_HAL_Driver/Src/stm32f7xx_hal_spi.o
                0x080075bc                HAL_SPI_Transmit
 .text.SPI_WaitFlagStateUntilTimeout
                0x080078a8      0x110 ./Drivers/STM32F7xx_HAL_Driver/Src/stm32f7xx_hal_spi.o
 .text.SPI_WaitFifoStateUntilTimeout
                0x080079b8      0x12c ./Drivers/STM32F7xx_HAL_Driver/Src/stm32f7xx_hal_spi.o
 .text.SPI_EndRxTxTransaction
                0x08007ae4       0xd4 ./Drivers/STM32F7xx_HAL_Driver/Src/stm32f7xx_hal_spi.o
 .text.HAL_UART_Init
                0x08007bb8       0x9c ./Drivers/STM32F7xx_HAL_Driver/Src/stm32f7xx_hal_uart.o
                0x08007bb8                HAL_UART_Init
 .text.UART_SetConfig
                0x08007c54      0x4c8 ./Drivers/STM32F7xx_HAL_Driver/Src/stm32f7xx_hal_uart.o
                0x08007c54                UART_SetConfig
 .text.UART_AdvFeatureConfig
                0x0800811c      0x144 ./Drivers/STM32F7xx_HAL_Driver/Src/stm32f7xx_hal_uart.o
                0x0800811c                UART_AdvFeatureConfig
 .text.UART_CheckIdleState
                0x08008260      0x150 ./Drivers/STM32F7xx_HAL_Driver/Src/stm32f7xx_hal_uart.o
                0x08008260                UART_CheckIdleState
 .text.UART_WaitOnFlagUntilTimeout
                0x080083b0       0xda ./Drivers/STM32F7xx_HAL_Driver/Src/stm32f7xx_hal_uart.o
                0x080083b0                UART_WaitOnFlagUntilTimeout
 .text.UART_EndRxTransfer
                0x0800848a       0xc8 ./Drivers/STM32F7xx_HAL_Driver/Src/stm32f7xx_hal_uart.o
 *fill*         0x08008552        0x2 
 .text.SDMMC_Init
                0x08008554       0x58 ./Drivers/STM32F7xx_HAL_Driver/Src/stm32f7xx_ll_sdmmc.o
                0x08008554                SDMMC_Init
 .text.SDMMC_ReadFIFO
                0x080085ac       0x1a ./Drivers/STM32F7xx_HAL_Driver/Src/stm32f7xx_ll_sdmmc.o
                0x080085ac                SDMMC_ReadFIFO
 .text.SDMMC_WriteFIFO
                0x080085c6       0x22 ./Drivers/STM32F7xx_HAL_Driver/Src/stm32f7xx_ll_sdmmc.o
                0x080085c6                SDMMC_WriteFIFO
 .text.SDMMC_PowerState_ON
                0x080085e8       0x1c ./Drivers/STM32F7xx_HAL_Driver/Src/stm32f7xx_ll_sdmmc.o
                0x080085e8                SDMMC_PowerState_ON
 .text.SDMMC_GetPowerState
                0x08008604       0x1c ./Drivers/STM32F7xx_HAL_Driver/Src/stm32f7xx_ll_sdmmc.o
                0x08008604                SDMMC_GetPowerState
 .text.SDMMC_SendCommand
                0x08008620       0x54 ./Drivers/STM32F7xx_HAL_Driver/Src/stm32f7xx_ll_sdmmc.o
                0x08008620                SDMMC_SendCommand
 .text.SDMMC_GetCommandResponse
                0x08008674       0x1a ./Drivers/STM32F7xx_HAL_Driver/Src/stm32f7xx_ll_sdmmc.o
                0x08008674                SDMMC_GetCommandResponse
 .text.SDMMC_GetResponse
                0x0800868e       0x26 ./Drivers/STM32F7xx_HAL_Driver/Src/stm32f7xx_ll_sdmmc.o
                0x0800868e                SDMMC_GetResponse
 .text.SDMMC_ConfigData
                0x080086b4       0x58 ./Drivers/STM32F7xx_HAL_Driver/Src/stm32f7xx_ll_sdmmc.o
                0x080086b4                SDMMC_ConfigData
 .text.SDMMC_CmdBlockLength
                0x0800870c       0x44 ./Drivers/STM32F7xx_HAL_Driver/Src/stm32f7xx_ll_sdmmc.o
                0x0800870c                SDMMC_CmdBlockLength
 .text.SDMMC_CmdReadSingleBlock
                0x08008750       0x44 ./Drivers/STM32F7xx_HAL_Driver/Src/stm32f7xx_ll_sdmmc.o
                0x08008750                SDMMC_CmdReadSingleBlock
 .text.SDMMC_CmdReadMultiBlock
                0x08008794       0x44 ./Drivers/STM32F7xx_HAL_Driver/Src/stm32f7xx_ll_sdmmc.o
                0x08008794                SDMMC_CmdReadMultiBlock
 .text.SDMMC_CmdWriteSingleBlock
                0x080087d8       0x44 ./Drivers/STM32F7xx_HAL_Driver/Src/stm32f7xx_ll_sdmmc.o
                0x080087d8                SDMMC_CmdWriteSingleBlock
 .text.SDMMC_CmdWriteMultiBlock
                0x0800881c       0x44 ./Drivers/STM32F7xx_HAL_Driver/Src/stm32f7xx_ll_sdmmc.o
                0x0800881c                SDMMC_CmdWriteMultiBlock
 .text.SDMMC_CmdStopTransfer
                0x08008860       0x44 ./Drivers/STM32F7xx_HAL_Driver/Src/stm32f7xx_ll_sdmmc.o
                0x08008860                SDMMC_CmdStopTransfer
 .text.SDMMC_CmdSelDesel
                0x080088a4       0x46 ./Drivers/STM32F7xx_HAL_Driver/Src/stm32f7xx_ll_sdmmc.o
                0x080088a4                SDMMC_CmdSelDesel
 .text.SDMMC_CmdGoIdleState
                0x080088ea       0x3c ./Drivers/STM32F7xx_HAL_Driver/Src/stm32f7xx_ll_sdmmc.o
                0x080088ea                SDMMC_CmdGoIdleState
 .text.SDMMC_CmdOperCond
                0x08008926       0x3e ./Drivers/STM32F7xx_HAL_Driver/Src/stm32f7xx_ll_sdmmc.o
                0x08008926                SDMMC_CmdOperCond
 .text.SDMMC_CmdAppCommand
                0x08008964       0x44 ./Drivers/STM32F7xx_HAL_Driver/Src/stm32f7xx_ll_sdmmc.o
                0x08008964                SDMMC_CmdAppCommand
 .text.SDMMC_CmdAppOperCommand
                0x080089a8       0x48 ./Drivers/STM32F7xx_HAL_Driver/Src/stm32f7xx_ll_sdmmc.o
                0x080089a8                SDMMC_CmdAppOperCommand
 .text.SDMMC_CmdBusWidth
                0x080089f0       0x44 ./Drivers/STM32F7xx_HAL_Driver/Src/stm32f7xx_ll_sdmmc.o
                0x080089f0                SDMMC_CmdBusWidth
 .text.SDMMC_CmdSendSCR
                0x08008a34       0x42 ./Drivers/STM32F7xx_HAL_Driver/Src/stm32f7xx_ll_sdmmc.o
                0x08008a34                SDMMC_CmdSendSCR
 .text.SDMMC_CmdSendCID
                0x08008a76       0x3c ./Drivers/STM32F7xx_HAL_Driver/Src/stm32f7xx_ll_sdmmc.o
                0x08008a76                SDMMC_CmdSendCID
 .text.SDMMC_CmdSendCSD
                0x08008ab2       0x3e ./Drivers/STM32F7xx_HAL_Driver/Src/stm32f7xx_ll_sdmmc.o
                0x08008ab2                SDMMC_CmdSendCSD
 .text.SDMMC_CmdSetRelAdd
                0x08008af0       0x42 ./Drivers/STM32F7xx_HAL_Driver/Src/stm32f7xx_ll_sdmmc.o
                0x08008af0                SDMMC_CmdSetRelAdd
 .text.SDMMC_CmdSendStatus
                0x08008b32       0x44 ./Drivers/STM32F7xx_HAL_Driver/Src/stm32f7xx_ll_sdmmc.o
                0x08008b32                SDMMC_CmdSendStatus
 *fill*         0x08008b76        0x2 
 .text.SDMMC_GetCmdResp1
                0x08008b78      0x1dc ./Drivers/STM32F7xx_HAL_Driver/Src/stm32f7xx_ll_sdmmc.o
                0x08008b78                SDMMC_GetCmdResp1
 .text.SDMMC_GetCmdResp2
                0x08008d54       0x90 ./Drivers/STM32F7xx_HAL_Driver/Src/stm32f7xx_ll_sdmmc.o
                0x08008d54                SDMMC_GetCmdResp2
 .text.SDMMC_GetCmdResp3
                0x08008de4       0x7c ./Drivers/STM32F7xx_HAL_Driver/Src/stm32f7xx_ll_sdmmc.o
                0x08008de4                SDMMC_GetCmdResp3
 .text.SDMMC_GetCmdResp6
                0x08008e60       0xec ./Drivers/STM32F7xx_HAL_Driver/Src/stm32f7xx_ll_sdmmc.o
                0x08008e60                SDMMC_GetCmdResp6
 .text.SDMMC_GetCmdResp7
                0x08008f4c       0x9c ./Drivers/STM32F7xx_HAL_Driver/Src/stm32f7xx_ll_sdmmc.o
                0x08008f4c                SDMMC_GetCmdResp7
 .text.SDMMC_GetCmdError
                0x08008fe8       0x58 ./Drivers/STM32F7xx_HAL_Driver/Src/stm32f7xx_ll_sdmmc.o
 .text.USB_CoreInit
                0x08009040       0xb4 ./Drivers/STM32F7xx_HAL_Driver/Src/stm32f7xx_ll_usb.o
                0x08009040                USB_CoreInit
 .text.USB_SetTurnaroundTime
                0x080090f4      0x144 ./Drivers/STM32F7xx_HAL_Driver/Src/stm32f7xx_ll_usb.o
                0x080090f4                USB_SetTurnaroundTime
 .text.USB_EnableGlobalInt
                0x08009238       0x22 ./Drivers/STM32F7xx_HAL_Driver/Src/stm32f7xx_ll_usb.o
                0x08009238                USB_EnableGlobalInt
 .text.USB_DisableGlobalInt
                0x0800925a       0x22 ./Drivers/STM32F7xx_HAL_Driver/Src/stm32f7xx_ll_usb.o
                0x0800925a                USB_DisableGlobalInt
 .text.USB_SetCurrentMode
                0x0800927c       0x98 ./Drivers/STM32F7xx_HAL_Driver/Src/stm32f7xx_ll_usb.o
                0x0800927c                USB_SetCurrentMode
 .text.USB_DevInit
                0x08009314      0x2bc ./Drivers/STM32F7xx_HAL_Driver/Src/stm32f7xx_ll_usb.o
                0x08009314                USB_DevInit
 .text.USB_FlushTxFifo
                0x080095d0       0x64 ./Drivers/STM32F7xx_HAL_Driver/Src/stm32f7xx_ll_usb.o
                0x080095d0                USB_FlushTxFifo
 .text.USB_FlushRxFifo
                0x08009634       0x5c ./Drivers/STM32F7xx_HAL_Driver/Src/stm32f7xx_ll_usb.o
                0x08009634                USB_FlushRxFifo
 .text.USB_SetDevSpeed
                0x08009690       0x32 ./Drivers/STM32F7xx_HAL_Driver/Src/stm32f7xx_ll_usb.o
                0x08009690                USB_SetDevSpeed
 .text.USB_GetDevSpeed
                0x080096c2       0x4a ./Drivers/STM32F7xx_HAL_Driver/Src/stm32f7xx_ll_usb.o
                0x080096c2                USB_GetDevSpeed
 .text.USB_ActivateEndpoint
                0x0800970c      0x110 ./Drivers/STM32F7xx_HAL_Driver/Src/stm32f7xx_ll_usb.o
                0x0800970c                USB_ActivateEndpoint
 .text.USB_DeactivateEndpoint
                0x0800981c      0x1b8 ./Drivers/STM32F7xx_HAL_Driver/Src/stm32f7xx_ll_usb.o
                0x0800981c                USB_DeactivateEndpoint
 .text.USB_EPStartXfer
                0x080099d4      0x548 ./Drivers/STM32F7xx_HAL_Driver/Src/stm32f7xx_ll_usb.o
                0x080099d4                USB_EPStartXfer
 .text.USB_EPStopXfer
                0x08009f1c      0x154 ./Drivers/STM32F7xx_HAL_Driver/Src/stm32f7xx_ll_usb.o
                0x08009f1c                USB_EPStopXfer
 .text.USB_WritePacket
                0x0800a070       0x7c ./Drivers/STM32F7xx_HAL_Driver/Src/stm32f7xx_ll_usb.o
                0x0800a070                USB_WritePacket
 .text.USB_ReadPacket
                0x0800a0ec       0xb0 ./Drivers/STM32F7xx_HAL_Driver/Src/stm32f7xx_ll_usb.o
                0x0800a0ec                USB_ReadPacket
 .text.USB_EPSetStall
                0x0800a19c       0xdc ./Drivers/STM32F7xx_HAL_Driver/Src/stm32f7xx_ll_usb.o
                0x0800a19c                USB_EPSetStall
 .text.USB_EPClearStall
                0x0800a278       0xcc ./Drivers/STM32F7xx_HAL_Driver/Src/stm32f7xx_ll_usb.o
                0x0800a278                USB_EPClearStall
 .text.USB_SetDevAddress
                0x0800a344       0x4c ./Drivers/STM32F7xx_HAL_Driver/Src/stm32f7xx_ll_usb.o
                0x0800a344                USB_SetDevAddress
 .text.USB_DevConnect
                0x0800a390       0x42 ./Drivers/STM32F7xx_HAL_Driver/Src/stm32f7xx_ll_usb.o
                0x0800a390                USB_DevConnect
 .text.USB_DevDisconnect
                0x0800a3d2       0x42 ./Drivers/STM32F7xx_HAL_Driver/Src/stm32f7xx_ll_usb.o
                0x0800a3d2                USB_DevDisconnect
 .text.USB_ReadInterrupts
                0x0800a414       0x26 ./Drivers/STM32F7xx_HAL_Driver/Src/stm32f7xx_ll_usb.o
                0x0800a414                USB_ReadInterrupts
 .text.USB_ReadDevAllOutEpInterrupt
                0x0800a43a       0x34 ./Drivers/STM32F7xx_HAL_Driver/Src/stm32f7xx_ll_usb.o
                0x0800a43a                USB_ReadDevAllOutEpInterrupt
 .text.USB_ReadDevAllInEpInterrupt
                0x0800a46e       0x34 ./Drivers/STM32F7xx_HAL_Driver/Src/stm32f7xx_ll_usb.o
                0x0800a46e                USB_ReadDevAllInEpInterrupt
 .text.USB_ReadDevOutEPInterrupt
                0x0800a4a2       0x3c ./Drivers/STM32F7xx_HAL_Driver/Src/stm32f7xx_ll_usb.o
                0x0800a4a2                USB_ReadDevOutEPInterrupt
 .text.USB_ReadDevInEPInterrupt
                0x0800a4de       0x5c ./Drivers/STM32F7xx_HAL_Driver/Src/stm32f7xx_ll_usb.o
                0x0800a4de                USB_ReadDevInEPInterrupt
 .text.USB_GetMode
                0x0800a53a       0x1c ./Drivers/STM32F7xx_HAL_Driver/Src/stm32f7xx_ll_usb.o
                0x0800a53a                USB_GetMode
 *fill*         0x0800a556        0x2 
 .text.USB_ActivateSetup
                0x0800a558       0x48 ./Drivers/STM32F7xx_HAL_Driver/Src/stm32f7xx_ll_usb.o
                0x0800a558                USB_ActivateSetup
 .text.USB_EP0_OutStart
                0x0800a5a0       0xbc ./Drivers/STM32F7xx_HAL_Driver/Src/stm32f7xx_ll_usb.o
                0x0800a5a0                USB_EP0_OutStart
 .text.USB_CoreReset
                0x0800a65c       0x70 ./Drivers/STM32F7xx_HAL_Driver/Src/stm32f7xx_ll_usb.o
 .text.MX_FATFS_Init
                0x0800a6cc       0x24 ./FATFS/App/fatfs.o
                0x0800a6cc                MX_FATFS_Init
 .text.get_fattime
                0x0800a6f0       0x10 ./FATFS/App/fatfs.o
                0x0800a6f0                get_fattime
 .text.BSP_SD_Init
                0x0800a700       0x4c ./FATFS/Target/bsp_driver_sd.o
                0x0800a700                BSP_SD_Init
 .text.BSP_SD_ReadBlocks_DMA
                0x0800a74c       0x34 ./FATFS/Target/bsp_driver_sd.o
                0x0800a74c                BSP_SD_ReadBlocks_DMA
 .text.BSP_SD_WriteBlocks_DMA
                0x0800a780       0x34 ./FATFS/Target/bsp_driver_sd.o
                0x0800a780                BSP_SD_WriteBlocks_DMA
 .text.BSP_SD_GetCardState
                0x0800a7b4       0x20 ./FATFS/Target/bsp_driver_sd.o
                0x0800a7b4                BSP_SD_GetCardState
 .text.BSP_SD_GetCardInfo
                0x0800a7d4       0x1c ./FATFS/Target/bsp_driver_sd.o
                0x0800a7d4                BSP_SD_GetCardInfo
 .text.HAL_SD_AbortCallback
                0x0800a7f0       0x14 ./FATFS/Target/bsp_driver_sd.o
                0x0800a7f0                HAL_SD_AbortCallback
 .text.HAL_SD_TxCpltCallback
                0x0800a804       0x14 ./FATFS/Target/bsp_driver_sd.o
                0x0800a804                HAL_SD_TxCpltCallback
 .text.HAL_SD_RxCpltCallback
                0x0800a818       0x14 ./FATFS/Target/bsp_driver_sd.o
                0x0800a818                HAL_SD_RxCpltCallback
 .text.BSP_SD_AbortCallback
                0x0800a82c        0xe ./FATFS/Target/bsp_driver_sd.o
                0x0800a82c                BSP_SD_AbortCallback
 .text.BSP_SD_IsDetected
                0x0800a83a       0x24 ./FATFS/Target/bsp_driver_sd.o
                0x0800a83a                BSP_SD_IsDetected
 *fill*         0x0800a85e        0x2 
 .text.BSP_PlatformIsDetected
                0x0800a860       0x30 ./FATFS/Target/fatfs_platform.o
                0x0800a860                BSP_PlatformIsDetected
 .text.SD_CheckStatusWithTimeout
                0x0800a890       0x3a ./FATFS/Target/sd_diskio.o
 *fill*         0x0800a8ca        0x2 
 .text.SD_CheckStatus
                0x0800a8cc       0x3c ./FATFS/Target/sd_diskio.o
 .text.SD_initialize
                0x0800a908       0x38 ./FATFS/Target/sd_diskio.o
                0x0800a908                SD_initialize
 .text.SD_status
                0x0800a940       0x1c ./FATFS/Target/sd_diskio.o
                0x0800a940                SD_status
 .text.SD_read  0x0800a95c       0xac ./FATFS/Target/sd_diskio.o
                0x0800a95c                SD_read
 .text.SD_write
                0x0800aa08       0xac ./FATFS/Target/sd_diskio.o
                0x0800aa08                SD_write
 .text.SD_ioctl
                0x0800aab4       0xb0 ./FATFS/Target/sd_diskio.o
                0x0800aab4                SD_ioctl
 .text.BSP_SD_WriteCpltCallback
                0x0800ab64       0x18 ./FATFS/Target/sd_diskio.o
                0x0800ab64                BSP_SD_WriteCpltCallback
 .text.BSP_SD_ReadCpltCallback
                0x0800ab7c       0x18 ./FATFS/Target/sd_diskio.o
                0x0800ab7c                BSP_SD_ReadCpltCallback
 .text.USBD_CDC_Init
                0x0800ab94      0x1f0 ./Middlewares/ST/STM32_USB_Device_Library/Class/CDC/Src/usbd_cdc.o
 .text.USBD_CDC_DeInit
                0x0800ad84      0x104 ./Middlewares/ST/STM32_USB_Device_Library/Class/CDC/Src/usbd_cdc.o
 .text.USBD_CDC_Setup
                0x0800ae88      0x1b8 ./Middlewares/ST/STM32_USB_Device_Library/Class/CDC/Src/usbd_cdc.o
 .text.USBD_CDC_DataIn
                0x0800b040       0xfe ./Middlewares/ST/STM32_USB_Device_Library/Class/CDC/Src/usbd_cdc.o
 .text.USBD_CDC_DataOut
                0x0800b13e       0x70 ./Middlewares/ST/STM32_USB_Device_Library/Class/CDC/Src/usbd_cdc.o
 .text.USBD_CDC_EP0_RxReady
                0x0800b1ae       0x74 ./Middlewares/ST/STM32_USB_Device_Library/Class/CDC/Src/usbd_cdc.o
 *fill*         0x0800b222        0x2 
 .text.USBD_CDC_GetFSCfgDesc
                0x0800b224       0x70 ./Middlewares/ST/STM32_USB_Device_Library/Class/CDC/Src/usbd_cdc.o
 .text.USBD_CDC_GetHSCfgDesc
                0x0800b294       0x70 ./Middlewares/ST/STM32_USB_Device_Library/Class/CDC/Src/usbd_cdc.o
 .text.USBD_CDC_GetOtherSpeedCfgDesc
                0x0800b304       0x70 ./Middlewares/ST/STM32_USB_Device_Library/Class/CDC/Src/usbd_cdc.o
 .text.USBD_CDC_GetDeviceQualifierDescriptor
                0x0800b374       0x20 ./Middlewares/ST/STM32_USB_Device_Library/Class/CDC/Src/usbd_cdc.o
                0x0800b374                USBD_CDC_GetDeviceQualifierDescriptor
 .text.USBD_CDC_RegisterInterface
                0x0800b394       0x34 ./Middlewares/ST/STM32_USB_Device_Library/Class/CDC/Src/usbd_cdc.o
                0x0800b394                USBD_CDC_RegisterInterface
 .text.USBD_CDC_SetTxBuffer
                0x0800b3c8       0x44 ./Middlewares/ST/STM32_USB_Device_Library/Class/CDC/Src/usbd_cdc.o
                0x0800b3c8                USBD_CDC_SetTxBuffer
 .text.USBD_CDC_SetRxBuffer
                0x0800b40c       0x3a ./Middlewares/ST/STM32_USB_Device_Library/Class/CDC/Src/usbd_cdc.o
                0x0800b40c                USBD_CDC_SetRxBuffer
 *fill*         0x0800b446        0x2 
 .text.USBD_CDC_ReceivePacket
                0x0800b448       0x6c ./Middlewares/ST/STM32_USB_Device_Library/Class/CDC/Src/usbd_cdc.o
                0x0800b448                USBD_CDC_ReceivePacket
 .text.USBD_Init
                0x0800b4b4       0x60 ./Middlewares/ST/STM32_USB_Device_Library/Core/Src/usbd_core.o
                0x0800b4b4                USBD_Init
 .text.USBD_RegisterClass
                0x0800b514       0x6c ./Middlewares/ST/STM32_USB_Device_Library/Core/Src/usbd_core.o
                0x0800b514                USBD_RegisterClass
 .text.USBD_Start
                0x0800b580       0x18 ./Middlewares/ST/STM32_USB_Device_Library/Core/Src/usbd_core.o
                0x0800b580                USBD_Start
 .text.USBD_RunTestMode
                0x0800b598       0x16 ./Middlewares/ST/STM32_USB_Device_Library/Core/Src/usbd_core.o
                0x0800b598                USBD_RunTestMode
 .text.USBD_SetClassConfig
                0x0800b5ae       0x38 ./Middlewares/ST/STM32_USB_Device_Library/Core/Src/usbd_core.o
                0x0800b5ae                USBD_SetClassConfig
 .text.USBD_ClrClassConfig
                0x0800b5e6       0x34 ./Middlewares/ST/STM32_USB_Device_Library/Core/Src/usbd_core.o
                0x0800b5e6                USBD_ClrClassConfig
 .text.USBD_LL_SetupStage
                0x0800b61a       0xaa ./Middlewares/ST/STM32_USB_Device_Library/Core/Src/usbd_core.o
                0x0800b61a                USBD_LL_SetupStage
 .text.USBD_LL_DataOutStage
                0x0800b6c4      0x178 ./Middlewares/ST/STM32_USB_Device_Library/Core/Src/usbd_core.o
                0x0800b6c4                USBD_LL_DataOutStage
 .text.USBD_LL_DataInStage
                0x0800b83c      0x176 ./Middlewares/ST/STM32_USB_Device_Library/Core/Src/usbd_core.o
                0x0800b83c                USBD_LL_DataInStage
 .text.USBD_LL_Reset
                0x0800b9b2       0xa6 ./Middlewares/ST/STM32_USB_Device_Library/Core/Src/usbd_core.o
                0x0800b9b2                USBD_LL_Reset
 .text.USBD_LL_SetSpeed
                0x0800ba58       0x20 ./Middlewares/ST/STM32_USB_Device_Library/Core/Src/usbd_core.o
                0x0800ba58                USBD_LL_SetSpeed
 .text.USBD_LL_Suspend
                0x0800ba78       0x38 ./Middlewares/ST/STM32_USB_Device_Library/Core/Src/usbd_core.o
                0x0800ba78                USBD_LL_Suspend
 .text.USBD_LL_Resume
                0x0800bab0       0x30 ./Middlewares/ST/STM32_USB_Device_Library/Core/Src/usbd_core.o
                0x0800bab0                USBD_LL_Resume
 .text.USBD_LL_SOF
                0x0800bae0       0x40 ./Middlewares/ST/STM32_USB_Device_Library/Core/Src/usbd_core.o
                0x0800bae0                USBD_LL_SOF
 .text.USBD_LL_IsoINIncomplete
                0x0800bb20       0x64 ./Middlewares/ST/STM32_USB_Device_Library/Core/Src/usbd_core.o
                0x0800bb20                USBD_LL_IsoINIncomplete
 .text.USBD_LL_IsoOUTIncomplete
                0x0800bb84       0x64 ./Middlewares/ST/STM32_USB_Device_Library/Core/Src/usbd_core.o
                0x0800bb84                USBD_LL_IsoOUTIncomplete
 .text.USBD_LL_DevConnected
                0x0800bbe8       0x16 ./Middlewares/ST/STM32_USB_Device_Library/Core/Src/usbd_core.o
                0x0800bbe8                USBD_LL_DevConnected
 .text.USBD_LL_DevDisconnected
                0x0800bbfe       0x46 ./Middlewares/ST/STM32_USB_Device_Library/Core/Src/usbd_core.o
                0x0800bbfe                USBD_LL_DevDisconnected
 .text.USBD_CoreFindIF
                0x0800bc44       0x1a ./Middlewares/ST/STM32_USB_Device_Library/Core/Src/usbd_core.o
                0x0800bc44                USBD_CoreFindIF
 .text.USBD_CoreFindEP
                0x0800bc5e       0x1a ./Middlewares/ST/STM32_USB_Device_Library/Core/Src/usbd_core.o
                0x0800bc5e                USBD_CoreFindEP
 .text.USBD_GetEpDesc
                0x0800bc78       0x70 ./Middlewares/ST/STM32_USB_Device_Library/Core/Src/usbd_core.o
                0x0800bc78                USBD_GetEpDesc
 .text.USBD_GetNextDesc
                0x0800bce8       0x38 ./Middlewares/ST/STM32_USB_Device_Library/Core/Src/usbd_core.o
                0x0800bce8                USBD_GetNextDesc
 .text.SWAPBYTE
                0x0800bd20       0x3e ./Middlewares/ST/STM32_USB_Device_Library/Core/Src/usbd_ctlreq.o
 *fill*         0x0800bd5e        0x2 
 .text.USBD_StdDevReq
                0x0800bd60       0xe4 ./Middlewares/ST/STM32_USB_Device_Library/Core/Src/usbd_ctlreq.o
                0x0800bd60                USBD_StdDevReq
 .text.USBD_StdItfReq
                0x0800be44       0xd8 ./Middlewares/ST/STM32_USB_Device_Library/Core/Src/usbd_ctlreq.o
                0x0800be44                USBD_StdItfReq
 .text.USBD_StdEPReq
                0x0800bf1c      0x33e ./Middlewares/ST/STM32_USB_Device_Library/Core/Src/usbd_ctlreq.o
                0x0800bf1c                USBD_StdEPReq
 *fill*         0x0800c25a        0x2 
 .text.USBD_GetDescriptor
                0x0800c25c      0x328 ./Middlewares/ST/STM32_USB_Device_Library/Core/Src/usbd_ctlreq.o
 .text.USBD_SetAddress
                0x0800c584       0x88 ./Middlewares/ST/STM32_USB_Device_Library/Core/Src/usbd_ctlreq.o
 .text.USBD_SetConfig
                0x0800c60c      0x154 ./Middlewares/ST/STM32_USB_Device_Library/Core/Src/usbd_ctlreq.o
 .text.USBD_GetConfig
                0x0800c760       0x6c ./Middlewares/ST/STM32_USB_Device_Library/Core/Src/usbd_ctlreq.o
 .text.USBD_GetStatus
                0x0800c7cc       0x68 ./Middlewares/ST/STM32_USB_Device_Library/Core/Src/usbd_ctlreq.o
 .text.USBD_SetFeature
                0x0800c834       0x52 ./Middlewares/ST/STM32_USB_Device_Library/Core/Src/usbd_ctlreq.o
 .text.USBD_ClrFeature
                0x0800c886       0x44 ./Middlewares/ST/STM32_USB_Device_Library/Core/Src/usbd_ctlreq.o
 .text.USBD_ParseSetupRequest
                0x0800c8ca       0x74 ./Middlewares/ST/STM32_USB_Device_Library/Core/Src/usbd_ctlreq.o
                0x0800c8ca                USBD_ParseSetupRequest
 .text.USBD_CtlError
                0x0800c93e       0x22 ./Middlewares/ST/STM32_USB_Device_Library/Core/Src/usbd_ctlreq.o
                0x0800c93e                USBD_CtlError
 .text.USBD_GetString
                0x0800c960       0xa4 ./Middlewares/ST/STM32_USB_Device_Library/Core/Src/usbd_ctlreq.o
                0x0800c960                USBD_GetString
 .text.USBD_GetLen
                0x0800ca04       0x34 ./Middlewares/ST/STM32_USB_Device_Library/Core/Src/usbd_ctlreq.o
 .text.USBD_CtlSendData
                0x0800ca38       0x3c ./Middlewares/ST/STM32_USB_Device_Library/Core/Src/usbd_ioreq.o
                0x0800ca38                USBD_CtlSendData
 .text.USBD_CtlContinueSendData
                0x0800ca74       0x22 ./Middlewares/ST/STM32_USB_Device_Library/Core/Src/usbd_ioreq.o
                0x0800ca74                USBD_CtlContinueSendData
 .text.USBD_CtlPrepareRx
                0x0800ca96       0x42 ./Middlewares/ST/STM32_USB_Device_Library/Core/Src/usbd_ioreq.o
                0x0800ca96                USBD_CtlPrepareRx
 .text.USBD_CtlContinueRx
                0x0800cad8       0x22 ./Middlewares/ST/STM32_USB_Device_Library/Core/Src/usbd_ioreq.o
                0x0800cad8                USBD_CtlContinueRx
 .text.USBD_CtlSendStatus
                0x0800cafa       0x26 ./Middlewares/ST/STM32_USB_Device_Library/Core/Src/usbd_ioreq.o
                0x0800cafa                USBD_CtlSendStatus
 .text.USBD_CtlReceiveStatus
                0x0800cb20       0x26 ./Middlewares/ST/STM32_USB_Device_Library/Core/Src/usbd_ioreq.o
                0x0800cb20                USBD_CtlReceiveStatus
 *fill*         0x0800cb46        0x2 
 .text.disk_status
                0x0800cb48       0x34 ./Middlewares/Third_Party/FatFs/src/diskio.o
                0x0800cb48                disk_status
 .text.disk_initialize
                0x0800cb7c       0x4c ./Middlewares/Third_Party/FatFs/src/diskio.o
                0x0800cb7c                disk_initialize
 .text.disk_read
                0x0800cbc8       0x40 ./Middlewares/Third_Party/FatFs/src/diskio.o
                0x0800cbc8                disk_read
 .text.disk_write
                0x0800cc08       0x40 ./Middlewares/Third_Party/FatFs/src/diskio.o
                0x0800cc08                disk_write
 .text.disk_ioctl
                0x0800cc48       0x3c ./Middlewares/Third_Party/FatFs/src/diskio.o
                0x0800cc48                disk_ioctl
 .text.ld_word  0x0800cc84       0x32 ./Middlewares/Third_Party/FatFs/src/ff.o
 .text.ld_dword
                0x0800ccb6       0x46 ./Middlewares/Third_Party/FatFs/src/ff.o
 .text.st_word  0x0800ccfc       0x36 ./Middlewares/Third_Party/FatFs/src/ff.o
 .text.st_dword
                0x0800cd32       0x58 ./Middlewares/Third_Party/FatFs/src/ff.o
 .text.mem_cpy  0x0800cd8a       0x42 ./Middlewares/Third_Party/FatFs/src/ff.o
 .text.mem_set  0x0800cdcc       0x36 ./Middlewares/Third_Party/FatFs/src/ff.o
 .text.mem_cmp  0x0800ce02       0x4e ./Middlewares/Third_Party/FatFs/src/ff.o
 .text.chk_chr  0x0800ce50       0x36 ./Middlewares/Third_Party/FatFs/src/ff.o
 *fill*         0x0800ce86        0x2 
 .text.chk_lock
                0x0800ce88       0xb8 ./Middlewares/Third_Party/FatFs/src/ff.o
 .text.enq_lock
                0x0800cf40       0x44 ./Middlewares/Third_Party/FatFs/src/ff.o
 .text.inc_lock
                0x0800cf84      0x11c ./Middlewares/Third_Party/FatFs/src/ff.o
 .text.dec_lock
                0x0800d0a0       0x78 ./Middlewares/Third_Party/FatFs/src/ff.o
 .text.clear_lock
                0x0800d118       0x48 ./Middlewares/Third_Party/FatFs/src/ff.o
 .text.sync_window
                0x0800d160       0x88 ./Middlewares/Third_Party/FatFs/src/ff.o
 .text.move_window
                0x0800d1e8       0x5a ./Middlewares/Third_Party/FatFs/src/ff.o
 *fill*         0x0800d242        0x2 
 .text.sync_fs  0x0800d244       0xe0 ./Middlewares/Third_Party/FatFs/src/ff.o
 .text.clust2sect
                0x0800d324       0x3e ./Middlewares/Third_Party/FatFs/src/ff.o
 .text.get_fat  0x0800d362      0x1a6 ./Middlewares/Third_Party/FatFs/src/ff.o
 .text.put_fat  0x0800d508      0x234 ./Middlewares/Third_Party/FatFs/src/ff.o
 .text.remove_chain
                0x0800d73c       0xca ./Middlewares/Third_Party/FatFs/src/ff.o
 .text.create_chain
                0x0800d806      0x130 ./Middlewares/Third_Party/FatFs/src/ff.o
 .text.clmt_clust
                0x0800d936       0x70 ./Middlewares/Third_Party/FatFs/src/ff.o
 .text.dir_sdi  0x0800d9a6      0x112 ./Middlewares/Third_Party/FatFs/src/ff.o
 .text.dir_next
                0x0800dab8      0x1ac ./Middlewares/Third_Party/FatFs/src/ff.o
 .text.dir_alloc
                0x0800dc64       0x8e ./Middlewares/Third_Party/FatFs/src/ff.o
 .text.ld_clust
                0x0800dcf2       0x3e ./Middlewares/Third_Party/FatFs/src/ff.o
 .text.st_clust
                0x0800dd30       0x40 ./Middlewares/Third_Party/FatFs/src/ff.o
 .text.cmp_lfn  0x0800dd70       0xe0 ./Middlewares/Third_Party/FatFs/src/ff.o
 .text.put_lfn  0x0800de50       0xd0 ./Middlewares/Third_Party/FatFs/src/ff.o
 .text.gen_numname
                0x0800df20      0x11c ./Middlewares/Third_Party/FatFs/src/ff.o
 .text.sum_sfn  0x0800e03c       0x42 ./Middlewares/Third_Party/FatFs/src/ff.o
 .text.dir_find
                0x0800e07e      0x180 ./Middlewares/Third_Party/FatFs/src/ff.o
 *fill*         0x0800e1fe        0x2 
 .text.dir_register
                0x0800e200      0x1f0 ./Middlewares/Third_Party/FatFs/src/ff.o
 .text.create_name
                0x0800e3f0      0x370 ./Middlewares/Third_Party/FatFs/src/ff.o
 .text.follow_path
                0x0800e760       0xec ./Middlewares/Third_Party/FatFs/src/ff.o
 .text.get_ldnumber
                0x0800e84c       0x88 ./Middlewares/Third_Party/FatFs/src/ff.o
 .text.check_fs
                0x0800e8d4       0xac ./Middlewares/Third_Party/FatFs/src/ff.o
 .text.find_volume
                0x0800e980      0x50c ./Middlewares/Third_Party/FatFs/src/ff.o
 .text.validate
                0x0800ee8c       0x6a ./Middlewares/Third_Party/FatFs/src/ff.o
 *fill*         0x0800eef6        0x2 
 .text.f_mount  0x0800eef8       0x8c ./Middlewares/Third_Party/FatFs/src/ff.o
                0x0800eef8                f_mount
 .text.f_open   0x0800ef84      0x390 ./Middlewares/Third_Party/FatFs/src/ff.o
                0x0800ef84                f_open
 .text.f_write  0x0800f314      0x328 ./Middlewares/Third_Party/FatFs/src/ff.o
                0x0800f314                f_write
 .text.f_sync   0x0800f63c       0xfc ./Middlewares/Third_Party/FatFs/src/ff.o
                0x0800f63c                f_sync
 .text.f_close  0x0800f738       0x54 ./Middlewares/Third_Party/FatFs/src/ff.o
                0x0800f738                f_close
 .text.f_getfree
                0x0800f78c      0x16a ./Middlewares/Third_Party/FatFs/src/ff.o
                0x0800f78c                f_getfree
 *fill*         0x0800f8f6        0x2 
 .text.FATFS_LinkDriverEx
                0x0800f8f8       0x98 ./Middlewares/Third_Party/FatFs/src/ff_gen_drv.o
                0x0800f8f8                FATFS_LinkDriverEx
 .text.FATFS_LinkDriver
                0x0800f990       0x1e ./Middlewares/Third_Party/FatFs/src/ff_gen_drv.o
                0x0800f990                FATFS_LinkDriver
 *fill*         0x0800f9ae        0x2 
 .text.ff_convert
                0x0800f9b0       0x78 ./Middlewares/Third_Party/FatFs/src/option/ccsbcs.o
                0x0800f9b0                ff_convert
 .text.ff_wtoupper
                0x0800fa28      0x114 ./Middlewares/Third_Party/FatFs/src/option/ccsbcs.o
                0x0800fa28                ff_wtoupper
 .text.MX_USB_DEVICE_Init
                0x0800fb3c       0x60 ./USB_DEVICE/App/usb_device.o
                0x0800fb3c                MX_USB_DEVICE_Init
 .text.CDC_Init_FS
                0x0800fb9c       0x28 ./USB_DEVICE/App/usbd_cdc_if.o
 .text.CDC_DeInit_FS
                0x0800fbc4       0x10 ./USB_DEVICE/App/usbd_cdc_if.o
 .text.CDC_Control_FS
                0x0800fbd4       0xbc ./USB_DEVICE/App/usbd_cdc_if.o
 .text.CDC_Receive_FS
                0x0800fc90       0x28 ./USB_DEVICE/App/usbd_cdc_if.o
 .text.CDC_TransmitCplt_FS
                0x0800fcb8       0x22 ./USB_DEVICE/App/usbd_cdc_if.o
 *fill*         0x0800fcda        0x2 
 .text.USBD_FS_DeviceDescriptor
                0x0800fcdc       0x24 ./USB_DEVICE/App/usbd_desc.o
                0x0800fcdc                USBD_FS_DeviceDescriptor
 .text.USBD_FS_LangIDStrDescriptor
                0x0800fd00       0x24 ./USB_DEVICE/App/usbd_desc.o
                0x0800fd00                USBD_FS_LangIDStrDescriptor
 .text.USBD_FS_ProductStrDescriptor
                0x0800fd24       0x3c ./USB_DEVICE/App/usbd_desc.o
                0x0800fd24                USBD_FS_ProductStrDescriptor
 .text.USBD_FS_ManufacturerStrDescriptor
                0x0800fd60       0x28 ./USB_DEVICE/App/usbd_desc.o
                0x0800fd60                USBD_FS_ManufacturerStrDescriptor
 .text.USBD_FS_SerialStrDescriptor
                0x0800fd88       0x24 ./USB_DEVICE/App/usbd_desc.o
                0x0800fd88                USBD_FS_SerialStrDescriptor
 .text.USBD_FS_ConfigStrDescriptor
                0x0800fdac       0x3c ./USB_DEVICE/App/usbd_desc.o
                0x0800fdac                USBD_FS_ConfigStrDescriptor
 .text.USBD_FS_InterfaceStrDescriptor
                0x0800fde8       0x3c ./USB_DEVICE/App/usbd_desc.o
                0x0800fde8                USBD_FS_InterfaceStrDescriptor
 .text.USBD_FS_USR_BOSDescriptor
                0x0800fe24       0x24 ./USB_DEVICE/App/usbd_desc.o
                0x0800fe24                USBD_FS_USR_BOSDescriptor
 .text.Get_SerialNum
                0x0800fe48       0x58 ./USB_DEVICE/App/usbd_desc.o
 .text.IntToUnicode
                0x0800fea0       0x7e ./USB_DEVICE/App/usbd_desc.o
 *fill*         0x0800ff1e        0x2 
 .text.HAL_PCD_MspInit
                0x0800ff20      0x104 ./USB_DEVICE/Target/usbd_conf.o
                0x0800ff20                HAL_PCD_MspInit
 .text.HAL_PCD_SetupStageCallback
                0x08010024       0x24 ./USB_DEVICE/Target/usbd_conf.o
                0x08010024                HAL_PCD_SetupStageCallback
 .text.HAL_PCD_DataOutStageCallback
                0x08010048       0x36 ./USB_DEVICE/Target/usbd_conf.o
                0x08010048                HAL_PCD_DataOutStageCallback
 .text.HAL_PCD_DataInStageCallback
                0x0801007e       0x34 ./USB_DEVICE/Target/usbd_conf.o
                0x0801007e                HAL_PCD_DataInStageCallback
 .text.HAL_PCD_SOFCallback
                0x080100b2       0x1c ./USB_DEVICE/Target/usbd_conf.o
                0x080100b2                HAL_PCD_SOFCallback
 .text.HAL_PCD_ResetCallback
                0x080100ce       0x50 ./USB_DEVICE/Target/usbd_conf.o
                0x080100ce                HAL_PCD_ResetCallback
 *fill*         0x0801011e        0x2 
 .text.HAL_PCD_SuspendCallback
                0x08010120       0x4c ./USB_DEVICE/Target/usbd_conf.o
                0x08010120                HAL_PCD_SuspendCallback
 .text.HAL_PCD_ResumeCallback
                0x0801016c       0x1c ./USB_DEVICE/Target/usbd_conf.o
                0x0801016c                HAL_PCD_ResumeCallback
 .text.HAL_PCD_ISOOUTIncompleteCallback
                0x08010188       0x24 ./USB_DEVICE/Target/usbd_conf.o
                0x08010188                HAL_PCD_ISOOUTIncompleteCallback
 .text.HAL_PCD_ISOINIncompleteCallback
                0x080101ac       0x24 ./USB_DEVICE/Target/usbd_conf.o
                0x080101ac                HAL_PCD_ISOINIncompleteCallback
 .text.HAL_PCD_ConnectCallback
                0x080101d0       0x1c ./USB_DEVICE/Target/usbd_conf.o
                0x080101d0                HAL_PCD_ConnectCallback
 .text.HAL_PCD_DisconnectCallback
                0x080101ec       0x1c ./USB_DEVICE/Target/usbd_conf.o
                0x080101ec                HAL_PCD_DisconnectCallback
 .text.USBD_LL_Init
                0x08010208       0x98 ./USB_DEVICE/Target/usbd_conf.o
                0x08010208                USBD_LL_Init
 .text.USBD_LL_Start
                0x080102a0       0x36 ./USB_DEVICE/Target/usbd_conf.o
                0x080102a0                USBD_LL_Start
 .text.USBD_LL_OpenEP
                0x080102d6       0x4c ./USB_DEVICE/Target/usbd_conf.o
                0x080102d6                USBD_LL_OpenEP
 .text.USBD_LL_CloseEP
                0x08010322       0x3e ./USB_DEVICE/Target/usbd_conf.o
                0x08010322                USBD_LL_CloseEP
 .text.USBD_LL_StallEP
                0x08010360       0x3e ./USB_DEVICE/Target/usbd_conf.o
                0x08010360                USBD_LL_StallEP
 .text.USBD_LL_ClearStallEP
                0x0801039e       0x3e ./USB_DEVICE/Target/usbd_conf.o
                0x0801039e                USBD_LL_ClearStallEP
 .text.USBD_LL_IsStallEP
                0x080103dc       0x58 ./USB_DEVICE/Target/usbd_conf.o
                0x080103dc                USBD_LL_IsStallEP
 .text.USBD_LL_SetUSBAddress
                0x08010434       0x3e ./USB_DEVICE/Target/usbd_conf.o
                0x08010434                USBD_LL_SetUSBAddress
 .text.USBD_LL_Transmit
                0x08010472       0x42 ./USB_DEVICE/Target/usbd_conf.o
                0x08010472                USBD_LL_Transmit
 .text.USBD_LL_PrepareReceive
                0x080104b4       0x42 ./USB_DEVICE/Target/usbd_conf.o
                0x080104b4                USBD_LL_PrepareReceive
 .text.USBD_LL_GetRxDataSize
                0x080104f6       0x26 ./USB_DEVICE/Target/usbd_conf.o
                0x080104f6                USBD_LL_GetRxDataSize
 .text.HAL_PCDEx_LPM_Callback
                0x0801051c       0x9c ./USB_DEVICE/Target/usbd_conf.o
                0x0801051c                HAL_PCDEx_LPM_Callback
 .text.SystemClockConfig_Resume
                0x080105b8        0xc ./USB_DEVICE/Target/usbd_conf.o
 .text.USBD_Get_USB_Status
                0x080105c4       0x58 ./USB_DEVICE/Target/usbd_conf.o
                0x080105c4                USBD_Get_USB_Status
 .text.malloc   0x0801061c       0x10 C:/ST/STM32CubeIDE_2.1.0/STM32CubeIDE/plugins/com.st.stm32cube.ide.mcu.externaltools.gnu-tools-for-stm32.14.3.rel1.win32_1.0.100.202602081740/tools/bin/../lib/gcc/arm-none-eabi/14.3.1/../../../../arm-none-eabi/lib/thumb/v7e-m+dp/hard\libc_nano.a(libc_a-malloc.o)
                0x0801061c                malloc
 .text.free     0x0801062c       0x10 C:/ST/STM32CubeIDE_2.1.0/STM32CubeIDE/plugins/com.st.stm32cube.ide.mcu.externaltools.gnu-tools-for-stm32.14.3.rel1.win32_1.0.100.202602081740/tools/bin/../lib/gcc/arm-none-eabi/14.3.1/../../../../arm-none-eabi/lib/thumb/v7e-m+dp/hard\libc_nano.a(libc_a-malloc.o)
                0x0801062c                free
 .text.sbrk_aligned
                0x0801063c       0x44 C:/ST/STM32CubeIDE_2.1.0/STM32CubeIDE/plugins/com.st.stm32cube.ide.mcu.externaltools.gnu-tools-for-stm32.14.3.rel1.win32_1.0.100.202602081740/tools/bin/../lib/gcc/arm-none-eabi/14.3.1/../../../../arm-none-eabi/lib/thumb/v7e-m+dp/hard\libc_nano.a(libc_a-mallocr.o)
 .text._malloc_r
                0x08010680      0x100 C:/ST/STM32CubeIDE_2.1.0/STM32CubeIDE/plugins/com.st.stm32cube.ide.mcu.externaltools.gnu-tools-for-stm32.14.3.rel1.win32_1.0.100.202602081740/tools/bin/../lib/gcc/arm-none-eabi/14.3.1/../../../../arm-none-eabi/lib/thumb/v7e-m+dp/hard\libc_nano.a(libc_a-mallocr.o)
                0x08010680                _malloc_r
 .text.__malloc_lock
                0x08010780        0xc C:/ST/STM32CubeIDE_2.1.0/STM32CubeIDE/plugins/com.st.stm32cube.ide.mcu.externaltools.gnu-tools-for-stm32.14.3.rel1.win32_1.0.100.202602081740/tools/bin/../lib/gcc/arm-none-eabi/14.3.1/../../../../arm-none-eabi/lib/thumb/v7e-m+dp/hard\libc_nano.a(libc_a-mlock.o)
                0x08010780                __malloc_lock
 .text.__malloc_unlock
                0x0801078c        0xc C:/ST/STM32CubeIDE_2.1.0/STM32CubeIDE/plugins/com.st.stm32cube.ide.mcu.externaltools.gnu-tools-for-stm32.14.3.rel1.win32_1.0.100.202602081740/tools/bin/../lib/gcc/arm-none-eabi/14.3.1/../../../../arm-none-eabi/lib/thumb/v7e-m+dp/hard\libc_nano.a(libc_a-mlock.o)
                0x0801078c                __malloc_unlock
 .text.sprintf  0x08010798       0x44 C:/ST/STM32CubeIDE_2.1.0/STM32CubeIDE/plugins/com.st.stm32cube.ide.mcu.externaltools.gnu-tools-for-stm32.14.3.rel1.win32_1.0.100.202602081740/tools/bin/../lib/gcc/arm-none-eabi/14.3.1/../../../../arm-none-eabi/lib/thumb/v7e-m+dp/hard\libc_nano.a(libc_a-sprintf.o)
                0x08010798                siprintf
                0x08010798                sprintf
 .text.memset   0x080107dc       0x10 C:/ST/STM32CubeIDE_2.1.0/STM32CubeIDE/plugins/com.st.stm32cube.ide.mcu.externaltools.gnu-tools-for-stm32.14.3.rel1.win32_1.0.100.202602081740/tools/bin/../lib/gcc/arm-none-eabi/14.3.1/../../../../arm-none-eabi/lib/thumb/v7e-m+dp/hard\libc_nano.a(libc_a-memset.o)
                0x080107dc                memset
 .text._sbrk_r  0x080107ec       0x20 C:/ST/STM32CubeIDE_2.1.0/STM32CubeIDE/plugins/com.st.stm32cube.ide.mcu.externaltools.gnu-tools-for-stm32.14.3.rel1.win32_1.0.100.202602081740/tools/bin/../lib/gcc/arm-none-eabi/14.3.1/../../../../arm-none-eabi/lib/thumb/v7e-m+dp/hard\libc_nano.a(libc_a-sbrkr.o)
                0x080107ec                _sbrk_r
 .text.__errno  0x0801080c        0xc C:/ST/STM32CubeIDE_2.1.0/STM32CubeIDE/plugins/com.st.stm32cube.ide.mcu.externaltools.gnu-tools-for-stm32.14.3.rel1.win32_1.0.100.202602081740/tools/bin/../lib/gcc/arm-none-eabi/14.3.1/../../../../arm-none-eabi/lib/thumb/v7e-m+dp/hard\libc_nano.a(libc_a-errno.o)
                0x0801080c                __errno
 .text.__libc_init_array
                0x08010818       0x48 C:/ST/STM32CubeIDE_2.1.0/STM32CubeIDE/plugins/com.st.stm32cube.ide.mcu.externaltools.gnu-tools-for-stm32.14.3.rel1.win32_1.0.100.202602081740/tools/bin/../lib/gcc/arm-none-eabi/14.3.1/../../../../arm-none-eabi/lib/thumb/v7e-m+dp/hard\libc_nano.a(libc_a-init.o)
                0x08010818                __libc_init_array
 .text.__retarget_lock_acquire_recursive
                0x08010860        0x2 C:/ST/STM32CubeIDE_2.1.0/STM32CubeIDE/plugins/com.st.stm32cube.ide.mcu.externaltools.gnu-tools-for-stm32.14.3.rel1.win32_1.0.100.202602081740/tools/bin/../lib/gcc/arm-none-eabi/14.3.1/../../../../arm-none-eabi/lib/thumb/v7e-m+dp/hard\libc_nano.a(libc_a-lock.o)
                0x08010860                __retarget_lock_acquire_recursive
 .text.__retarget_lock_release_recursive
                0x08010862        0x2 C:/ST/STM32CubeIDE_2.1.0/STM32CubeIDE/plugins/com.st.stm32cube.ide.mcu.externaltools.gnu-tools-for-stm32.14.3.rel1.win32_1.0.100.202602081740/tools/bin/../lib/gcc/arm-none-eabi/14.3.1/../../../../arm-none-eabi/lib/thumb/v7e-m+dp/hard\libc_nano.a(libc_a-lock.o)
                0x08010862                __retarget_lock_release_recursive
 .text.memcpy   0x08010864       0x1c C:/ST/STM32CubeIDE_2.1.0/STM32CubeIDE/plugins/com.st.stm32cube.ide.mcu.externaltools.gnu-tools-for-stm32.14.3.rel1.win32_1.0.100.202602081740/tools/bin/../lib/gcc/arm-none-eabi/14.3.1/../../../../arm-none-eabi/lib/thumb/v7e-m+dp/hard\libc_nano.a(libc_a-memcpy-stub.o)
                0x08010864                memcpy
 .text._free_r  0x08010880       0x94 C:/ST/STM32CubeIDE_2.1.0/STM32CubeIDE/plugins/com.st.stm32cube.ide.mcu.externaltools.gnu-tools-for-stm32.14.3.rel1.win32_1.0.100.202602081740/tools/bin/../lib/gcc/arm-none-eabi/14.3.1/../../../../arm-none-eabi/lib/thumb/v7e-m+dp/hard\libc_nano.a(libc_a-freer.o)
                0x08010880                _free_r
 .text.__ssputs_r
                0x08010914       0xc0 C:/ST/STM32CubeIDE_2.1.0/STM32CubeIDE/plugins/com.st.stm32cube.ide.mcu.externaltools.gnu-tools-for-stm32.14.3.rel1.win32_1.0.100.202602081740/tools/bin/../lib/gcc/arm-none-eabi/14.3.1/../../../../arm-none-eabi/lib/thumb/v7e-m+dp/hard\libc_nano.a(libc_a-nano-svfprintf.o)
                0x08010914                __ssputs_r
 .text._svfprintf_r
                0x080109d4      0x1f0 C:/ST/STM32CubeIDE_2.1.0/STM32CubeIDE/plugins/com.st.stm32cube.ide.mcu.externaltools.gnu-tools-for-stm32.14.3.rel1.win32_1.0.100.202602081740/tools/bin/../lib/gcc/arm-none-eabi/14.3.1/../../../../arm-none-eabi/lib/thumb/v7e-m+dp/hard\libc_nano.a(libc_a-nano-svfprintf.o)
                0x080109d4                _svfiprintf_r
                0x080109d4                _svfprintf_r
 .text._printf_common
                0x08010bc4       0xda C:/ST/STM32CubeIDE_2.1.0/STM32CubeIDE/plugins/com.st.stm32cube.ide.mcu.externaltools.gnu-tools-for-stm32.14.3.rel1.win32_1.0.100.202602081740/tools/bin/../lib/gcc/arm-none-eabi/14.3.1/../../../../arm-none-eabi/lib/thumb/v7e-m+dp/hard\libc_nano.a(libc_a-nano-vfprintf_i.o)
                0x08010bc4                _printf_common
 *fill*         0x08010c9e        0x2 
 .text._printf_i
                0x08010ca0      0x24c C:/ST/STM32CubeIDE_2.1.0/STM32CubeIDE/plugins/com.st.stm32cube.ide.mcu.externaltools.gnu-tools-for-stm32.14.3.rel1.win32_1.0.100.202602081740/tools/bin/../lib/gcc/arm-none-eabi/14.3.1/../../../../arm-none-eabi/lib/thumb/v7e-m+dp/hard\libc_nano.a(libc_a-nano-vfprintf_i.o)
                0x08010ca0                _printf_i
 .text.memmove  0x08010eec       0x32 C:/ST/STM32CubeIDE_2.1.0/STM32CubeIDE/plugins/com.st.stm32cube.ide.mcu.externaltools.gnu-tools-for-stm32.14.3.rel1.win32_1.0.100.202602081740/tools/bin/../lib/gcc/arm-none-eabi/14.3.1/../../../../arm-none-eabi/lib/thumb/v7e-m+dp/hard\libc_nano.a(libc_a-memmove.o)
                0x08010eec                memmove
 .text._realloc_r
                0x08010f1e       0x5c C:/ST/STM32CubeIDE_2.1.0/STM32CubeIDE/plugins/com.st.stm32cube.ide.mcu.externaltools.gnu-tools-for-stm32.14.3.rel1.win32_1.0.100.202602081740/tools/bin/../lib/gcc/arm-none-eabi/14.3.1/../../../../arm-none-eabi/lib/thumb/v7e-m+dp/hard\libc_nano.a(libc_a-reallocr.o)
                0x08010f1e                _realloc_r
 .text._malloc_usable_size_r
                0x08010f7a       0x10 C:/ST/STM32CubeIDE_2.1.0/STM32CubeIDE/plugins/com.st.stm32cube.ide.mcu.externaltools.gnu-tools-for-stm32.14.3.rel1.win32_1.0.100.202602081740/tools/bin/../lib/gcc/arm-none-eabi/14.3.1/../../../../arm-none-eabi/lib/thumb/v7e-m+dp/hard\libc_nano.a(libc_a-msizer.o)
                0x08010f7a                _malloc_usable_size_r
 *(.glue_7)
 .glue_7        0x08010f8a        0x0 linker stubs
 *(.glue_7t)
 .glue_7t       0x08010f8a        0x0 linker stubs
 *(.eh_frame)
 *fill*         0x08010f8a        0x2 
 .eh_frame      0x08010f8c        0x0 C:/ST/STM32CubeIDE_2.1.0/STM32CubeIDE/plugins/com.st.stm32cube.ide.mcu.externaltools.gnu-tools-for-stm32.14.3.rel1.win32_1.0.100.202602081740/tools/bin/../lib/gcc/arm-none-eabi/14.3.1/thumb/v7e-m+dp/hard/crtbegin.o
 *(.init)
 .init          0x08010f8c        0x4 C:/ST/STM32CubeIDE_2.1.0/STM32CubeIDE/plugins/com.st.stm32cube.ide.mcu.externaltools.gnu-tools-for-stm32.14.3.rel1.win32_1.0.100.202602081740/tools/bin/../lib/gcc/arm-none-eabi/14.3.1/thumb/v7e-m+dp/hard/crti.o
                0x08010f8c                _init
 .init          0x08010f90        0x8 C:/ST/STM32CubeIDE_2.1.0/STM32CubeIDE/plugins/com.st.stm32cube.ide.mcu.externaltools.gnu-tools-for-stm32.14.3.rel1.win32_1.0.100.202602081740/tools/bin/../lib/gcc/arm-none-eabi/14.3.1/thumb/v7e-m+dp/hard/crtn.o
 *(.fini)
 .fini          0x08010f98        0x4 C:/ST/STM32CubeIDE_2.1.0/STM32CubeIDE/plugins/com.st.stm32cube.ide.mcu.externaltools.gnu-tools-for-stm32.14.3.rel1.win32_1.0.100.202602081740/tools/bin/../lib/gcc/arm-none-eabi/14.3.1/thumb/v7e-m+dp/hard/crti.o
                0x08010f98                _fini
 .fini          0x08010f9c        0x8 C:/ST/STM32CubeIDE_2.1.0/STM32CubeIDE/plugins/com.st.stm32cube.ide.mcu.externaltools.gnu-tools-for-stm32.14.3.rel1.win32_1.0.100.202602081740/tools/bin/../lib/gcc/arm-none-eabi/14.3.1/thumb/v7e-m+dp/hard/crtn.o
                0x08010fa4                        . = ALIGN (0x4)
                0x08010fa4                        _etext = .

.vfp11_veneer   0x08010fa4        0x0
 .vfp11_veneer  0x08010fa4        0x0 linker stubs

.v4_bx          0x08010fa4        0x0
 .v4_bx         0x08010fa4        0x0 linker stubs

.iplt           0x08010fa4        0x0
 .iplt          0x08010fa4        0x0 C:/ST/STM32CubeIDE_2.1.0/STM32CubeIDE/plugins/com.st.stm32cube.ide.mcu.externaltools.gnu-tools-for-stm32.14.3.rel1.win32_1.0.100.202602081740/tools/bin/../lib/gcc/arm-none-eabi/14.3.1/thumb/v7e-m+dp/hard/crtbegin.o

.rodata         0x08010fa4      0x628
                0x08010fa4                        . = ALIGN (0x4)
 *(.rodata)
 .rodata        0x08010fa4       0xee ./Core/Src/main.o
 *fill*         0x08011092        0x2 
 .rodata        0x08011094       0x48 ./Middlewares/Third_Party/FatFs/src/ff.o
 .rodata        0x080110dc       0x46 ./USB_DEVICE/App/usbd_desc.o
 *(.rodata*)
 *fill*         0x08011122        0x2 
 .rodata.AHBPrescTable
                0x08011124       0x10 ./Core/Src/system_stm32f7xx.o
                0x08011124                AHBPrescTable
 .rodata.APBPrescTable
                0x08011134        0x8 ./Core/Src/system_stm32f7xx.o
                0x08011134                APBPrescTable
 .rodata.flagBitshiftOffset.0
                0x0801113c        0x8 ./Drivers/STM32F7xx_HAL_Driver/Src/stm32f7xx_hal_dma.o
 .rodata.SD_Driver
                0x08011144       0x14 ./FATFS/Target/sd_diskio.o
                0x08011144                SD_Driver
 .rodata.ExCvt  0x08011158       0x80 ./Middlewares/Third_Party/FatFs/src/ff.o
 .rodata.LfnOfs
                0x080111d8        0xd ./Middlewares/Third_Party/FatFs/src/ff.o
 *fill*         0x080111e5        0x3 
 .rodata.Tbl    0x080111e8      0x100 ./Middlewares/Third_Party/FatFs/src/option/ccsbcs.o
 .rodata.cvt1.1
                0x080112e8      0x1f2 ./Middlewares/Third_Party/FatFs/src/option/ccsbcs.o
 *fill*         0x080114da        0x2 
 .rodata.cvt2.0
                0x080114dc       0xbc ./Middlewares/Third_Party/FatFs/src/option/ccsbcs.o
 .rodata._svfprintf_r.str1.1
                0x08011598       0x33 C:/ST/STM32CubeIDE_2.1.0/STM32CubeIDE/plugins/com.st.stm32cube.ide.mcu.externaltools.gnu-tools-for-stm32.14.3.rel1.win32_1.0.100.202602081740/tools/bin/../lib/gcc/arm-none-eabi/14.3.1/../../../../arm-none-eabi/lib/thumb/v7e-m+dp/hard\libc_nano.a(libc_a-nano-svfprintf.o)
                                 0x11 (size before relaxing)
 .rodata._printf_i.str1.1
                0x080115cb       0x22 C:/ST/STM32CubeIDE_2.1.0/STM32CubeIDE/plugins/com.st.stm32cube.ide.mcu.externaltools.gnu-tools-for-stm32.14.3.rel1.win32_1.0.100.202602081740/tools/bin/../lib/gcc/arm-none-eabi/14.3.1/../../../../arm-none-eabi/lib/thumb/v7e-m+dp/hard\libc_nano.a(libc_a-nano-vfprintf_i.o)
                0x080115f0                        . = ALIGN (0x4)
 *fill*         0x080115cb        0x1 

.ARM.extab      0x080115cc        0x0
                0x080115cc                        . = ALIGN (0x4)
 *(.ARM.extab* .gnu.linkonce.armextab.*)
                0x080115cc                        . = ALIGN (0x4)

.ARM            0x080115cc        0x8
                0x080115cc                        . = ALIGN (0x4)
                0x080115cc                        __exidx_start = .
 *(.ARM.exidx*)
 .ARM.exidx     0x080115cc        0x8 C:/ST/STM32CubeIDE_2.1.0/STM32CubeIDE/plugins/com.st.stm32cube.ide.mcu.externaltools.gnu-tools-for-stm32.14.3.rel1.win32_1.0.100.202602081740/tools/bin/../lib/gcc/arm-none-eabi/14.3.1/../../../../arm-none-eabi/lib/thumb/v7e-m+dp/hard\libc_nano.a(libc_a-memchr.o)
 .ARM.exidx     0x080115d4        0x0 C:/ST/STM32CubeIDE_2.1.0/STM32CubeIDE/plugins/com.st.stm32cube.ide.mcu.externaltools.gnu-tools-for-stm32.14.3.rel1.win32_1.0.100.202602081740/tools/bin/../lib/gcc/arm-none-eabi/14.3.1/thumb/v7e-m+dp/hard\libgcc.a(_udivmoddi4.o)
                                  0x8 (size before relaxing)
                0x080115d4                        __exidx_end = .
                0x080115d4                        . = ALIGN (0x4)

.preinit_array  0x080115d4        0x0
                0x080115d4                        . = ALIGN (0x4)
                0x080115d4                        PROVIDE (__preinit_array_start = .)
 *(.preinit_array*)
                0x080115d4                        PROVIDE (__preinit_array_end = .)
                0x080115d4                        . = ALIGN (0x4)

.init_array     0x080115d4        0x4
                0x080115d4                        . = ALIGN (0x4)
                0x080115d4                        PROVIDE (__init_array_start = .)
 *(SORT_BY_NAME(.init_array.*))
 *(.init_array*)
 .init_array    0x080115d4        0x4 C:/ST/STM32CubeIDE_2.1.0/STM32CubeIDE/plugins/com.st.stm32cube.ide.mcu.externaltools.gnu-tools-for-stm32.14.3.rel1.win32_1.0.100.202602081740/tools/bin/../lib/gcc/arm-none-eabi/14.3.1/thumb/v7e-m+dp/hard/crtbegin.o
                0x080115d8                        PROVIDE (__init_array_end = .)
                0x080115d8                        . = ALIGN (0x4)

.fini_array     0x080115d8        0x4
                0x080115d8                        . = ALIGN (0x4)
                [!provide]                        PROVIDE (__fini_array_start = .)
 *(SORT_BY_NAME(.fini_array.*))
 *(.fini_array*)
 .fini_array    0x080115d8        0x4 C:/ST/STM32CubeIDE_2.1.0/STM32CubeIDE/plugins/com.st.stm32cube.ide.mcu.externaltools.gnu-tools-for-stm32.14.3.rel1.win32_1.0.100.202602081740/tools/bin/../lib/gcc/arm-none-eabi/14.3.1/thumb/v7e-m+dp/hard/crtbegin.o
                [!provide]                        PROVIDE (__fini_array_end = .)
                0x080115dc                        . = ALIGN (0x4)
                0x080115dc                        _sidata = LOADADDR (.data)

.rel.dyn        0x080115dc        0x0
 .rel.iplt      0x080115dc        0x0 C:/ST/STM32CubeIDE_2.1.0/STM32CubeIDE/plugins/com.st.stm32cube.ide.mcu.externaltools.gnu-tools-for-stm32.14.3.rel1.win32_1.0.100.202602081740/tools/bin/../lib/gcc/arm-none-eabi/14.3.1/thumb/v7e-m+dp/hard/crtbegin.o

.data           0x20000000      0x15c load address 0x080115dc
                0x20000000                        . = ALIGN (0x4)
                0x20000000                        _sdata = .
 *(.data)
 *(.data*)
 .data.SystemCoreClock
                0x20000000        0x4 ./Core/Src/system_stm32f7xx.o
                0x20000000                SystemCoreClock
 .data.uwTickPrio
                0x20000004        0x4 ./Drivers/STM32F7xx_HAL_Driver/Src/stm32f7xx_hal.o
                0x20000004                uwTickPrio
 .data.uwTickFreq
                0x20000008        0x1 ./Drivers/STM32F7xx_HAL_Driver/Src/stm32f7xx_hal.o
                0x20000008                uwTickFreq
 .data.Stat     0x20000009        0x1 ./FATFS/Target/sd_diskio.o
 *fill*         0x2000000a        0x2 
 .data.USBD_CDC_DeviceQualifierDesc
                0x2000000c        0xa ./Middlewares/ST/STM32_USB_Device_Library/Class/CDC/Src/usbd_cdc.o
 *fill*         0x20000016        0x2 
 .data.USBD_CDC
                0x20000018       0x38 ./Middlewares/ST/STM32_USB_Device_Library/Class/CDC/Src/usbd_cdc.o
                0x20000018                USBD_CDC
 .data.USBD_CDC_CfgDesc
                0x20000050       0x43 ./Middlewares/ST/STM32_USB_Device_Library/Class/CDC/Src/usbd_cdc.o
 .data.CDCInEpAdd
                0x20000093        0x1 ./Middlewares/ST/STM32_USB_Device_Library/Class/CDC/Src/usbd_cdc.o
 .data.CDCOutEpAdd
                0x20000094        0x1 ./Middlewares/ST/STM32_USB_Device_Library/Class/CDC/Src/usbd_cdc.o
 .data.CDCCmdEpAdd
                0x20000095        0x1 ./Middlewares/ST/STM32_USB_Device_Library/Class/CDC/Src/usbd_cdc.o
 *fill*         0x20000096        0x2 
 .data.USBD_Interface_fops_FS
                0x20000098       0x14 ./USB_DEVICE/App/usbd_cdc_if.o
                0x20000098                USBD_Interface_fops_FS
 .data.FS_Desc  0x200000ac       0x20 ./USB_DEVICE/App/usbd_desc.o
                0x200000ac                FS_Desc
 .data.USBD_FS_DeviceDesc
                0x200000cc       0x12 ./USB_DEVICE/App/usbd_desc.o
                0x200000cc                USBD_FS_DeviceDesc
 *fill*         0x200000de        0x2 
 .data.USBD_FS_BOSDesc
                0x200000e0        0xc ./USB_DEVICE/App/usbd_desc.o
                0x200000e0                USBD_FS_BOSDesc
 .data.USBD_LangIDDesc
                0x200000ec        0x4 ./USB_DEVICE/App/usbd_desc.o
                0x200000ec                USBD_LangIDDesc
 .data.USBD_StringSerial
                0x200000f0       0x1a ./USB_DEVICE/App/usbd_desc.o
                0x200000f0                USBD_StringSerial
 *fill*         0x2000010a        0x2 
 .data._impure_ptr